Starting parallel batch (offbeamlight) at Fri Aug 28 12:00:51 AM CDT 2026 with 1 workers
Input:  /pnfs/sbnd/scratch/users/munjung/v10_06_00/raw-SBND_DATA_InTimeCosmics_offbeamlight/waveforms
Output: /pnfs/sbnd/scratch/users/munjung/v10_06_00/raw-SBND_DATA_InTimeCosmics_offbeamlight/h5
User memory budget: 37 GiB, currently used: 31 GiB
SKIP (empty waveform.root): 86414685_3
SKIP (no waveform.root): 86414671_start
SKIP (empty waveform.root): 86414700_18
SKIP (empty waveform.root): 86414723_41
Converting 86414724_42 at Fri Aug 28 12:00:51 AM CDT 2026 [worker 2586754]
DONE 86414724_42 at Fri Aug 28 12:03:17 AM CDT 2026
Converting 86414729_47 at Fri Aug 28 12:03:17 AM CDT 2026 [worker 2586754]
SKIP (empty waveform.root): 86414733_51
Starting parallel batch (offbeamlight) at Fri Aug 28 02:48:02 AM CDT 2026 with 2 workers
Input:  /pnfs/sbnd/scratch/users/munjung/v10_06_00/raw-SBND_DATA_InTimeCosmics_offbeamlight/waveforms
Output: /pnfs/sbnd/scratch/users/munjung/v10_06_00/raw-SBND_DATA_InTimeCosmics_offbeamlight/h5
User memory budget: 37 GiB, currently used: 14 GiB
Converting 86414729_47 at Fri Aug 28 02:48:02 AM CDT 2026 [worker 2892381]
Converting 86414735_53 at Fri Aug 28 02:48:02 AM CDT 2026 [worker 2892381]
SKIP (empty waveform.root): 86414738_56
SKIP (empty waveform.root): 86414741_59
DONE 86414735_53 at Fri Aug 28 02:48:48 AM CDT 2026
Converting 86414744_62 at Fri Aug 28 02:48:48 AM CDT 2026 [worker 2892381]
DONE 86414729_47 at Fri Aug 28 02:49:37 AM CDT 2026
Converting 86414745_63 at Fri Aug 28 02:49:37 AM CDT 2026 [worker 2892381]
SKIP (empty waveform.root): 86414748_66
DONE 86414744_62 at Fri Aug 28 02:51:28 AM CDT 2026
Converting 86414749_67 at Fri Aug 28 02:51:28 AM CDT 2026 [worker 2892381]
SKIP (empty waveform.root): 86414750_68
Starting parallel batch (offbeamlight) at Fri Aug 28 02:53:04 AM CDT 2026 with 3 workers
Input:  /pnfs/sbnd/scratch/users/munjung/v10_06_00/raw-SBND_DATA_InTimeCosmics_offbeamlight/waveforms
Output: /pnfs/sbnd/scratch/users/munjung/v10_06_00/raw-SBND_DATA_InTimeCosmics_offbeamlight/h5
User memory budget: 37 GiB, currently used: 1 GiB
Converting 86414751_69 at Fri Aug 28 02:53:04 AM CDT 2026 [worker 2903902]
SKIP (empty waveform.root): 86414754_72
Converting 86414749_67 at Fri Aug 28 02:53:04 AM CDT 2026 [worker 2903902]
Converting 86414745_63 at Fri Aug 28 02:53:04 AM CDT 2026 [worker 2903902]
DONE 86414751_69 at Fri Aug 28 02:53:40 AM CDT 2026
Converting 86414756_74 at Fri Aug 28 02:53:40 AM CDT 2026 [worker 2903902]
DONE 86414745_63 at Fri Aug 28 02:55:24 AM CDT 2026
Converting 86414757_75 at Fri Aug 28 02:55:24 AM CDT 2026 [worker 2903902]
DONE 86414749_67 at Fri Aug 28 02:55:26 AM CDT 2026
Converting 86414759_77 at Fri Aug 28 02:55:26 AM CDT 2026 [worker 2903902]
DONE 86414756_74 at Fri Aug 28 02:55:38 AM CDT 2026
Converting 86414762_80 at Fri Aug 28 02:55:38 AM CDT 2026 [worker 2903902]
DONE 86414759_77 at Fri Aug 28 02:56:02 AM CDT 2026
Converting 86414763_81 at Fri Aug 28 02:56:02 AM CDT 2026 [worker 2903902]
SKIP (empty waveform.root): 86414767_85
SKIP (empty waveform.root): 86414768_86
SKIP (empty waveform.root): 86414769_87
SKIP (empty waveform.root): 86414772_90
DONE 86414763_81 at Fri Aug 28 02:56:42 AM CDT 2026
Converting 86414773_91 at Fri Aug 28 02:56:42 AM CDT 2026 [worker 2903902]
SKIP (empty waveform.root): 86414774_92
SKIP (empty waveform.root): 86414775_93
SKIP (empty waveform.root): 86414776_94
SKIP (empty waveform.root): 86414777_95
DONE 86414762_80 at Fri Aug 28 02:56:55 AM CDT 2026
Converting 86414779_97 at Fri Aug 28 02:56:56 AM CDT 2026 [worker 2903902]
DONE 86414757_75 at Fri Aug 28 02:57:45 AM CDT 2026
Converting 86414780_98 at Fri Aug 28 02:57:45 AM CDT 2026 [worker 2903902]
SKIP (empty waveform.root): 86414781_99
FAILED 86414780_98 at Fri Aug 28 02:58:05 AM CDT 2026
Converting 86414783_100 at Fri Aug 28 02:58:05 AM CDT 2026 [worker 2903902]
