Starting parallel batch (raw) at Fri Aug 28 12:06:02 AM CDT 2026 with 3 workers
Input:  /pnfs/sbnd/scratch/users/munjung/v10_06_00/raw/waveforms
Output: /pnfs/sbnd/scratch/users/munjung/v10_06_00/raw/h5
User memory budget: 37 GiB, currently used: 2 GiB
Converting 86413898_1201 at Fri Aug 28 12:06:03 AM CDT 2026 [worker 2596511]
Converting 86413898_1202 at Fri Aug 28 12:06:03 AM CDT 2026 [worker 2596511]
Converting 86413898_1200 at Fri Aug 28 12:06:03 AM CDT 2026 [worker 2596511]
DONE 86413898_1202 at Fri Aug 28 12:06:39 AM CDT 2026
DONE 86413898_1201 at Fri Aug 28 12:06:39 AM CDT 2026
Converting 86413898_1450 at Fri Aug 28 12:06:39 AM CDT 2026 [worker 2596511]
Converting 86413898_1452 at Fri Aug 28 12:06:40 AM CDT 2026 [worker 2596511]
DONE 86413898_1200 at Fri Aug 28 12:06:44 AM CDT 2026
Converting 86413898_1453 at Fri Aug 28 12:06:44 AM CDT 2026 [worker 2596511]
DONE 86413898_1450 at Fri Aug 28 12:07:13 AM CDT 2026
Converting 86413898_1454 at Fri Aug 28 12:07:13 AM CDT 2026 [worker 2596511]
DONE 86413898_1452 at Fri Aug 28 12:07:14 AM CDT 2026
Converting 86413898_1455 at Fri Aug 28 12:07:14 AM CDT 2026 [worker 2596511]
DONE 86413898_1453 at Fri Aug 28 12:07:19 AM CDT 2026
Converting 86413898_1456 at Fri Aug 28 12:07:19 AM CDT 2026 [worker 2596511]
DONE 86413898_1455 at Fri Aug 28 12:07:56 AM CDT 2026
Converting 86413898_1457 at Fri Aug 28 12:07:56 AM CDT 2026 [worker 2596511]
DONE 86413898_1454 at Fri Aug 28 12:08:00 AM CDT 2026
Converting 86413898_1458 at Fri Aug 28 12:08:00 AM CDT 2026 [worker 2596511]
DONE 86413898_1456 at Fri Aug 28 12:08:08 AM CDT 2026
Converting 86413898_1459 at Fri Aug 28 12:08:08 AM CDT 2026 [worker 2596511]
DONE 86413898_1457 at Fri Aug 28 12:08:39 AM CDT 2026
Converting 86413898_146 at Fri Aug 28 12:08:39 AM CDT 2026 [worker 2596511]
DONE 86413898_1458 at Fri Aug 28 12:08:42 AM CDT 2026
Converting 86413898_1460 at Fri Aug 28 12:08:42 AM CDT 2026 [worker 2596511]
DONE 86413898_1459 at Fri Aug 28 12:08:51 AM CDT 2026
Converting 86413898_1461 at Fri Aug 28 12:08:51 AM CDT 2026 [worker 2596511]
DONE 86413898_146 at Fri Aug 28 12:09:21 AM CDT 2026
Converting 86413898_1462 at Fri Aug 28 12:09:21 AM CDT 2026 [worker 2596511]
DONE 86413898_1460 at Fri Aug 28 12:09:25 AM CDT 2026
Converting 86413898_1463 at Fri Aug 28 12:09:25 AM CDT 2026 [worker 2596511]
DONE 86413898_1461 at Fri Aug 28 12:09:32 AM CDT 2026
Converting 86413898_1464 at Fri Aug 28 12:09:32 AM CDT 2026 [worker 2596511]
DONE 86413898_1462 at Fri Aug 28 12:10:01 AM CDT 2026
Converting 86413898_1465 at Fri Aug 28 12:10:01 AM CDT 2026 [worker 2596511]
DONE 86413898_1463 at Fri Aug 28 12:10:05 AM CDT 2026
Converting 86413898_1466 at Fri Aug 28 12:10:05 AM CDT 2026 [worker 2596511]
DONE 86413898_1464 at Fri Aug 28 12:10:12 AM CDT 2026
Converting 86413898_1467 at Fri Aug 28 12:10:12 AM CDT 2026 [worker 2596511]
DONE 86413898_1465 at Fri Aug 28 12:10:44 AM CDT 2026
Converting 86413898_1468 at Fri Aug 28 12:10:45 AM CDT 2026 [worker 2596511]
DONE 86413898_1466 at Fri Aug 28 12:10:55 AM CDT 2026
Converting 86413898_1469 at Fri Aug 28 12:10:55 AM CDT 2026 [worker 2596511]
DONE 86413898_1467 at Fri Aug 28 12:10:57 AM CDT 2026
Converting 86413898_147 at Fri Aug 28 12:10:57 AM CDT 2026 [worker 2596511]
DONE 86413898_1468 at Fri Aug 28 12:11:25 AM CDT 2026
Converting 86413898_1470 at Fri Aug 28 12:11:25 AM CDT 2026 [worker 2596511]
DONE 86413898_1469 at Fri Aug 28 12:11:44 AM CDT 2026
Converting 86413898_1471 at Fri Aug 28 12:11:44 AM CDT 2026 [worker 2596511]
DONE 86413898_147 at Fri Aug 28 12:11:46 AM CDT 2026
Converting 86413898_1472 at Fri Aug 28 12:11:46 AM CDT 2026 [worker 2596511]
DONE 86413898_1470 at Fri Aug 28 12:12:14 AM CDT 2026
Converting 86413898_1473 at Fri Aug 28 12:12:14 AM CDT 2026 [worker 2596511]
DONE 86413898_1471 at Fri Aug 28 12:12:24 AM CDT 2026
Converting 86413898_1474 at Fri Aug 28 12:12:24 AM CDT 2026 [worker 2596511]
DONE 86413898_1472 at Fri Aug 28 12:12:31 AM CDT 2026
Converting 86413898_1475 at Fri Aug 28 12:12:31 AM CDT 2026 [worker 2596511]
DONE 86413898_1473 at Fri Aug 28 12:12:54 AM CDT 2026
Converting 86413898_1476 at Fri Aug 28 12:12:54 AM CDT 2026 [worker 2596511]
DONE 86413898_1474 at Fri Aug 28 12:13:08 AM CDT 2026
Converting 86413898_1477 at Fri Aug 28 12:13:08 AM CDT 2026 [worker 2596511]
DONE 86413898_1475 at Fri Aug 28 12:13:14 AM CDT 2026
Converting 86413898_1478 at Fri Aug 28 12:13:14 AM CDT 2026 [worker 2596511]
DONE 86413898_1476 at Fri Aug 28 12:13:35 AM CDT 2026
Converting 86413898_1479 at Fri Aug 28 12:13:35 AM CDT 2026 [worker 2596511]
DONE 86413898_1477 at Fri Aug 28 12:13:49 AM CDT 2026
Converting 86413898_148 at Fri Aug 28 12:13:49 AM CDT 2026 [worker 2596511]
DONE 86413898_1478 at Fri Aug 28 12:13:58 AM CDT 2026
Converting 86413898_1480 at Fri Aug 28 12:13:59 AM CDT 2026 [worker 2596511]
DONE 86413898_1479 at Fri Aug 28 12:14:17 AM CDT 2026
Converting 86413898_1481 at Fri Aug 28 12:14:17 AM CDT 2026 [worker 2596511]
DONE 86413898_148 at Fri Aug 28 12:14:31 AM CDT 2026
Converting 86413898_1482 at Fri Aug 28 12:14:31 AM CDT 2026 [worker 2596511]
DONE 86413898_1480 at Fri Aug 28 12:14:47 AM CDT 2026
Converting 86413898_1483 at Fri Aug 28 12:14:47 AM CDT 2026 [worker 2596511]
DONE 86413898_1481 at Fri Aug 28 12:14:57 AM CDT 2026
Converting 86413898_1484 at Fri Aug 28 12:14:57 AM CDT 2026 [worker 2596511]
DONE 86413898_1482 at Fri Aug 28 12:15:14 AM CDT 2026
Converting 86413898_1485 at Fri Aug 28 12:15:14 AM CDT 2026 [worker 2596511]
DONE 86413898_1483 at Fri Aug 28 12:15:37 AM CDT 2026
Converting 86413898_1486 at Fri Aug 28 12:15:37 AM CDT 2026 [worker 2596511]
DONE 86413898_1484 at Fri Aug 28 12:15:45 AM CDT 2026
Converting 86413898_1487 at Fri Aug 28 12:15:45 AM CDT 2026 [worker 2596511]
DONE 86413898_1485 at Fri Aug 28 12:15:59 AM CDT 2026
Converting 86413898_1488 at Fri Aug 28 12:15:59 AM CDT 2026 [worker 2596511]
DONE 86413898_1486 at Fri Aug 28 12:16:21 AM CDT 2026
Converting 86413898_1489 at Fri Aug 28 12:16:21 AM CDT 2026 [worker 2596511]
DONE 86413898_1487 at Fri Aug 28 12:16:33 AM CDT 2026
Converting 86413898_149 at Fri Aug 28 12:16:33 AM CDT 2026 [worker 2596511]
DONE 86413898_1488 at Fri Aug 28 12:16:41 AM CDT 2026
Converting 86413898_1490 at Fri Aug 28 12:16:41 AM CDT 2026 [worker 2596511]
DONE 86413898_1489 at Fri Aug 28 12:17:13 AM CDT 2026
Converting 86413898_1491 at Fri Aug 28 12:17:13 AM CDT 2026 [worker 2596511]
DONE 86413898_149 at Fri Aug 28 12:17:17 AM CDT 2026
Converting 86413898_1492 at Fri Aug 28 12:17:17 AM CDT 2026 [worker 2596511]
DONE 86413898_1490 at Fri Aug 28 12:17:25 AM CDT 2026
Converting 86413898_1493 at Fri Aug 28 12:17:25 AM CDT 2026 [worker 2596511]
DONE 86413898_1491 at Fri Aug 28 12:17:57 AM CDT 2026
Converting 86413898_1494 at Fri Aug 28 12:17:57 AM CDT 2026 [worker 2596511]
DONE 86413898_1492 at Fri Aug 28 12:17:59 AM CDT 2026
Converting 86413898_1495 at Fri Aug 28 12:17:59 AM CDT 2026 [worker 2596511]
DONE 86413898_1493 at Fri Aug 28 12:18:14 AM CDT 2026
Converting 86413898_1496 at Fri Aug 28 12:18:14 AM CDT 2026 [worker 2596511]
DONE 86413898_1494 at Fri Aug 28 12:18:29 AM CDT 2026
Converting 86413898_1497 at Fri Aug 28 12:18:29 AM CDT 2026 [worker 2596511]
DONE 86413898_1495 at Fri Aug 28 12:18:41 AM CDT 2026
Converting 86413898_1498 at Fri Aug 28 12:18:41 AM CDT 2026 [worker 2596511]
DONE 86413898_1496 at Fri Aug 28 12:18:57 AM CDT 2026
Converting 86413898_1499 at Fri Aug 28 12:18:57 AM CDT 2026 [worker 2596511]
DONE 86413898_1497 at Fri Aug 28 12:19:15 AM CDT 2026
Converting 86413898_15 at Fri Aug 28 12:19:15 AM CDT 2026 [worker 2596511]
DONE 86413898_1498 at Fri Aug 28 12:19:45 AM CDT 2026
Converting 86413898_150 at Fri Aug 28 12:19:45 AM CDT 2026 [worker 2596511]
DONE 86413898_1499 at Fri Aug 28 12:19:49 AM CDT 2026
Converting 86413898_1500 at Fri Aug 28 12:19:49 AM CDT 2026 [worker 2596511]
DONE 86413898_15 at Fri Aug 28 12:20:01 AM CDT 2026
Converting 86413898_1501 at Fri Aug 28 12:20:01 AM CDT 2026 [worker 2596511]
DONE 86413898_150 at Fri Aug 28 12:20:29 AM CDT 2026
Converting 86413898_1502 at Fri Aug 28 12:20:29 AM CDT 2026 [worker 2596511]
DONE 86413898_1500 at Fri Aug 28 12:20:35 AM CDT 2026
Converting 86413898_1503 at Fri Aug 28 12:20:35 AM CDT 2026 [worker 2596511]
DONE 86413898_1501 at Fri Aug 28 12:20:44 AM CDT 2026
Converting 86413898_1504 at Fri Aug 28 12:20:44 AM CDT 2026 [worker 2596511]
DONE 86413898_1502 at Fri Aug 28 12:21:06 AM CDT 2026
Converting 86413898_1505 at Fri Aug 28 12:21:06 AM CDT 2026 [worker 2596511]
DONE 86413898_1504 at Fri Aug 28 12:21:23 AM CDT 2026
Converting 86413898_1506 at Fri Aug 28 12:21:24 AM CDT 2026 [worker 2596511]
DONE 86413898_1503 at Fri Aug 28 12:21:43 AM CDT 2026
Converting 86413898_1507 at Fri Aug 28 12:21:43 AM CDT 2026 [worker 2596511]
DONE 86413898_1505 at Fri Aug 28 12:22:12 AM CDT 2026
Converting 86413898_1508 at Fri Aug 28 12:22:12 AM CDT 2026 [worker 2596511]
DONE 86413898_1506 at Fri Aug 28 12:22:16 AM CDT 2026
Converting 86413898_1509 at Fri Aug 28 12:22:16 AM CDT 2026 [worker 2596511]
DONE 86413898_1507 at Fri Aug 28 12:22:42 AM CDT 2026
Converting 86413898_151 at Fri Aug 28 12:22:42 AM CDT 2026 [worker 2596511]
DONE 86413898_1508 at Fri Aug 28 12:22:51 AM CDT 2026
Converting 86413898_1510 at Fri Aug 28 12:22:51 AM CDT 2026 [worker 2596511]
DONE 86413898_1509 at Fri Aug 28 12:22:55 AM CDT 2026
Converting 86413898_1511 at Fri Aug 28 12:22:55 AM CDT 2026 [worker 2596511]
DONE 86413898_151 at Fri Aug 28 12:23:24 AM CDT 2026
Converting 86413898_1512 at Fri Aug 28 12:23:24 AM CDT 2026 [worker 2596511]
DONE 86413898_1511 at Fri Aug 28 12:23:37 AM CDT 2026
Converting 86413898_1513 at Fri Aug 28 12:23:37 AM CDT 2026 [worker 2596511]
DONE 86413898_1510 at Fri Aug 28 12:23:43 AM CDT 2026
Converting 86413898_1514 at Fri Aug 28 12:23:43 AM CDT 2026 [worker 2596511]
DONE 86413898_1512 at Fri Aug 28 12:24:15 AM CDT 2026
Converting 86413898_1515 at Fri Aug 28 12:24:15 AM CDT 2026 [worker 2596511]
DONE 86413898_1513 at Fri Aug 28 12:24:23 AM CDT 2026
Converting 86413898_1516 at Fri Aug 28 12:24:23 AM CDT 2026 [worker 2596511]
DONE 86413898_1514 at Fri Aug 28 12:24:30 AM CDT 2026
Converting 86413898_1517 at Fri Aug 28 12:24:30 AM CDT 2026 [worker 2596511]
DONE 86413898_1515 at Fri Aug 28 12:24:59 AM CDT 2026
Converting 86413898_1518 at Fri Aug 28 12:24:59 AM CDT 2026 [worker 2596511]
DONE 86413898_1516 at Fri Aug 28 12:25:16 AM CDT 2026
Converting 86413898_1519 at Fri Aug 28 12:25:16 AM CDT 2026 [worker 2596511]
DONE 86413898_1517 at Fri Aug 28 12:25:16 AM CDT 2026
Converting 86413898_152 at Fri Aug 28 12:25:16 AM CDT 2026 [worker 2596511]
DONE 86413898_1518 at Fri Aug 28 12:25:51 AM CDT 2026
Converting 86413898_1520 at Fri Aug 28 12:25:51 AM CDT 2026 [worker 2596511]
DONE 86413898_152 at Fri Aug 28 12:25:56 AM CDT 2026
Converting 86413898_1521 at Fri Aug 28 12:25:57 AM CDT 2026 [worker 2596511]
DONE 86413898_1519 at Fri Aug 28 12:26:03 AM CDT 2026
Converting 86413898_1522 at Fri Aug 28 12:26:03 AM CDT 2026 [worker 2596511]
DONE 86413898_1520 at Fri Aug 28 12:26:39 AM CDT 2026
Converting 86413898_1523 at Fri Aug 28 12:26:39 AM CDT 2026 [worker 2596511]
DONE 86413898_1521 at Fri Aug 28 12:26:40 AM CDT 2026
Converting 86413898_1524 at Fri Aug 28 12:26:40 AM CDT 2026 [worker 2596511]
DONE 86413898_1522 at Fri Aug 28 12:26:48 AM CDT 2026
Converting 86413898_1525 at Fri Aug 28 12:26:48 AM CDT 2026 [worker 2596511]
DONE 86413898_1524 at Fri Aug 28 12:27:22 AM CDT 2026
Converting 86413898_1526 at Fri Aug 28 12:27:22 AM CDT 2026 [worker 2596511]
DONE 86413898_1523 at Fri Aug 28 12:27:25 AM CDT 2026
Converting 86413898_1527 at Fri Aug 28 12:27:25 AM CDT 2026 [worker 2596511]
DONE 86413898_1525 at Fri Aug 28 12:27:40 AM CDT 2026
Converting 86413898_1528 at Fri Aug 28 12:27:40 AM CDT 2026 [worker 2596511]
DONE 86413898_1526 at Fri Aug 28 12:28:00 AM CDT 2026
Converting 86413898_1529 at Fri Aug 28 12:28:00 AM CDT 2026 [worker 2596511]
DONE 86413898_1527 at Fri Aug 28 12:28:09 AM CDT 2026
Converting 86413898_153 at Fri Aug 28 12:28:09 AM CDT 2026 [worker 2596511]
DONE 86413898_1528 at Fri Aug 28 12:28:18 AM CDT 2026
Converting 86413898_1530 at Fri Aug 28 12:28:18 AM CDT 2026 [worker 2596511]
DONE 86413898_1529 at Fri Aug 28 12:28:43 AM CDT 2026
Converting 86413898_1531 at Fri Aug 28 12:28:43 AM CDT 2026 [worker 2596511]
DONE 86413898_153 at Fri Aug 28 12:28:51 AM CDT 2026
Converting 86413898_1532 at Fri Aug 28 12:28:51 AM CDT 2026 [worker 2596511]
DONE 86413898_1530 at Fri Aug 28 12:29:00 AM CDT 2026
Converting 86413898_1533 at Fri Aug 28 12:29:00 AM CDT 2026 [worker 2596511]
DONE 86413898_1531 at Fri Aug 28 12:29:24 AM CDT 2026
Converting 86413898_1534 at Fri Aug 28 12:29:24 AM CDT 2026 [worker 2596511]
DONE 86413898_1532 at Fri Aug 28 12:29:33 AM CDT 2026
Converting 86413898_1535 at Fri Aug 28 12:29:33 AM CDT 2026 [worker 2596511]
DONE 86413898_1533 at Fri Aug 28 12:29:43 AM CDT 2026
Converting 86413898_1536 at Fri Aug 28 12:29:43 AM CDT 2026 [worker 2596511]
DONE 86413898_1534 at Fri Aug 28 12:30:09 AM CDT 2026
Converting 86413898_1537 at Fri Aug 28 12:30:09 AM CDT 2026 [worker 2596511]
DONE 86413898_1535 at Fri Aug 28 12:30:17 AM CDT 2026
Converting 86413898_1538 at Fri Aug 28 12:30:17 AM CDT 2026 [worker 2596511]
DONE 86413898_1536 at Fri Aug 28 12:30:29 AM CDT 2026
Converting 86413898_1539 at Fri Aug 28 12:30:29 AM CDT 2026 [worker 2596511]
DONE 86413898_1537 at Fri Aug 28 12:30:50 AM CDT 2026
Converting 86413898_154 at Fri Aug 28 12:30:50 AM CDT 2026 [worker 2596511]
DONE 86413898_1539 at Fri Aug 28 12:30:53 AM CDT 2026
Converting 86413898_1540 at Fri Aug 28 12:30:53 AM CDT 2026 [worker 2596511]
DONE 86413898_1538 at Fri Aug 28 12:31:09 AM CDT 2026
Converting 86413898_1541 at Fri Aug 28 12:31:09 AM CDT 2026 [worker 2596511]
DONE 86413898_1540 at Fri Aug 28 12:31:36 AM CDT 2026
Converting 86413898_1542 at Fri Aug 28 12:31:36 AM CDT 2026 [worker 2596511]
DONE 86413898_154 at Fri Aug 28 12:31:45 AM CDT 2026
Converting 86413898_1543 at Fri Aug 28 12:31:45 AM CDT 2026 [worker 2596511]
DONE 86413898_1541 at Fri Aug 28 12:32:01 AM CDT 2026
Converting 86413898_1544 at Fri Aug 28 12:32:01 AM CDT 2026 [worker 2596511]
DONE 86413898_1542 at Fri Aug 28 12:32:18 AM CDT 2026
Converting 86413898_1545 at Fri Aug 28 12:32:18 AM CDT 2026 [worker 2596511]
DONE 86413898_1545 at Fri Aug 28 12:32:21 AM CDT 2026
Converting 86413898_1546 at Fri Aug 28 12:32:21 AM CDT 2026 [worker 2596511]
DONE 86413898_1543 at Fri Aug 28 12:32:27 AM CDT 2026
Converting 86413898_1547 at Fri Aug 28 12:32:27 AM CDT 2026 [worker 2596511]
DONE 86413898_1544 at Fri Aug 28 12:32:42 AM CDT 2026
Converting 86413898_1548 at Fri Aug 28 12:32:42 AM CDT 2026 [worker 2596511]
DONE 86413898_1546 at Fri Aug 28 12:33:03 AM CDT 2026
Converting 86413898_1549 at Fri Aug 28 12:33:03 AM CDT 2026 [worker 2596511]
DONE 86413898_1547 at Fri Aug 28 12:33:10 AM CDT 2026
Converting 86413898_155 at Fri Aug 28 12:33:10 AM CDT 2026 [worker 2596511]
DONE 86413898_1548 at Fri Aug 28 12:33:32 AM CDT 2026
Converting 86413898_1550 at Fri Aug 28 12:33:32 AM CDT 2026 [worker 2596511]
DONE 86413898_1549 at Fri Aug 28 12:33:44 AM CDT 2026
Converting 86413898_1551 at Fri Aug 28 12:33:44 AM CDT 2026 [worker 2596511]
DONE 86413898_155 at Fri Aug 28 12:33:50 AM CDT 2026
Converting 86413898_1552 at Fri Aug 28 12:33:50 AM CDT 2026 [worker 2596511]
DONE 86413898_1550 at Fri Aug 28 12:34:25 AM CDT 2026
Converting 86413898_1553 at Fri Aug 28 12:34:25 AM CDT 2026 [worker 2596511]
DONE 86413898_1551 at Fri Aug 28 12:34:30 AM CDT 2026
Converting 86413898_1554 at Fri Aug 28 12:34:30 AM CDT 2026 [worker 2596511]
DONE 86413898_1552 at Fri Aug 28 12:34:37 AM CDT 2026
Converting 86413898_1555 at Fri Aug 28 12:34:37 AM CDT 2026 [worker 2596511]
DONE 86413898_1553 at Fri Aug 28 12:35:14 AM CDT 2026
Converting 86413898_1556 at Fri Aug 28 12:35:14 AM CDT 2026 [worker 2596511]
DONE 86413898_1554 at Fri Aug 28 12:35:16 AM CDT 2026
Converting 86413898_1557 at Fri Aug 28 12:35:16 AM CDT 2026 [worker 2596511]
DONE 86413898_1555 at Fri Aug 28 12:35:30 AM CDT 2026
Converting 86413898_1558 at Fri Aug 28 12:35:30 AM CDT 2026 [worker 2596511]
DONE 86413898_1556 at Fri Aug 28 12:35:55 AM CDT 2026
Converting 86413898_1559 at Fri Aug 28 12:35:55 AM CDT 2026 [worker 2596511]
DONE 86413898_1557 at Fri Aug 28 12:35:57 AM CDT 2026
Converting 86413898_156 at Fri Aug 28 12:35:57 AM CDT 2026 [worker 2596511]
DONE 86413898_1558 at Fri Aug 28 12:36:12 AM CDT 2026
Converting 86413898_1560 at Fri Aug 28 12:36:12 AM CDT 2026 [worker 2596511]
DONE 86413898_1559 at Fri Aug 28 12:36:37 AM CDT 2026
Converting 86413898_1561 at Fri Aug 28 12:36:37 AM CDT 2026 [worker 2596511]
DONE 86413898_156 at Fri Aug 28 12:36:44 AM CDT 2026
Converting 86413898_1562 at Fri Aug 28 12:36:44 AM CDT 2026 [worker 2596511]
DONE 86413898_1560 at Fri Aug 28 12:36:53 AM CDT 2026
Converting 86413898_1563 at Fri Aug 28 12:36:53 AM CDT 2026 [worker 2596511]
DONE 86413898_1561 at Fri Aug 28 12:37:17 AM CDT 2026
Converting 86413898_1564 at Fri Aug 28 12:37:17 AM CDT 2026 [worker 2596511]
DONE 86413898_1562 at Fri Aug 28 12:37:24 AM CDT 2026
Converting 86413898_1565 at Fri Aug 28 12:37:25 AM CDT 2026 [worker 2596511]
DONE 86413898_1563 at Fri Aug 28 12:37:42 AM CDT 2026
Converting 86413898_1566 at Fri Aug 28 12:37:42 AM CDT 2026 [worker 2596511]
DONE 86413898_1564 at Fri Aug 28 12:38:08 AM CDT 2026
Converting 86413898_1567 at Fri Aug 28 12:38:08 AM CDT 2026 [worker 2596511]
DONE 86413898_1565 at Fri Aug 28 12:38:09 AM CDT 2026
Converting 86413898_1568 at Fri Aug 28 12:38:09 AM CDT 2026 [worker 2596511]
DONE 86413898_1566 at Fri Aug 28 12:38:28 AM CDT 2026
Converting 86413898_1569 at Fri Aug 28 12:38:28 AM CDT 2026 [worker 2596511]
DONE 86413898_1567 at Fri Aug 28 12:38:50 AM CDT 2026
Converting 86413898_157 at Fri Aug 28 12:38:50 AM CDT 2026 [worker 2596511]
DONE 86413898_1568 at Fri Aug 28 12:38:53 AM CDT 2026
Converting 86413898_1570 at Fri Aug 28 12:38:53 AM CDT 2026 [worker 2596511]
DONE 86413898_1569 at Fri Aug 28 12:39:21 AM CDT 2026
Converting 86413898_1571 at Fri Aug 28 12:39:21 AM CDT 2026 [worker 2596511]
DONE 86413898_1570 at Fri Aug 28 12:39:32 AM CDT 2026
Converting 86413898_1572 at Fri Aug 28 12:39:32 AM CDT 2026 [worker 2596511]
DONE 86413898_157 at Fri Aug 28 12:39:45 AM CDT 2026
Converting 86413898_1573 at Fri Aug 28 12:39:45 AM CDT 2026 [worker 2596511]
DONE 86413898_1571 at Fri Aug 28 12:40:07 AM CDT 2026
Converting 86413898_1574 at Fri Aug 28 12:40:07 AM CDT 2026 [worker 2596511]
DONE 86413898_1572 at Fri Aug 28 12:40:15 AM CDT 2026
Converting 86413898_1575 at Fri Aug 28 12:40:15 AM CDT 2026 [worker 2596511]
DONE 86413898_1573 at Fri Aug 28 12:40:26 AM CDT 2026
Converting 86413898_1576 at Fri Aug 28 12:40:27 AM CDT 2026 [worker 2596511]
DONE 86413898_1574 at Fri Aug 28 12:40:46 AM CDT 2026
Converting 86413898_1577 at Fri Aug 28 12:40:46 AM CDT 2026 [worker 2596511]
DONE 86413898_1575 at Fri Aug 28 12:41:01 AM CDT 2026
Converting 86413898_1578 at Fri Aug 28 12:41:01 AM CDT 2026 [worker 2596511]
DONE 86413898_1576 at Fri Aug 28 12:41:13 AM CDT 2026
Converting 86413898_1579 at Fri Aug 28 12:41:13 AM CDT 2026 [worker 2596511]
DONE 86413898_1577 at Fri Aug 28 12:41:25 AM CDT 2026
Converting 86413898_158 at Fri Aug 28 12:41:25 AM CDT 2026 [worker 2596511]
DONE 86413898_1578 at Fri Aug 28 12:41:46 AM CDT 2026
Converting 86413898_1580 at Fri Aug 28 12:41:46 AM CDT 2026 [worker 2596511]
DONE 86413898_1579 at Fri Aug 28 12:41:58 AM CDT 2026
Converting 86413898_1581 at Fri Aug 28 12:41:58 AM CDT 2026 [worker 2596511]
DONE 86413898_158 at Fri Aug 28 12:42:07 AM CDT 2026
Converting 86413898_1582 at Fri Aug 28 12:42:07 AM CDT 2026 [worker 2596511]
DONE 86413898_1580 at Fri Aug 28 12:42:32 AM CDT 2026
Converting 86413898_1583 at Fri Aug 28 12:42:32 AM CDT 2026 [worker 2596511]
DONE 86413898_1581 at Fri Aug 28 12:42:40 AM CDT 2026
Converting 86413898_1584 at Fri Aug 28 12:42:40 AM CDT 2026 [worker 2596511]
DONE 86413898_1582 at Fri Aug 28 12:42:51 AM CDT 2026
Converting 86413898_1585 at Fri Aug 28 12:42:51 AM CDT 2026 [worker 2596511]
DONE 86413898_1583 at Fri Aug 28 12:43:15 AM CDT 2026
Converting 86413898_1586 at Fri Aug 28 12:43:15 AM CDT 2026 [worker 2596511]
DONE 86413898_1584 at Fri Aug 28 12:43:23 AM CDT 2026
Converting 86413898_1587 at Fri Aug 28 12:43:23 AM CDT 2026 [worker 2596511]
DONE 86413898_1585 at Fri Aug 28 12:43:33 AM CDT 2026
Converting 86413898_1588 at Fri Aug 28 12:43:33 AM CDT 2026 [worker 2596511]
DONE 86413898_1586 at Fri Aug 28 12:44:09 AM CDT 2026
Converting 86413898_1589 at Fri Aug 28 12:44:09 AM CDT 2026 [worker 2596511]
DONE 86413898_1587 at Fri Aug 28 12:44:09 AM CDT 2026
Converting 86413898_159 at Fri Aug 28 12:44:09 AM CDT 2026 [worker 2596511]
DONE 86413898_1588 at Fri Aug 28 12:44:18 AM CDT 2026
Converting 86413898_1590 at Fri Aug 28 12:44:18 AM CDT 2026 [worker 2596511]
DONE 86413898_1589 at Fri Aug 28 12:44:52 AM CDT 2026
Converting 86413898_1591 at Fri Aug 28 12:44:52 AM CDT 2026 [worker 2596511]
DONE 86413898_159 at Fri Aug 28 12:44:55 AM CDT 2026
Converting 86413898_1592 at Fri Aug 28 12:44:55 AM CDT 2026 [worker 2596511]
DONE 86413898_1590 at Fri Aug 28 12:44:59 AM CDT 2026
Converting 86413898_1593 at Fri Aug 28 12:44:59 AM CDT 2026 [worker 2596511]
DONE 86413898_1591 at Fri Aug 28 12:45:34 AM CDT 2026
Converting 86413898_1594 at Fri Aug 28 12:45:34 AM CDT 2026 [worker 2596511]
DONE 86413898_1592 at Fri Aug 28 12:45:36 AM CDT 2026
Converting 86413898_1595 at Fri Aug 28 12:45:36 AM CDT 2026 [worker 2596511]
DONE 86413898_1593 at Fri Aug 28 12:45:44 AM CDT 2026
Converting 86413898_1596 at Fri Aug 28 12:45:44 AM CDT 2026 [worker 2596511]
Starting parallel batch (raw) at Fri Aug 28 12:48:32 AM CDT 2026 with 3 workers
Input:  /pnfs/sbnd/scratch/users/munjung/v10_06_00/raw/waveforms
Output: /pnfs/sbnd/scratch/users/munjung/v10_06_00/raw/h5
User memory budget: 37 GiB, currently used: 2 GiB
Converting 86413898_1596 at Fri Aug 28 12:48:33 AM CDT 2026 [worker 2676132]
Converting 86413898_1594 at Fri Aug 28 12:48:33 AM CDT 2026 [worker 2676132]
Converting 86413898_1595 at Fri Aug 28 12:48:33 AM CDT 2026 [worker 2676132]
DONE 86413898_1595 at Fri Aug 28 12:49:11 AM CDT 2026
Converting 86413898_1597 at Fri Aug 28 12:49:11 AM CDT 2026 [worker 2676132]
DONE 86413898_1594 at Fri Aug 28 12:49:11 AM CDT 2026
Converting 86413898_1598 at Fri Aug 28 12:49:11 AM CDT 2026 [worker 2676132]
DONE 86413898_1596 at Fri Aug 28 12:49:12 AM CDT 2026
Converting 86413898_1599 at Fri Aug 28 12:49:12 AM CDT 2026 [worker 2676132]
DONE 86413898_1597 at Fri Aug 28 12:49:52 AM CDT 2026
Converting 86413898_16 at Fri Aug 28 12:49:52 AM CDT 2026 [worker 2676132]
DONE 86413898_1598 at Fri Aug 28 12:49:52 AM CDT 2026
Converting 86413898_160 at Fri Aug 28 12:49:52 AM CDT 2026 [worker 2676132]
DONE 86413898_1599 at Fri Aug 28 12:49:53 AM CDT 2026
Converting 86413898_1600 at Fri Aug 28 12:49:53 AM CDT 2026 [worker 2676132]
DONE 86413898_160 at Fri Aug 28 12:50:31 AM CDT 2026
Converting 86413898_1601 at Fri Aug 28 12:50:31 AM CDT 2026 [worker 2676132]
DONE 86413898_1600 at Fri Aug 28 12:50:37 AM CDT 2026
Converting 86413898_1602 at Fri Aug 28 12:50:37 AM CDT 2026 [worker 2676132]
DONE 86413898_16 at Fri Aug 28 12:50:44 AM CDT 2026
Converting 86413898_1603 at Fri Aug 28 12:50:44 AM CDT 2026 [worker 2676132]
DONE 86413898_1601 at Fri Aug 28 12:51:16 AM CDT 2026
Converting 86413898_1604 at Fri Aug 28 12:51:16 AM CDT 2026 [worker 2676132]
DONE 86413898_1602 at Fri Aug 28 12:51:22 AM CDT 2026
Converting 86413898_1605 at Fri Aug 28 12:51:22 AM CDT 2026 [worker 2676132]
DONE 86413898_1603 at Fri Aug 28 12:51:26 AM CDT 2026
Converting 86413898_1606 at Fri Aug 28 12:51:26 AM CDT 2026 [worker 2676132]
DONE 86413898_1604 at Fri Aug 28 12:51:56 AM CDT 2026
Converting 86413898_1607 at Fri Aug 28 12:51:56 AM CDT 2026 [worker 2676132]
DONE 86413898_1606 at Fri Aug 28 12:52:08 AM CDT 2026
Converting 86413898_1608 at Fri Aug 28 12:52:08 AM CDT 2026 [worker 2676132]
DONE 86413898_1605 at Fri Aug 28 12:52:20 AM CDT 2026
Converting 86413898_1609 at Fri Aug 28 12:52:20 AM CDT 2026 [worker 2676132]
DONE 86413898_1607 at Fri Aug 28 12:52:45 AM CDT 2026
Converting 86413898_161 at Fri Aug 28 12:52:46 AM CDT 2026 [worker 2676132]
DONE 86413898_1608 at Fri Aug 28 12:52:56 AM CDT 2026
Converting 86413898_1610 at Fri Aug 28 12:52:56 AM CDT 2026 [worker 2676132]
DONE 86413898_1609 at Fri Aug 28 12:53:02 AM CDT 2026
Converting 86413898_1611 at Fri Aug 28 12:53:02 AM CDT 2026 [worker 2676132]
DONE 86413898_161 at Fri Aug 28 12:53:26 AM CDT 2026
Converting 86413898_1612 at Fri Aug 28 12:53:26 AM CDT 2026 [worker 2676132]
DONE 86413898_1610 at Fri Aug 28 12:53:57 AM CDT 2026
Converting 86413898_1613 at Fri Aug 28 12:53:57 AM CDT 2026 [worker 2676132]
DONE 86413898_1611 at Fri Aug 28 12:53:57 AM CDT 2026
Converting 86413898_1614 at Fri Aug 28 12:53:57 AM CDT 2026 [worker 2676132]
DONE 86413898_1612 at Fri Aug 28 12:54:12 AM CDT 2026
Converting 86413898_1615 at Fri Aug 28 12:54:12 AM CDT 2026 [worker 2676132]
DONE 86413898_1613 at Fri Aug 28 12:54:38 AM CDT 2026
Converting 86413898_1616 at Fri Aug 28 12:54:38 AM CDT 2026 [worker 2676132]
DONE 86413898_1614 at Fri Aug 28 12:54:39 AM CDT 2026
Converting 86413898_1617 at Fri Aug 28 12:54:39 AM CDT 2026 [worker 2676132]
DONE 86413898_1615 at Fri Aug 28 12:54:54 AM CDT 2026
Converting 86413898_1618 at Fri Aug 28 12:54:54 AM CDT 2026 [worker 2676132]
DONE 86413898_1617 at Fri Aug 28 12:55:20 AM CDT 2026
Converting 86413898_1619 at Fri Aug 28 12:55:20 AM CDT 2026 [worker 2676132]
DONE 86413898_1616 at Fri Aug 28 12:55:26 AM CDT 2026
Converting 86413898_162 at Fri Aug 28 12:55:26 AM CDT 2026 [worker 2676132]
DONE 86413898_1618 at Fri Aug 28 12:55:40 AM CDT 2026
Converting 86413898_1620 at Fri Aug 28 12:55:40 AM CDT 2026 [worker 2676132]
DONE 86413898_1619 at Fri Aug 28 12:56:07 AM CDT 2026
Converting 86413898_1621 at Fri Aug 28 12:56:07 AM CDT 2026 [worker 2676132]
DONE 86413898_162 at Fri Aug 28 12:56:12 AM CDT 2026
Converting 86413898_1622 at Fri Aug 28 12:56:12 AM CDT 2026 [worker 2676132]
DONE 86413898_1620 at Fri Aug 28 12:56:26 AM CDT 2026
Converting 86413898_1623 at Fri Aug 28 12:56:26 AM CDT 2026 [worker 2676132]
DONE 86413898_1621 at Fri Aug 28 12:56:47 AM CDT 2026
Converting 86413898_1624 at Fri Aug 28 12:56:47 AM CDT 2026 [worker 2676132]
DONE 86413898_1622 at Fri Aug 28 12:56:56 AM CDT 2026
Converting 86413898_1625 at Fri Aug 28 12:56:56 AM CDT 2026 [worker 2676132]
DONE 86413898_1623 at Fri Aug 28 12:57:09 AM CDT 2026
Converting 86413898_1626 at Fri Aug 28 12:57:09 AM CDT 2026 [worker 2676132]
DONE 86413898_1624 at Fri Aug 28 12:57:34 AM CDT 2026
Converting 86413898_1627 at Fri Aug 28 12:57:34 AM CDT 2026 [worker 2676132]
DONE 86413898_1625 at Fri Aug 28 12:57:45 AM CDT 2026
Converting 86413898_1628 at Fri Aug 28 12:57:45 AM CDT 2026 [worker 2676132]
DONE 86413898_1626 at Fri Aug 28 12:57:54 AM CDT 2026
Converting 86413898_1629 at Fri Aug 28 12:57:54 AM CDT 2026 [worker 2676132]
DONE 86413898_1627 at Fri Aug 28 12:58:15 AM CDT 2026
Converting 86413898_163 at Fri Aug 28 12:58:15 AM CDT 2026 [worker 2676132]
DONE 86413898_1628 at Fri Aug 28 12:58:31 AM CDT 2026
Converting 86413898_1630 at Fri Aug 28 12:58:31 AM CDT 2026 [worker 2676132]
DONE 86413898_1629 at Fri Aug 28 12:58:36 AM CDT 2026
Converting 86413898_1631 at Fri Aug 28 12:58:36 AM CDT 2026 [worker 2676132]
DONE 86413898_1631 at Fri Aug 28 12:58:42 AM CDT 2026
Converting 86413898_1632 at Fri Aug 28 12:58:42 AM CDT 2026 [worker 2676132]
DONE 86413898_163 at Fri Aug 28 12:59:12 AM CDT 2026
Converting 86413898_1633 at Fri Aug 28 12:59:12 AM CDT 2026 [worker 2676132]
DONE 86413898_1630 at Fri Aug 28 12:59:17 AM CDT 2026
Converting 86413898_1634 at Fri Aug 28 12:59:17 AM CDT 2026 [worker 2676132]
DONE 86413898_1632 at Fri Aug 28 12:59:28 AM CDT 2026
Converting 86413898_1635 at Fri Aug 28 12:59:28 AM CDT 2026 [worker 2676132]
DONE 86413898_1633 at Fri Aug 28 01:00:05 AM CDT 2026
Converting 86413898_1636 at Fri Aug 28 01:00:05 AM CDT 2026 [worker 2676132]
DONE 86413898_1634 at Fri Aug 28 01:00:07 AM CDT 2026
Converting 86413898_1637 at Fri Aug 28 01:00:07 AM CDT 2026 [worker 2676132]
DONE 86413898_1635 at Fri Aug 28 01:00:13 AM CDT 2026
Converting 86413898_1638 at Fri Aug 28 01:00:13 AM CDT 2026 [worker 2676132]
DONE 86413898_1636 at Fri Aug 28 01:00:54 AM CDT 2026
Converting 86413898_1639 at Fri Aug 28 01:00:54 AM CDT 2026 [worker 2676132]
DONE 86413898_1637 at Fri Aug 28 01:00:55 AM CDT 2026
Converting 86413898_164 at Fri Aug 28 01:00:55 AM CDT 2026 [worker 2676132]
DONE 86413898_1638 at Fri Aug 28 01:00:56 AM CDT 2026
Converting 86413898_1640 at Fri Aug 28 01:00:57 AM CDT 2026 [worker 2676132]
DONE 86413898_1640 at Fri Aug 28 01:01:40 AM CDT 2026
Converting 86413898_1641 at Fri Aug 28 01:01:40 AM CDT 2026 [worker 2676132]
DONE 86413898_164 at Fri Aug 28 01:01:40 AM CDT 2026
Converting 86413898_1642 at Fri Aug 28 01:01:40 AM CDT 2026 [worker 2676132]
DONE 86413898_1639 at Fri Aug 28 01:01:40 AM CDT 2026
Converting 86413898_1643 at Fri Aug 28 01:01:40 AM CDT 2026 [worker 2676132]
DONE 86413898_1642 at Fri Aug 28 01:02:22 AM CDT 2026
Converting 86413898_1644 at Fri Aug 28 01:02:22 AM CDT 2026 [worker 2676132]
DONE 86413898_1641 at Fri Aug 28 01:02:25 AM CDT 2026
Converting 86413898_1645 at Fri Aug 28 01:02:25 AM CDT 2026 [worker 2676132]
DONE 86413898_1643 at Fri Aug 28 01:02:26 AM CDT 2026
Converting 86413898_1646 at Fri Aug 28 01:02:26 AM CDT 2026 [worker 2676132]
DONE 86413898_1644 at Fri Aug 28 01:03:01 AM CDT 2026
Converting 86413898_1647 at Fri Aug 28 01:03:01 AM CDT 2026 [worker 2676132]
DONE 86413898_1645 at Fri Aug 28 01:03:05 AM CDT 2026
Converting 86413898_1648 at Fri Aug 28 01:03:05 AM CDT 2026 [worker 2676132]
DONE 86413898_1646 at Fri Aug 28 01:03:20 AM CDT 2026
Converting 86413898_1649 at Fri Aug 28 01:03:20 AM CDT 2026 [worker 2676132]
DONE 86413898_1647 at Fri Aug 28 01:03:44 AM CDT 2026
Converting 86413898_165 at Fri Aug 28 01:03:44 AM CDT 2026 [worker 2676132]
DONE 86413898_1648 at Fri Aug 28 01:03:46 AM CDT 2026
Converting 86413898_1650 at Fri Aug 28 01:03:46 AM CDT 2026 [worker 2676132]
DONE 86413898_1649 at Fri Aug 28 01:04:05 AM CDT 2026
Converting 86413898_1651 at Fri Aug 28 01:04:05 AM CDT 2026 [worker 2676132]
DONE 86413898_165 at Fri Aug 28 01:04:23 AM CDT 2026
Converting 86413898_1652 at Fri Aug 28 01:04:23 AM CDT 2026 [worker 2676132]
DONE 86413898_1650 at Fri Aug 28 01:04:28 AM CDT 2026
Converting 86413898_1653 at Fri Aug 28 01:04:28 AM CDT 2026 [worker 2676132]
DONE 86413898_1651 at Fri Aug 28 01:05:00 AM CDT 2026
Converting 86413898_1654 at Fri Aug 28 01:05:00 AM CDT 2026 [worker 2676132]
DONE 86413898_1652 at Fri Aug 28 01:05:06 AM CDT 2026
Converting 86413898_1655 at Fri Aug 28 01:05:06 AM CDT 2026 [worker 2676132]
DONE 86413898_1653 at Fri Aug 28 01:05:11 AM CDT 2026
Converting 86413898_1656 at Fri Aug 28 01:05:12 AM CDT 2026 [worker 2676132]
DONE 86413898_1655 at Fri Aug 28 01:05:48 AM CDT 2026
Converting 86413898_1657 at Fri Aug 28 01:05:48 AM CDT 2026 [worker 2676132]
DONE 86413898_1656 at Fri Aug 28 01:05:52 AM CDT 2026
Converting 86413898_1658 at Fri Aug 28 01:05:53 AM CDT 2026 [worker 2676132]
DONE 86413898_1654 at Fri Aug 28 01:06:06 AM CDT 2026
Converting 86413898_1659 at Fri Aug 28 01:06:06 AM CDT 2026 [worker 2676132]
DONE 86413898_1657 at Fri Aug 28 01:06:29 AM CDT 2026
Converting 86413898_166 at Fri Aug 28 01:06:29 AM CDT 2026 [worker 2676132]
DONE 86413898_1658 at Fri Aug 28 01:06:36 AM CDT 2026
Converting 86413898_1660 at Fri Aug 28 01:06:36 AM CDT 2026 [worker 2676132]
DONE 86413898_1659 at Fri Aug 28 01:06:47 AM CDT 2026
Converting 86413898_1661 at Fri Aug 28 01:06:47 AM CDT 2026 [worker 2676132]
DONE 86413898_166 at Fri Aug 28 01:07:10 AM CDT 2026
Converting 86413898_1662 at Fri Aug 28 01:07:10 AM CDT 2026 [worker 2676132]
DONE 86413898_1660 at Fri Aug 28 01:07:28 AM CDT 2026
Converting 86413898_1663 at Fri Aug 28 01:07:28 AM CDT 2026 [worker 2676132]
DONE 86413898_1661 at Fri Aug 28 01:07:31 AM CDT 2026
Converting 86413898_1664 at Fri Aug 28 01:07:31 AM CDT 2026 [worker 2676132]
DONE 86413898_1662 at Fri Aug 28 01:08:02 AM CDT 2026
Converting 86413898_1665 at Fri Aug 28 01:08:02 AM CDT 2026 [worker 2676132]
DONE 86413898_1663 at Fri Aug 28 01:08:10 AM CDT 2026
Converting 86413898_1666 at Fri Aug 28 01:08:10 AM CDT 2026 [worker 2676132]
DONE 86413898_1664 at Fri Aug 28 01:08:15 AM CDT 2026
Converting 86413898_1667 at Fri Aug 28 01:08:15 AM CDT 2026 [worker 2676132]
DONE 86413898_1665 at Fri Aug 28 01:08:51 AM CDT 2026
Converting 86413898_1668 at Fri Aug 28 01:08:51 AM CDT 2026 [worker 2676132]
DONE 86413898_1666 at Fri Aug 28 01:08:55 AM CDT 2026
Converting 86413898_1669 at Fri Aug 28 01:08:55 AM CDT 2026 [worker 2676132]
DONE 86413898_1667 at Fri Aug 28 01:08:59 AM CDT 2026
Converting 86413898_167 at Fri Aug 28 01:08:59 AM CDT 2026 [worker 2676132]
DONE 86413898_1669 at Fri Aug 28 01:09:35 AM CDT 2026
Converting 86413898_1670 at Fri Aug 28 01:09:35 AM CDT 2026 [worker 2676132]
DONE 86413898_167 at Fri Aug 28 01:09:42 AM CDT 2026
Converting 86413898_1671 at Fri Aug 28 01:09:42 AM CDT 2026 [worker 2676132]
DONE 86413898_1668 at Fri Aug 28 01:09:42 AM CDT 2026
Converting 86413898_1672 at Fri Aug 28 01:09:42 AM CDT 2026 [worker 2676132]
DONE 86413898_1670 at Fri Aug 28 01:10:17 AM CDT 2026
Converting 86413898_1673 at Fri Aug 28 01:10:17 AM CDT 2026 [worker 2676132]
DONE 86413898_1672 at Fri Aug 28 01:10:25 AM CDT 2026
Converting 86413898_1674 at Fri Aug 28 01:10:25 AM CDT 2026 [worker 2676132]
DONE 86413898_1671 at Fri Aug 28 01:10:32 AM CDT 2026
Converting 86413898_1675 at Fri Aug 28 01:10:32 AM CDT 2026 [worker 2676132]
DONE 86413898_1673 at Fri Aug 28 01:11:02 AM CDT 2026
Converting 86413898_1676 at Fri Aug 28 01:11:02 AM CDT 2026 [worker 2676132]
DONE 86413898_1674 at Fri Aug 28 01:11:08 AM CDT 2026
Converting 86413898_1677 at Fri Aug 28 01:11:08 AM CDT 2026 [worker 2676132]
DONE 86413898_1675 at Fri Aug 28 01:11:22 AM CDT 2026
Converting 86413898_1678 at Fri Aug 28 01:11:22 AM CDT 2026 [worker 2676132]
DONE 86413898_1676 at Fri Aug 28 01:11:41 AM CDT 2026
Converting 86413898_1679 at Fri Aug 28 01:11:41 AM CDT 2026 [worker 2676132]
DONE 86413898_1677 at Fri Aug 28 01:11:51 AM CDT 2026
Converting 86413898_168 at Fri Aug 28 01:11:51 AM CDT 2026 [worker 2676132]
DONE 86413898_1678 at Fri Aug 28 01:12:13 AM CDT 2026
Converting 86413898_1680 at Fri Aug 28 01:12:13 AM CDT 2026 [worker 2676132]
DONE 86413898_1679 at Fri Aug 28 01:12:22 AM CDT 2026
Converting 86413898_1681 at Fri Aug 28 01:12:22 AM CDT 2026 [worker 2676132]
DONE 86413898_168 at Fri Aug 28 01:12:32 AM CDT 2026
Converting 86413898_1682 at Fri Aug 28 01:12:32 AM CDT 2026 [worker 2676132]
DONE 86413898_1680 at Fri Aug 28 01:12:54 AM CDT 2026
Converting 86413898_1683 at Fri Aug 28 01:12:54 AM CDT 2026 [worker 2676132]
DONE 86413898_1681 at Fri Aug 28 01:13:17 AM CDT 2026
Converting 86413898_1684 at Fri Aug 28 01:13:17 AM CDT 2026 [worker 2676132]
DONE 86413898_1682 at Fri Aug 28 01:13:21 AM CDT 2026
Converting 86413898_1685 at Fri Aug 28 01:13:21 AM CDT 2026 [worker 2676132]
DONE 86413898_1683 at Fri Aug 28 01:13:29 AM CDT 2026
Converting 86413898_1686 at Fri Aug 28 01:13:29 AM CDT 2026 [worker 2676132]
DONE 86413898_1685 at Fri Aug 28 01:14:07 AM CDT 2026
Converting 86413898_1687 at Fri Aug 28 01:14:07 AM CDT 2026 [worker 2676132]
DONE 86413898_1686 at Fri Aug 28 01:14:12 AM CDT 2026
Converting 86413898_1688 at Fri Aug 28 01:14:12 AM CDT 2026 [worker 2676132]
DONE 86413898_1684 at Fri Aug 28 01:14:16 AM CDT 2026
Converting 86413898_1689 at Fri Aug 28 01:14:16 AM CDT 2026 [worker 2676132]
DONE 86413898_1687 at Fri Aug 28 01:14:53 AM CDT 2026
Converting 86413898_169 at Fri Aug 28 01:14:53 AM CDT 2026 [worker 2676132]
DONE 86413898_1689 at Fri Aug 28 01:14:56 AM CDT 2026
Converting 86413898_1690 at Fri Aug 28 01:14:56 AM CDT 2026 [worker 2676132]
DONE 86413898_1688 at Fri Aug 28 01:15:14 AM CDT 2026
Converting 86413898_1691 at Fri Aug 28 01:15:14 AM CDT 2026 [worker 2676132]
DONE 86413898_169 at Fri Aug 28 01:15:32 AM CDT 2026
Converting 86413898_1692 at Fri Aug 28 01:15:32 AM CDT 2026 [worker 2676132]
DONE 86413898_1690 at Fri Aug 28 01:15:36 AM CDT 2026
Converting 86413898_1693 at Fri Aug 28 01:15:36 AM CDT 2026 [worker 2676132]
DONE 86413898_1691 at Fri Aug 28 01:16:13 AM CDT 2026
Converting 86413898_1694 at Fri Aug 28 01:16:13 AM CDT 2026 [worker 2676132]
DONE 86413898_1692 at Fri Aug 28 01:16:18 AM CDT 2026
Converting 86413898_1695 at Fri Aug 28 01:16:19 AM CDT 2026 [worker 2676132]
DONE 86413898_1693 at Fri Aug 28 01:16:20 AM CDT 2026
Converting 86413898_1696 at Fri Aug 28 01:16:20 AM CDT 2026 [worker 2676132]
DONE 86413898_1694 at Fri Aug 28 01:16:59 AM CDT 2026
Converting 86413898_1697 at Fri Aug 28 01:16:59 AM CDT 2026 [worker 2676132]
DONE 86413898_1695 at Fri Aug 28 01:17:02 AM CDT 2026
Converting 86413898_1698 at Fri Aug 28 01:17:02 AM CDT 2026 [worker 2676132]
DONE 86413898_1696 at Fri Aug 28 01:17:08 AM CDT 2026
Converting 86413898_1699 at Fri Aug 28 01:17:08 AM CDT 2026 [worker 2676132]
DONE 86413898_1698 at Fri Aug 28 01:17:43 AM CDT 2026
Converting 86413898_17 at Fri Aug 28 01:17:43 AM CDT 2026 [worker 2676132]
DONE 86413898_1697 at Fri Aug 28 01:17:47 AM CDT 2026
Converting 86413898_170 at Fri Aug 28 01:17:47 AM CDT 2026 [worker 2676132]
DONE 86413898_1699 at Fri Aug 28 01:17:53 AM CDT 2026
Converting 86413898_1700 at Fri Aug 28 01:17:53 AM CDT 2026 [worker 2676132]
DONE 86413898_17 at Fri Aug 28 01:18:23 AM CDT 2026
Converting 86413898_1701 at Fri Aug 28 01:18:23 AM CDT 2026 [worker 2676132]
DONE 86413898_170 at Fri Aug 28 01:18:29 AM CDT 2026
Converting 86413898_1702 at Fri Aug 28 01:18:29 AM CDT 2026 [worker 2676132]
DONE 86413898_1700 at Fri Aug 28 01:18:34 AM CDT 2026
Converting 86413898_1703 at Fri Aug 28 01:18:34 AM CDT 2026 [worker 2676132]
DONE 86413898_1701 at Fri Aug 28 01:19:05 AM CDT 2026
Converting 86413898_1704 at Fri Aug 28 01:19:05 AM CDT 2026 [worker 2676132]
DONE 86413898_1702 at Fri Aug 28 01:19:15 AM CDT 2026
Converting 86413898_1705 at Fri Aug 28 01:19:15 AM CDT 2026 [worker 2676132]
DONE 86413898_1703 at Fri Aug 28 01:19:26 AM CDT 2026
Converting 86413898_1706 at Fri Aug 28 01:19:26 AM CDT 2026 [worker 2676132]
DONE 86413898_1705 at Fri Aug 28 01:19:31 AM CDT 2026
Converting 86413898_1707 at Fri Aug 28 01:19:31 AM CDT 2026 [worker 2676132]
DONE 86413898_1704 at Fri Aug 28 01:19:43 AM CDT 2026
Converting 86413898_1708 at Fri Aug 28 01:19:43 AM CDT 2026 [worker 2676132]
DONE 86413898_1707 at Fri Aug 28 01:19:52 AM CDT 2026
Converting 86413898_1709 at Fri Aug 28 01:19:52 AM CDT 2026 [worker 2676132]
DONE 86413898_1706 at Fri Aug 28 01:20:16 AM CDT 2026
Converting 86413898_171 at Fri Aug 28 01:20:16 AM CDT 2026 [worker 2676132]
DONE 86413898_1708 at Fri Aug 28 01:20:28 AM CDT 2026
Converting 86413898_1710 at Fri Aug 28 01:20:28 AM CDT 2026 [worker 2676132]
DONE 86413898_1709 at Fri Aug 28 01:20:37 AM CDT 2026
Converting 86413898_1711 at Fri Aug 28 01:20:37 AM CDT 2026 [worker 2676132]
DONE 86413898_1710 at Fri Aug 28 01:21:20 AM CDT 2026
Converting 86413898_1712 at Fri Aug 28 01:21:20 AM CDT 2026 [worker 2676132]
DONE 86413898_171 at Fri Aug 28 01:21:21 AM CDT 2026
Converting 86413898_1713 at Fri Aug 28 01:21:21 AM CDT 2026 [worker 2676132]
DONE 86413898_1711 at Fri Aug 28 01:21:26 AM CDT 2026
Converting 86413898_1714 at Fri Aug 28 01:21:26 AM CDT 2026 [worker 2676132]
DONE 86413898_1713 at Fri Aug 28 01:22:02 AM CDT 2026
Converting 86413898_1715 at Fri Aug 28 01:22:02 AM CDT 2026 [worker 2676132]
DONE 86413898_1712 at Fri Aug 28 01:22:03 AM CDT 2026
Converting 86413898_1716 at Fri Aug 28 01:22:03 AM CDT 2026 [worker 2676132]
DONE 86413898_1714 at Fri Aug 28 01:22:15 AM CDT 2026
Converting 86413898_1717 at Fri Aug 28 01:22:15 AM CDT 2026 [worker 2676132]
DONE 86413898_1715 at Fri Aug 28 01:22:43 AM CDT 2026
Converting 86413898_1718 at Fri Aug 28 01:22:43 AM CDT 2026 [worker 2676132]
DONE 86413898_1716 at Fri Aug 28 01:22:47 AM CDT 2026
Converting 86413898_1719 at Fri Aug 28 01:22:47 AM CDT 2026 [worker 2676132]
DONE 86413898_1717 at Fri Aug 28 01:22:54 AM CDT 2026
Converting 86413898_172 at Fri Aug 28 01:22:54 AM CDT 2026 [worker 2676132]
DONE 86413898_1718 at Fri Aug 28 01:23:34 AM CDT 2026
Converting 86413898_1720 at Fri Aug 28 01:23:34 AM CDT 2026 [worker 2676132]
DONE 86413898_1719 at Fri Aug 28 01:23:34 AM CDT 2026
Converting 86413898_1721 at Fri Aug 28 01:23:34 AM CDT 2026 [worker 2676132]
DONE 86413898_172 at Fri Aug 28 01:23:41 AM CDT 2026
Converting 86413898_1722 at Fri Aug 28 01:23:41 AM CDT 2026 [worker 2676132]
DONE 86413898_1721 at Fri Aug 28 01:24:18 AM CDT 2026
Converting 86413898_1723 at Fri Aug 28 01:24:18 AM CDT 2026 [worker 2676132]
DONE 86413898_1720 at Fri Aug 28 01:24:20 AM CDT 2026
Converting 86413898_1724 at Fri Aug 28 01:24:20 AM CDT 2026 [worker 2676132]
DONE 86413898_1722 at Fri Aug 28 01:24:24 AM CDT 2026
Converting 86413898_1725 at Fri Aug 28 01:24:24 AM CDT 2026 [worker 2676132]
DONE 86413898_1724 at Fri Aug 28 01:25:01 AM CDT 2026
Converting 86413898_1726 at Fri Aug 28 01:25:01 AM CDT 2026 [worker 2676132]
DONE 86413898_1723 at Fri Aug 28 01:25:05 AM CDT 2026
Converting 86413898_1727 at Fri Aug 28 01:25:05 AM CDT 2026 [worker 2676132]
DONE 86413898_1725 at Fri Aug 28 01:25:11 AM CDT 2026
Converting 86413898_1728 at Fri Aug 28 01:25:11 AM CDT 2026 [worker 2676132]
DONE 86413898_1727 at Fri Aug 28 01:25:49 AM CDT 2026
Converting 86413898_1729 at Fri Aug 28 01:25:49 AM CDT 2026 [worker 2676132]
DONE 86413898_1726 at Fri Aug 28 01:25:49 AM CDT 2026
Converting 86413898_173 at Fri Aug 28 01:25:50 AM CDT 2026 [worker 2676132]
DONE 86413898_1728 at Fri Aug 28 01:25:58 AM CDT 2026
Converting 86413898_1730 at Fri Aug 28 01:25:58 AM CDT 2026 [worker 2676132]
DONE 86413898_1729 at Fri Aug 28 01:26:31 AM CDT 2026
Converting 86413898_1731 at Fri Aug 28 01:26:31 AM CDT 2026 [worker 2676132]
DONE 86413898_173 at Fri Aug 28 01:26:37 AM CDT 2026
Converting 86413898_1732 at Fri Aug 28 01:26:37 AM CDT 2026 [worker 2676132]
DONE 86413898_1730 at Fri Aug 28 01:26:46 AM CDT 2026
Converting 86413898_1733 at Fri Aug 28 01:26:46 AM CDT 2026 [worker 2676132]
DONE 86413898_1731 at Fri Aug 28 01:27:07 AM CDT 2026
Converting 86413898_1734 at Fri Aug 28 01:27:07 AM CDT 2026 [worker 2676132]
DONE 86413898_1732 at Fri Aug 28 01:27:19 AM CDT 2026
Converting 86413898_1735 at Fri Aug 28 01:27:19 AM CDT 2026 [worker 2676132]
DONE 86413898_1733 at Fri Aug 28 01:28:01 AM CDT 2026
Converting 86413898_1736 at Fri Aug 28 01:28:01 AM CDT 2026 [worker 2676132]
DONE 86413898_1735 at Fri Aug 28 01:28:07 AM CDT 2026
Converting 86413898_1737 at Fri Aug 28 01:28:07 AM CDT 2026 [worker 2676132]
DONE 86413898_1734 at Fri Aug 28 01:28:09 AM CDT 2026
Converting 86413898_1738 at Fri Aug 28 01:28:09 AM CDT 2026 [worker 2676132]
DONE 86413898_1736 at Fri Aug 28 01:28:44 AM CDT 2026
Converting 86413898_1739 at Fri Aug 28 01:28:44 AM CDT 2026 [worker 2676132]
DONE 86413898_1738 at Fri Aug 28 01:28:51 AM CDT 2026
Converting 86413898_174 at Fri Aug 28 01:28:51 AM CDT 2026 [worker 2676132]
DONE 86413898_1737 at Fri Aug 28 01:28:52 AM CDT 2026
Converting 86413898_1740 at Fri Aug 28 01:28:52 AM CDT 2026 [worker 2676132]
DONE 86413898_174 at Fri Aug 28 01:29:29 AM CDT 2026
Converting 86413898_1741 at Fri Aug 28 01:29:29 AM CDT 2026 [worker 2676132]
DONE 86413898_1739 at Fri Aug 28 01:29:35 AM CDT 2026
Converting 86413898_1742 at Fri Aug 28 01:29:35 AM CDT 2026 [worker 2676132]
DONE 86413898_1740 at Fri Aug 28 01:29:59 AM CDT 2026
Converting 86413898_1743 at Fri Aug 28 01:29:59 AM CDT 2026 [worker 2676132]
DONE 86413898_1741 at Fri Aug 28 01:30:10 AM CDT 2026
Converting 86413898_1744 at Fri Aug 28 01:30:10 AM CDT 2026 [worker 2676132]
DONE 86413898_1742 at Fri Aug 28 01:30:17 AM CDT 2026
Converting 86413898_1745 at Fri Aug 28 01:30:17 AM CDT 2026 [worker 2676132]
DONE 86413898_1743 at Fri Aug 28 01:30:41 AM CDT 2026
Converting 86413898_1746 at Fri Aug 28 01:30:41 AM CDT 2026 [worker 2676132]
DONE 86413898_1744 at Fri Aug 28 01:30:51 AM CDT 2026
Converting 86413898_1747 at Fri Aug 28 01:30:51 AM CDT 2026 [worker 2676132]
DONE 86413898_1745 at Fri Aug 28 01:30:58 AM CDT 2026
Converting 86413898_1748 at Fri Aug 28 01:30:58 AM CDT 2026 [worker 2676132]
DONE 86413898_1746 at Fri Aug 28 01:31:30 AM CDT 2026
Converting 86413898_1749 at Fri Aug 28 01:31:30 AM CDT 2026 [worker 2676132]
DONE 86413898_1747 at Fri Aug 28 01:31:36 AM CDT 2026
Converting 86413898_175 at Fri Aug 28 01:31:36 AM CDT 2026 [worker 2676132]
DONE 86413898_1748 at Fri Aug 28 01:31:44 AM CDT 2026
Converting 86413898_1750 at Fri Aug 28 01:31:44 AM CDT 2026 [worker 2676132]
DONE 86413898_1749 at Fri Aug 28 01:32:19 AM CDT 2026
Converting 86413898_1751 at Fri Aug 28 01:32:19 AM CDT 2026 [worker 2676132]
DONE 86413898_175 at Fri Aug 28 01:32:20 AM CDT 2026
Converting 86413898_1752 at Fri Aug 28 01:32:20 AM CDT 2026 [worker 2676132]
DONE 86413898_1750 at Fri Aug 28 01:32:35 AM CDT 2026
Converting 86413898_1753 at Fri Aug 28 01:32:35 AM CDT 2026 [worker 2676132]
DONE 86413898_1752 at Fri Aug 28 01:33:01 AM CDT 2026
Converting 86413898_1754 at Fri Aug 28 01:33:01 AM CDT 2026 [worker 2676132]
DONE 86413898_1751 at Fri Aug 28 01:33:02 AM CDT 2026
Converting 86413898_1755 at Fri Aug 28 01:33:02 AM CDT 2026 [worker 2676132]
DONE 86413898_1753 at Fri Aug 28 01:33:19 AM CDT 2026
Converting 86413898_1756 at Fri Aug 28 01:33:19 AM CDT 2026 [worker 2676132]
Starting parallel batch (raw) at Fri Aug 28 01:36:05 AM CDT 2026 with 3 workers
Input:  /pnfs/sbnd/scratch/users/munjung/v10_06_00/raw/waveforms
Output: /pnfs/sbnd/scratch/users/munjung/v10_06_00/raw/h5
User memory budget: 37 GiB, currently used: 2 GiB
Converting 86413898_1756 at Fri Aug 28 01:36:06 AM CDT 2026 [worker 2762684]
Converting 86413898_1755 at Fri Aug 28 01:36:06 AM CDT 2026 [worker 2762684]
Converting 86413898_1754 at Fri Aug 28 01:36:06 AM CDT 2026 [worker 2762684]
DONE 86413898_1754 at Fri Aug 28 01:36:42 AM CDT 2026
Converting 86413898_1757 at Fri Aug 28 01:36:42 AM CDT 2026 [worker 2762684]
DONE 86413898_1756 at Fri Aug 28 01:36:45 AM CDT 2026
Converting 86413898_1758 at Fri Aug 28 01:36:45 AM CDT 2026 [worker 2762684]
DONE 86413898_1755 at Fri Aug 28 01:36:45 AM CDT 2026
Converting 86413898_1759 at Fri Aug 28 01:36:45 AM CDT 2026 [worker 2762684]
DONE 86413898_1759 at Fri Aug 28 01:37:25 AM CDT 2026
Converting 86413898_176 at Fri Aug 28 01:37:25 AM CDT 2026 [worker 2762684]
DONE 86413898_1757 at Fri Aug 28 01:37:30 AM CDT 2026
Converting 86413898_1760 at Fri Aug 28 01:37:30 AM CDT 2026 [worker 2762684]
DONE 86413898_1758 at Fri Aug 28 01:37:34 AM CDT 2026
Converting 86413898_1761 at Fri Aug 28 01:37:34 AM CDT 2026 [worker 2762684]
DONE 86413898_176 at Fri Aug 28 01:38:03 AM CDT 2026
Converting 86413898_1762 at Fri Aug 28 01:38:03 AM CDT 2026 [worker 2762684]
DONE 86413898_1760 at Fri Aug 28 01:38:12 AM CDT 2026
Converting 86413898_1763 at Fri Aug 28 01:38:12 AM CDT 2026 [worker 2762684]
DONE 86413898_1761 at Fri Aug 28 01:38:22 AM CDT 2026
Converting 86413898_1764 at Fri Aug 28 01:38:22 AM CDT 2026 [worker 2762684]
DONE 86413898_1762 at Fri Aug 28 01:39:05 AM CDT 2026
Converting 86413898_1765 at Fri Aug 28 01:39:05 AM CDT 2026 [worker 2762684]
DONE 86413898_1764 at Fri Aug 28 01:39:09 AM CDT 2026
Converting 86413898_1766 at Fri Aug 28 01:39:09 AM CDT 2026 [worker 2762684]
DONE 86413898_1763 at Fri Aug 28 01:39:14 AM CDT 2026
Converting 86413898_1767 at Fri Aug 28 01:39:14 AM CDT 2026 [worker 2762684]
DONE 86413898_1766 at Fri Aug 28 01:39:57 AM CDT 2026
Converting 86413898_1768 at Fri Aug 28 01:39:57 AM CDT 2026 [worker 2762684]
DONE 86413898_1767 at Fri Aug 28 01:40:00 AM CDT 2026
Converting 86413898_1769 at Fri Aug 28 01:40:00 AM CDT 2026 [worker 2762684]
DONE 86413898_1765 at Fri Aug 28 01:40:02 AM CDT 2026
Converting 86413898_177 at Fri Aug 28 01:40:02 AM CDT 2026 [worker 2762684]
DONE 86413898_177 at Fri Aug 28 01:40:41 AM CDT 2026
Converting 86413898_1770 at Fri Aug 28 01:40:41 AM CDT 2026 [worker 2762684]
DONE 86413898_1768 at Fri Aug 28 01:41:02 AM CDT 2026
Converting 86413898_1771 at Fri Aug 28 01:41:03 AM CDT 2026 [worker 2762684]
DONE 86413898_1769 at Fri Aug 28 01:41:09 AM CDT 2026
Converting 86413898_1772 at Fri Aug 28 01:41:09 AM CDT 2026 [worker 2762684]
DONE 86413898_1770 at Fri Aug 28 01:41:36 AM CDT 2026
Converting 86413898_1773 at Fri Aug 28 01:41:36 AM CDT 2026 [worker 2762684]
DONE 86413898_1771 at Fri Aug 28 01:41:47 AM CDT 2026
Converting 86413898_1774 at Fri Aug 28 01:41:47 AM CDT 2026 [worker 2762684]
DONE 86413898_1772 at Fri Aug 28 01:41:54 AM CDT 2026
Converting 86413898_1775 at Fri Aug 28 01:41:54 AM CDT 2026 [worker 2762684]
DONE 86413898_1773 at Fri Aug 28 01:42:29 AM CDT 2026
Converting 86413898_1776 at Fri Aug 28 01:42:29 AM CDT 2026 [worker 2762684]
DONE 86413898_1774 at Fri Aug 28 01:42:35 AM CDT 2026
Converting 86413898_1777 at Fri Aug 28 01:42:35 AM CDT 2026 [worker 2762684]
DONE 86413898_1775 at Fri Aug 28 01:42:44 AM CDT 2026
Converting 86413898_1778 at Fri Aug 28 01:42:44 AM CDT 2026 [worker 2762684]
DONE 86413898_1778 at Fri Aug 28 01:42:55 AM CDT 2026
Converting 86413898_1779 at Fri Aug 28 01:42:55 AM CDT 2026 [worker 2762684]
DONE 86413898_1776 at Fri Aug 28 01:43:17 AM CDT 2026
Converting 86413898_178 at Fri Aug 28 01:43:17 AM CDT 2026 [worker 2762684]
DONE 86413898_1777 at Fri Aug 28 01:43:18 AM CDT 2026
Converting 86413898_1780 at Fri Aug 28 01:43:18 AM CDT 2026 [worker 2762684]
DONE 86413898_1779 at Fri Aug 28 01:43:37 AM CDT 2026
Converting 86413898_1781 at Fri Aug 28 01:43:37 AM CDT 2026 [worker 2762684]
DONE 86413898_178 at Fri Aug 28 01:44:06 AM CDT 2026
Converting 86413898_1782 at Fri Aug 28 01:44:06 AM CDT 2026 [worker 2762684]
DONE 86413898_1780 at Fri Aug 28 01:44:12 AM CDT 2026
Converting 86413898_1783 at Fri Aug 28 01:44:12 AM CDT 2026 [worker 2762684]
DONE 86413898_1781 at Fri Aug 28 01:44:22 AM CDT 2026
Converting 86413898_1784 at Fri Aug 28 01:44:22 AM CDT 2026 [worker 2762684]
DONE 86413898_1782 at Fri Aug 28 01:44:55 AM CDT 2026
Converting 86413898_1785 at Fri Aug 28 01:44:55 AM CDT 2026 [worker 2762684]
DONE 86413898_1783 at Fri Aug 28 01:44:56 AM CDT 2026
Converting 86413898_1786 at Fri Aug 28 01:44:56 AM CDT 2026 [worker 2762684]
DONE 86413898_1784 at Fri Aug 28 01:45:12 AM CDT 2026
Converting 86413898_1787 at Fri Aug 28 01:45:12 AM CDT 2026 [worker 2762684]
DONE 86413898_1785 at Fri Aug 28 01:45:36 AM CDT 2026
Converting 86413898_1788 at Fri Aug 28 01:45:36 AM CDT 2026 [worker 2762684]
DONE 86413898_1786 at Fri Aug 28 01:45:45 AM CDT 2026
Converting 86413898_1789 at Fri Aug 28 01:45:45 AM CDT 2026 [worker 2762684]
DONE 86413898_1787 at Fri Aug 28 01:45:52 AM CDT 2026
Converting 86413898_179 at Fri Aug 28 01:45:52 AM CDT 2026 [worker 2762684]
DONE 86413898_1788 at Fri Aug 28 01:46:19 AM CDT 2026
Converting 86413898_1790 at Fri Aug 28 01:46:20 AM CDT 2026 [worker 2762684]
DONE 86413898_1789 at Fri Aug 28 01:46:27 AM CDT 2026
Converting 86413898_1791 at Fri Aug 28 01:46:27 AM CDT 2026 [worker 2762684]
DONE 86413898_179 at Fri Aug 28 01:46:48 AM CDT 2026
Converting 86413898_1793 at Fri Aug 28 01:46:48 AM CDT 2026 [worker 2762684]
DONE 86413898_1790 at Fri Aug 28 01:47:01 AM CDT 2026
Converting 86413898_1794 at Fri Aug 28 01:47:01 AM CDT 2026 [worker 2762684]
DONE 86413898_1794 at Fri Aug 28 01:47:57 AM CDT 2026
Converting 86413898_1795 at Fri Aug 28 01:47:57 AM CDT 2026 [worker 2762684]
DONE 86413898_1791 at Fri Aug 28 01:48:11 AM CDT 2026
Converting 86413898_1796 at Fri Aug 28 01:48:11 AM CDT 2026 [worker 2762684]
DONE 86413898_1793 at Fri Aug 28 01:48:16 AM CDT 2026
Converting 86413898_1797 at Fri Aug 28 01:48:16 AM CDT 2026 [worker 2762684]
DONE 86413898_1795 at Fri Aug 28 01:48:37 AM CDT 2026
Converting 86413898_1798 at Fri Aug 28 01:48:37 AM CDT 2026 [worker 2762684]
DONE 86413898_1796 at Fri Aug 28 01:48:49 AM CDT 2026
Converting 86413898_1799 at Fri Aug 28 01:48:49 AM CDT 2026 [worker 2762684]
DONE 86413898_1797 at Fri Aug 28 01:48:57 AM CDT 2026
Converting 86413898_18 at Fri Aug 28 01:48:57 AM CDT 2026 [worker 2762684]
DONE 86413898_1798 at Fri Aug 28 01:49:29 AM CDT 2026
Converting 86413898_180 at Fri Aug 28 01:49:29 AM CDT 2026 [worker 2762684]
DONE 86413898_1799 at Fri Aug 28 01:49:33 AM CDT 2026
Converting 86413898_1800 at Fri Aug 28 01:49:33 AM CDT 2026 [worker 2762684]
DONE 86413898_18 at Fri Aug 28 01:49:46 AM CDT 2026
Converting 86413898_1801 at Fri Aug 28 01:49:46 AM CDT 2026 [worker 2762684]
DONE 86413898_180 at Fri Aug 28 01:50:09 AM CDT 2026
Converting 86413898_1802 at Fri Aug 28 01:50:09 AM CDT 2026 [worker 2762684]
DONE 86413898_1800 at Fri Aug 28 01:50:19 AM CDT 2026
Converting 86413898_1803 at Fri Aug 28 01:50:19 AM CDT 2026 [worker 2762684]
DONE 86413898_1801 at Fri Aug 28 01:50:26 AM CDT 2026
Converting 86413898_1804 at Fri Aug 28 01:50:26 AM CDT 2026 [worker 2762684]
DONE 86413898_1802 at Fri Aug 28 01:50:58 AM CDT 2026
Converting 86413898_1805 at Fri Aug 28 01:50:58 AM CDT 2026 [worker 2762684]
DONE 86413898_1803 at Fri Aug 28 01:51:02 AM CDT 2026
Converting 86413898_1806 at Fri Aug 28 01:51:02 AM CDT 2026 [worker 2762684]
DONE 86413898_1804 at Fri Aug 28 01:51:12 AM CDT 2026
Converting 86413898_1807 at Fri Aug 28 01:51:12 AM CDT 2026 [worker 2762684]
DONE 86413898_1805 at Fri Aug 28 01:51:43 AM CDT 2026
Converting 86413898_1808 at Fri Aug 28 01:51:43 AM CDT 2026 [worker 2762684]
DONE 86413898_1806 at Fri Aug 28 01:51:45 AM CDT 2026
Converting 86413898_1809 at Fri Aug 28 01:51:45 AM CDT 2026 [worker 2762684]
DONE 86413898_1807 at Fri Aug 28 01:51:57 AM CDT 2026
Converting 86413898_181 at Fri Aug 28 01:51:57 AM CDT 2026 [worker 2762684]
DONE 86413898_1809 at Fri Aug 28 01:52:26 AM CDT 2026
Converting 86413898_1810 at Fri Aug 28 01:52:26 AM CDT 2026 [worker 2762684]
DONE 86413898_1808 at Fri Aug 28 01:52:31 AM CDT 2026
Converting 86413898_1811 at Fri Aug 28 01:52:31 AM CDT 2026 [worker 2762684]
DONE 86413898_181 at Fri Aug 28 01:52:42 AM CDT 2026
Converting 86413898_1812 at Fri Aug 28 01:52:42 AM CDT 2026 [worker 2762684]
DONE 86413898_1810 at Fri Aug 28 01:53:11 AM CDT 2026
Converting 86413898_1813 at Fri Aug 28 01:53:11 AM CDT 2026 [worker 2762684]
DONE 86413898_1811 at Fri Aug 28 01:53:19 AM CDT 2026
Converting 86413898_1814 at Fri Aug 28 01:53:19 AM CDT 2026 [worker 2762684]
DONE 86413898_1812 at Fri Aug 28 01:53:25 AM CDT 2026
Converting 86413898_1815 at Fri Aug 28 01:53:25 AM CDT 2026 [worker 2762684]
DONE 86413898_1813 at Fri Aug 28 01:54:00 AM CDT 2026
Converting 86413898_1816 at Fri Aug 28 01:54:00 AM CDT 2026 [worker 2762684]
DONE 86413898_1815 at Fri Aug 28 01:54:09 AM CDT 2026
Converting 86413898_1817 at Fri Aug 28 01:54:09 AM CDT 2026 [worker 2762684]
DONE 86413898_1814 at Fri Aug 28 01:54:11 AM CDT 2026
Converting 86413898_1818 at Fri Aug 28 01:54:11 AM CDT 2026 [worker 2762684]
DONE 86413898_1816 at Fri Aug 28 01:54:49 AM CDT 2026
Converting 86413898_1819 at Fri Aug 28 01:54:49 AM CDT 2026 [worker 2762684]
DONE 86413898_1818 at Fri Aug 28 01:54:54 AM CDT 2026
DONE 86413898_1817 at Fri Aug 28 01:54:54 AM CDT 2026
Converting 86413898_182 at Fri Aug 28 01:54:54 AM CDT 2026 [worker 2762684]
Converting 86413898_1820 at Fri Aug 28 01:54:54 AM CDT 2026 [worker 2762684]
DONE 86413898_1819 at Fri Aug 28 01:55:35 AM CDT 2026
Converting 86413898_1821 at Fri Aug 28 01:55:35 AM CDT 2026 [worker 2762684]
DONE 86413898_182 at Fri Aug 28 01:55:40 AM CDT 2026
Converting 86413898_1822 at Fri Aug 28 01:55:40 AM CDT 2026 [worker 2762684]
DONE 86413898_1820 at Fri Aug 28 01:55:42 AM CDT 2026
Converting 86413898_1823 at Fri Aug 28 01:55:42 AM CDT 2026 [worker 2762684]
DONE 86413898_1821 at Fri Aug 28 01:56:17 AM CDT 2026
Converting 86413898_1824 at Fri Aug 28 01:56:17 AM CDT 2026 [worker 2762684]
DONE 86413898_1822 at Fri Aug 28 01:56:24 AM CDT 2026
Converting 86413898_1825 at Fri Aug 28 01:56:24 AM CDT 2026 [worker 2762684]
DONE 86413898_1823 at Fri Aug 28 01:56:33 AM CDT 2026
Converting 86413898_1826 at Fri Aug 28 01:56:33 AM CDT 2026 [worker 2762684]
DONE 86413898_1824 at Fri Aug 28 01:57:02 AM CDT 2026
Converting 86413898_1827 at Fri Aug 28 01:57:02 AM CDT 2026 [worker 2762684]
DONE 86413898_1825 at Fri Aug 28 01:57:07 AM CDT 2026
Converting 86413898_1828 at Fri Aug 28 01:57:07 AM CDT 2026 [worker 2762684]
DONE 86413898_1826 at Fri Aug 28 01:57:18 AM CDT 2026
Converting 86413898_1829 at Fri Aug 28 01:57:18 AM CDT 2026 [worker 2762684]
DONE 86413898_1827 at Fri Aug 28 01:57:50 AM CDT 2026
Converting 86413898_183 at Fri Aug 28 01:57:50 AM CDT 2026 [worker 2762684]
DONE 86413898_1828 at Fri Aug 28 01:57:51 AM CDT 2026
Converting 86413898_1830 at Fri Aug 28 01:57:51 AM CDT 2026 [worker 2762684]
DONE 86413898_1829 at Fri Aug 28 01:58:03 AM CDT 2026
Converting 86413898_1831 at Fri Aug 28 01:58:03 AM CDT 2026 [worker 2762684]
DONE 86413898_1830 at Fri Aug 28 01:58:30 AM CDT 2026
Converting 86413898_1832 at Fri Aug 28 01:58:30 AM CDT 2026 [worker 2762684]
DONE 86413898_183 at Fri Aug 28 01:58:32 AM CDT 2026
Converting 86413898_1833 at Fri Aug 28 01:58:32 AM CDT 2026 [worker 2762684]
DONE 86413898_1831 at Fri Aug 28 01:58:57 AM CDT 2026
Converting 86413898_1834 at Fri Aug 28 01:58:57 AM CDT 2026 [worker 2762684]
DONE 86413898_1833 at Fri Aug 28 01:59:13 AM CDT 2026
Converting 86413898_1835 at Fri Aug 28 01:59:13 AM CDT 2026 [worker 2762684]
DONE 86413898_1832 at Fri Aug 28 01:59:13 AM CDT 2026
Converting 86413898_1836 at Fri Aug 28 01:59:13 AM CDT 2026 [worker 2762684]
DONE 86413898_1834 at Fri Aug 28 01:59:39 AM CDT 2026
Converting 86413898_1837 at Fri Aug 28 01:59:39 AM CDT 2026 [worker 2762684]
DONE 86413898_1835 at Fri Aug 28 02:00:01 AM CDT 2026
Converting 86413898_1838 at Fri Aug 28 02:00:01 AM CDT 2026 [worker 2762684]
DONE 86413898_1836 at Fri Aug 28 02:00:03 AM CDT 2026
Converting 86413898_1839 at Fri Aug 28 02:00:03 AM CDT 2026 [worker 2762684]
DONE 86413898_1837 at Fri Aug 28 02:00:19 AM CDT 2026
Converting 86413898_184 at Fri Aug 28 02:00:19 AM CDT 2026 [worker 2762684]
DONE 86413898_1838 at Fri Aug 28 02:00:42 AM CDT 2026
Converting 86413898_1840 at Fri Aug 28 02:00:42 AM CDT 2026 [worker 2762684]
DONE 86413898_1839 at Fri Aug 28 02:00:46 AM CDT 2026
Converting 86413898_1841 at Fri Aug 28 02:00:46 AM CDT 2026 [worker 2762684]
DONE 86413898_184 at Fri Aug 28 02:00:59 AM CDT 2026
Converting 86413898_1842 at Fri Aug 28 02:00:59 AM CDT 2026 [worker 2762684]
DONE 86413898_1840 at Fri Aug 28 02:01:22 AM CDT 2026
Converting 86413898_1843 at Fri Aug 28 02:01:22 AM CDT 2026 [worker 2762684]
DONE 86413898_1841 at Fri Aug 28 02:01:40 AM CDT 2026
Converting 86413898_1844 at Fri Aug 28 02:01:40 AM CDT 2026 [worker 2762684]
DONE 86413898_1842 at Fri Aug 28 02:01:46 AM CDT 2026
Converting 86413898_1845 at Fri Aug 28 02:01:46 AM CDT 2026 [worker 2762684]
DONE 86413898_1843 at Fri Aug 28 02:02:05 AM CDT 2026
Converting 86413898_1846 at Fri Aug 28 02:02:05 AM CDT 2026 [worker 2762684]
DONE 86413898_1844 at Fri Aug 28 02:02:21 AM CDT 2026
Converting 86413898_1847 at Fri Aug 28 02:02:22 AM CDT 2026 [worker 2762684]
DONE 86413898_1845 at Fri Aug 28 02:02:32 AM CDT 2026
Converting 86413898_1848 at Fri Aug 28 02:02:32 AM CDT 2026 [worker 2762684]
DONE 86413898_1846 at Fri Aug 28 02:02:45 AM CDT 2026
Converting 86413898_1849 at Fri Aug 28 02:02:45 AM CDT 2026 [worker 2762684]
DONE 86413898_1847 at Fri Aug 28 02:03:03 AM CDT 2026
Converting 86413898_185 at Fri Aug 28 02:03:03 AM CDT 2026 [worker 2762684]
DONE 86413898_185 at Fri Aug 28 02:03:22 AM CDT 2026
Converting 86413898_1850 at Fri Aug 28 02:03:22 AM CDT 2026 [worker 2762684]
DONE 86413898_1848 at Fri Aug 28 02:03:23 AM CDT 2026
Converting 86413898_1851 at Fri Aug 28 02:03:24 AM CDT 2026 [worker 2762684]
DONE 86413898_1849 at Fri Aug 28 02:03:30 AM CDT 2026
Converting 86413898_1852 at Fri Aug 28 02:03:30 AM CDT 2026 [worker 2762684]
DONE 86413898_1850 at Fri Aug 28 02:04:11 AM CDT 2026
Converting 86413898_1853 at Fri Aug 28 02:04:11 AM CDT 2026 [worker 2762684]
DONE 86413898_1852 at Fri Aug 28 02:04:16 AM CDT 2026
Converting 86413898_1854 at Fri Aug 28 02:04:16 AM CDT 2026 [worker 2762684]
DONE 86413898_1851 at Fri Aug 28 02:04:21 AM CDT 2026
Converting 86413898_1855 at Fri Aug 28 02:04:21 AM CDT 2026 [worker 2762684]
DONE 86413898_1853 at Fri Aug 28 02:04:59 AM CDT 2026
Converting 86413898_1856 at Fri Aug 28 02:04:59 AM CDT 2026 [worker 2762684]
DONE 86413898_1855 at Fri Aug 28 02:05:08 AM CDT 2026
Converting 86413898_1857 at Fri Aug 28 02:05:08 AM CDT 2026 [worker 2762684]
DONE 86413898_1854 at Fri Aug 28 02:05:09 AM CDT 2026
Converting 86413898_1858 at Fri Aug 28 02:05:09 AM CDT 2026 [worker 2762684]
DONE 86413898_1856 at Fri Aug 28 02:05:48 AM CDT 2026
Converting 86413898_1859 at Fri Aug 28 02:05:48 AM CDT 2026 [worker 2762684]
DONE 86413898_1858 at Fri Aug 28 02:05:53 AM CDT 2026
Converting 86413898_186 at Fri Aug 28 02:05:53 AM CDT 2026 [worker 2762684]
DONE 86413898_1857 at Fri Aug 28 02:05:54 AM CDT 2026
Converting 86413898_1860 at Fri Aug 28 02:05:54 AM CDT 2026 [worker 2762684]
DONE 86413898_1859 at Fri Aug 28 02:06:37 AM CDT 2026
Converting 86413898_1861 at Fri Aug 28 02:06:37 AM CDT 2026 [worker 2762684]
DONE 86413898_186 at Fri Aug 28 02:06:42 AM CDT 2026
Converting 86413898_1862 at Fri Aug 28 02:06:42 AM CDT 2026 [worker 2762684]
DONE 86413898_1860 at Fri Aug 28 02:06:44 AM CDT 2026
Converting 86413898_187 at Fri Aug 28 02:06:44 AM CDT 2026 [worker 2762684]
DONE 86413898_1861 at Fri Aug 28 02:07:19 AM CDT 2026
Converting 86413898_188 at Fri Aug 28 02:07:19 AM CDT 2026 [worker 2762684]
DONE 86413898_1862 at Fri Aug 28 02:07:23 AM CDT 2026
Converting 86413898_189 at Fri Aug 28 02:07:23 AM CDT 2026 [worker 2762684]
DONE 86413898_187 at Fri Aug 28 02:07:30 AM CDT 2026
Converting 86413898_19 at Fri Aug 28 02:07:30 AM CDT 2026 [worker 2762684]
DONE 86413898_188 at Fri Aug 28 02:08:01 AM CDT 2026
Converting 86413898_190 at Fri Aug 28 02:08:01 AM CDT 2026 [worker 2762684]
DONE 86413898_189 at Fri Aug 28 02:08:03 AM CDT 2026
Converting 86413898_191 at Fri Aug 28 02:08:03 AM CDT 2026 [worker 2762684]
DONE 86413898_19 at Fri Aug 28 02:08:15 AM CDT 2026
Converting 86413898_192 at Fri Aug 28 02:08:15 AM CDT 2026 [worker 2762684]
DONE 86413898_191 at Fri Aug 28 02:08:48 AM CDT 2026
Converting 86413898_193 at Fri Aug 28 02:08:48 AM CDT 2026 [worker 2762684]
DONE 86413898_190 at Fri Aug 28 02:08:49 AM CDT 2026
Converting 86413898_194 at Fri Aug 28 02:08:49 AM CDT 2026 [worker 2762684]
DONE 86413898_192 at Fri Aug 28 02:09:04 AM CDT 2026
Converting 86413898_195 at Fri Aug 28 02:09:05 AM CDT 2026 [worker 2762684]
DONE 86413898_193 at Fri Aug 28 02:09:27 AM CDT 2026
Converting 86413898_196 at Fri Aug 28 02:09:27 AM CDT 2026 [worker 2762684]
DONE 86413898_194 at Fri Aug 28 02:09:35 AM CDT 2026
Converting 86413898_197 at Fri Aug 28 02:09:35 AM CDT 2026 [worker 2762684]
DONE 86413898_195 at Fri Aug 28 02:09:47 AM CDT 2026
Converting 86413898_198 at Fri Aug 28 02:09:47 AM CDT 2026 [worker 2762684]
DONE 86413898_197 at Fri Aug 28 02:10:18 AM CDT 2026
Converting 86413898_199 at Fri Aug 28 02:10:18 AM CDT 2026 [worker 2762684]
DONE 86413898_196 at Fri Aug 28 02:10:21 AM CDT 2026
Converting 86413898_2 at Fri Aug 28 02:10:21 AM CDT 2026 [worker 2762684]
DONE 86413898_198 at Fri Aug 28 02:10:38 AM CDT 2026
Converting 86413898_20 at Fri Aug 28 02:10:38 AM CDT 2026 [worker 2762684]
DONE 86413898_2 at Fri Aug 28 02:11:10 AM CDT 2026
Converting 86413898_200 at Fri Aug 28 02:11:10 AM CDT 2026 [worker 2762684]
DONE 86413898_199 at Fri Aug 28 02:11:16 AM CDT 2026
Converting 86413898_201 at Fri Aug 28 02:11:16 AM CDT 2026 [worker 2762684]
DONE 86413898_20 at Fri Aug 28 02:11:30 AM CDT 2026
Converting 86413898_202 at Fri Aug 28 02:11:30 AM CDT 2026 [worker 2762684]
DONE 86413898_200 at Fri Aug 28 02:11:48 AM CDT 2026
Converting 86413898_203 at Fri Aug 28 02:11:48 AM CDT 2026 [worker 2762684]
DONE 86413898_201 at Fri Aug 28 02:11:55 AM CDT 2026
Converting 86413898_204 at Fri Aug 28 02:11:55 AM CDT 2026 [worker 2762684]
DONE 86413898_202 at Fri Aug 28 02:12:15 AM CDT 2026
Converting 86413898_205 at Fri Aug 28 02:12:15 AM CDT 2026 [worker 2762684]
DONE 86413898_203 at Fri Aug 28 02:12:31 AM CDT 2026
Converting 86413898_206 at Fri Aug 28 02:12:31 AM CDT 2026 [worker 2762684]
DONE 86413898_204 at Fri Aug 28 02:12:42 AM CDT 2026
Converting 86413898_207 at Fri Aug 28 02:12:42 AM CDT 2026 [worker 2762684]
DONE 86413898_205 at Fri Aug 28 02:13:10 AM CDT 2026
Converting 86413898_208 at Fri Aug 28 02:13:10 AM CDT 2026 [worker 2762684]
DONE 86413898_206 at Fri Aug 28 02:13:15 AM CDT 2026
Converting 86413898_209 at Fri Aug 28 02:13:15 AM CDT 2026 [worker 2762684]
DONE 86413898_207 at Fri Aug 28 02:13:27 AM CDT 2026
Converting 86413898_21 at Fri Aug 28 02:13:27 AM CDT 2026 [worker 2762684]
DONE 86413898_208 at Fri Aug 28 02:13:53 AM CDT 2026
Converting 86413898_210 at Fri Aug 28 02:13:53 AM CDT 2026 [worker 2762684]
DONE 86413898_209 at Fri Aug 28 02:14:06 AM CDT 2026
Converting 86413898_211 at Fri Aug 28 02:14:06 AM CDT 2026 [worker 2762684]
DONE 86413898_21 at Fri Aug 28 02:14:12 AM CDT 2026
Converting 86413898_212 at Fri Aug 28 02:14:12 AM CDT 2026 [worker 2762684]
DONE 86413898_210 at Fri Aug 28 02:14:51 AM CDT 2026
Converting 86413898_213 at Fri Aug 28 02:14:51 AM CDT 2026 [worker 2762684]
DONE 86413898_211 at Fri Aug 28 02:14:53 AM CDT 2026
Converting 86413898_214 at Fri Aug 28 02:14:53 AM CDT 2026 [worker 2762684]
DONE 86413898_212 at Fri Aug 28 02:15:07 AM CDT 2026
Converting 86413898_215 at Fri Aug 28 02:15:07 AM CDT 2026 [worker 2762684]
DONE 86413898_213 at Fri Aug 28 02:15:33 AM CDT 2026
Converting 86413898_216 at Fri Aug 28 02:15:33 AM CDT 2026 [worker 2762684]
DONE 86413898_214 at Fri Aug 28 02:15:38 AM CDT 2026
Converting 86413898_217 at Fri Aug 28 02:15:38 AM CDT 2026 [worker 2762684]
DONE 86413898_215 at Fri Aug 28 02:15:49 AM CDT 2026
Converting 86413898_218 at Fri Aug 28 02:15:49 AM CDT 2026 [worker 2762684]
DONE 86413898_216 at Fri Aug 28 02:16:21 AM CDT 2026
Converting 86413898_219 at Fri Aug 28 02:16:21 AM CDT 2026 [worker 2762684]
DONE 86413898_217 at Fri Aug 28 02:16:26 AM CDT 2026
Converting 86413898_22 at Fri Aug 28 02:16:26 AM CDT 2026 [worker 2762684]
DONE 86413898_218 at Fri Aug 28 02:16:34 AM CDT 2026
Converting 86413898_220 at Fri Aug 28 02:16:34 AM CDT 2026 [worker 2762684]
DONE 86413898_219 at Fri Aug 28 02:17:03 AM CDT 2026
Converting 86413898_221 at Fri Aug 28 02:17:03 AM CDT 2026 [worker 2762684]
DONE 86413898_22 at Fri Aug 28 02:17:12 AM CDT 2026
Converting 86413898_222 at Fri Aug 28 02:17:12 AM CDT 2026 [worker 2762684]
DONE 86413898_220 at Fri Aug 28 02:17:17 AM CDT 2026
Converting 86413898_223 at Fri Aug 28 02:17:17 AM CDT 2026 [worker 2762684]
DONE 86413898_221 at Fri Aug 28 02:17:44 AM CDT 2026
Converting 86413898_224 at Fri Aug 28 02:17:44 AM CDT 2026 [worker 2762684]
DONE 86413898_222 at Fri Aug 28 02:17:59 AM CDT 2026
Converting 86413898_225 at Fri Aug 28 02:17:59 AM CDT 2026 [worker 2762684]
DONE 86413898_223 at Fri Aug 28 02:18:06 AM CDT 2026
Converting 86413898_226 at Fri Aug 28 02:18:06 AM CDT 2026 [worker 2762684]
DONE 86413898_224 at Fri Aug 28 02:18:21 AM CDT 2026
Converting 86413898_227 at Fri Aug 28 02:18:21 AM CDT 2026 [worker 2762684]
DONE 86413898_225 at Fri Aug 28 02:18:58 AM CDT 2026
Converting 86413898_228 at Fri Aug 28 02:18:58 AM CDT 2026 [worker 2762684]
DONE 86413898_226 at Fri Aug 28 02:19:00 AM CDT 2026
Converting 86413898_229 at Fri Aug 28 02:19:00 AM CDT 2026 [worker 2762684]
DONE 86413898_227 at Fri Aug 28 02:19:09 AM CDT 2026
Converting 86413898_23 at Fri Aug 28 02:19:09 AM CDT 2026 [worker 2762684]
DONE 86413898_228 at Fri Aug 28 02:19:40 AM CDT 2026
Converting 86413898_230 at Fri Aug 28 02:19:40 AM CDT 2026 [worker 2762684]
DONE 86413898_229 at Fri Aug 28 02:19:43 AM CDT 2026
Converting 86413898_231 at Fri Aug 28 02:19:43 AM CDT 2026 [worker 2762684]
DONE 86413898_23 at Fri Aug 28 02:19:55 AM CDT 2026
Converting 86413898_232 at Fri Aug 28 02:19:55 AM CDT 2026 [worker 2762684]
DONE 86413898_231 at Fri Aug 28 02:20:25 AM CDT 2026
Converting 86413898_233 at Fri Aug 28 02:20:25 AM CDT 2026 [worker 2762684]
DONE 86413898_230 at Fri Aug 28 02:20:29 AM CDT 2026
Converting 86413898_234 at Fri Aug 28 02:20:29 AM CDT 2026 [worker 2762684]
DONE 86413898_232 at Fri Aug 28 02:20:38 AM CDT 2026
Converting 86413898_235 at Fri Aug 28 02:20:38 AM CDT 2026 [worker 2762684]
DONE 86413898_233 at Fri Aug 28 02:21:04 AM CDT 2026
Converting 86413898_236 at Fri Aug 28 02:21:04 AM CDT 2026 [worker 2762684]
DONE 86413898_234 at Fri Aug 28 02:21:09 AM CDT 2026
Converting 86413898_237 at Fri Aug 28 02:21:09 AM CDT 2026 [worker 2762684]
DONE 86413898_235 at Fri Aug 28 02:21:36 AM CDT 2026
Converting 86413898_238 at Fri Aug 28 02:21:36 AM CDT 2026 [worker 2762684]
DONE 86413898_236 at Fri Aug 28 02:21:45 AM CDT 2026
Converting 86413898_239 at Fri Aug 28 02:21:45 AM CDT 2026 [worker 2762684]
DONE 86413898_237 at Fri Aug 28 02:21:54 AM CDT 2026
Converting 86413898_24 at Fri Aug 28 02:21:54 AM CDT 2026 [worker 2762684]
DONE 86413898_238 at Fri Aug 28 02:22:18 AM CDT 2026
Converting 86413898_240 at Fri Aug 28 02:22:18 AM CDT 2026 [worker 2762684]
DONE 86413898_239 at Fri Aug 28 02:22:33 AM CDT 2026
Converting 86413898_241 at Fri Aug 28 02:22:33 AM CDT 2026 [worker 2762684]
DONE 86413898_24 at Fri Aug 28 02:22:38 AM CDT 2026
Converting 86413898_242 at Fri Aug 28 02:22:39 AM CDT 2026 [worker 2762684]
DONE 86413898_240 at Fri Aug 28 02:23:09 AM CDT 2026
Converting 86413898_243 at Fri Aug 28 02:23:09 AM CDT 2026 [worker 2762684]
DONE 86413898_241 at Fri Aug 28 02:23:21 AM CDT 2026
Converting 86413898_244 at Fri Aug 28 02:23:21 AM CDT 2026 [worker 2762684]
DONE 86413898_242 at Fri Aug 28 02:23:22 AM CDT 2026
Converting 86413898_245 at Fri Aug 28 02:23:22 AM CDT 2026 [worker 2762684]
DONE 86413898_243 at Fri Aug 28 02:23:54 AM CDT 2026
Converting 86413898_246 at Fri Aug 28 02:23:54 AM CDT 2026 [worker 2762684]
DONE 86413898_244 at Fri Aug 28 02:24:07 AM CDT 2026
Converting 86413898_247 at Fri Aug 28 02:24:07 AM CDT 2026 [worker 2762684]
DONE 86413898_245 at Fri Aug 28 02:24:19 AM CDT 2026
Converting 86413898_248 at Fri Aug 28 02:24:19 AM CDT 2026 [worker 2762684]
DONE 86413898_246 at Fri Aug 28 02:24:38 AM CDT 2026
Converting 86413898_249 at Fri Aug 28 02:24:38 AM CDT 2026 [worker 2762684]
DONE 86413898_247 at Fri Aug 28 02:24:50 AM CDT 2026
Converting 86413898_25 at Fri Aug 28 02:24:50 AM CDT 2026 [worker 2762684]
DONE 86413898_248 at Fri Aug 28 02:25:01 AM CDT 2026
Converting 86413898_250 at Fri Aug 28 02:25:01 AM CDT 2026 [worker 2762684]
DONE 86413898_249 at Fri Aug 28 02:25:22 AM CDT 2026
Converting 86413898_251 at Fri Aug 28 02:25:22 AM CDT 2026 [worker 2762684]
DONE 86413898_25 at Fri Aug 28 02:25:33 AM CDT 2026
Converting 86413898_252 at Fri Aug 28 02:25:33 AM CDT 2026 [worker 2762684]
DONE 86413898_250 at Fri Aug 28 02:25:53 AM CDT 2026
Converting 86413898_253 at Fri Aug 28 02:25:53 AM CDT 2026 [worker 2762684]
DONE 86413898_251 at Fri Aug 28 02:26:03 AM CDT 2026
Converting 86413898_254 at Fri Aug 28 02:26:03 AM CDT 2026 [worker 2762684]
DONE 86413898_252 at Fri Aug 28 02:26:17 AM CDT 2026
Converting 86413898_255 at Fri Aug 28 02:26:17 AM CDT 2026 [worker 2762684]
DONE 86413898_253 at Fri Aug 28 02:26:45 AM CDT 2026
Converting 86413898_256 at Fri Aug 28 02:26:45 AM CDT 2026 [worker 2762684]
DONE 86413898_254 at Fri Aug 28 02:26:57 AM CDT 2026
Converting 86413898_257 at Fri Aug 28 02:26:57 AM CDT 2026 [worker 2762684]
DONE 86413898_255 at Fri Aug 28 02:27:03 AM CDT 2026
Converting 86413898_258 at Fri Aug 28 02:27:03 AM CDT 2026 [worker 2762684]
DONE 86413898_256 at Fri Aug 28 02:27:26 AM CDT 2026
Converting 86413898_259 at Fri Aug 28 02:27:26 AM CDT 2026 [worker 2762684]
DONE 86413898_257 at Fri Aug 28 02:27:38 AM CDT 2026
Converting 86413898_26 at Fri Aug 28 02:27:38 AM CDT 2026 [worker 2762684]
DONE 86413898_258 at Fri Aug 28 02:27:53 AM CDT 2026
Converting 86413898_260 at Fri Aug 28 02:27:53 AM CDT 2026 [worker 2762684]
DONE 86413898_259 at Fri Aug 28 02:28:10 AM CDT 2026
Converting 86413898_261 at Fri Aug 28 02:28:10 AM CDT 2026 [worker 2762684]
DONE 86413898_26 at Fri Aug 28 02:28:37 AM CDT 2026
Converting 86413898_262 at Fri Aug 28 02:28:37 AM CDT 2026 [worker 2762684]
DONE 86413898_260 at Fri Aug 28 02:28:38 AM CDT 2026
Converting 86413898_263 at Fri Aug 28 02:28:38 AM CDT 2026 [worker 2762684]
DONE 86413898_261 at Fri Aug 28 02:28:54 AM CDT 2026
Converting 86413898_264 at Fri Aug 28 02:28:54 AM CDT 2026 [worker 2762684]
DONE 86413898_262 at Fri Aug 28 02:29:19 AM CDT 2026
Converting 86413898_265 at Fri Aug 28 02:29:19 AM CDT 2026 [worker 2762684]
DONE 86413898_263 at Fri Aug 28 02:29:20 AM CDT 2026
Converting 86413898_266 at Fri Aug 28 02:29:20 AM CDT 2026 [worker 2762684]
DONE 86413898_264 at Fri Aug 28 02:29:40 AM CDT 2026
Converting 86413898_267 at Fri Aug 28 02:29:40 AM CDT 2026 [worker 2762684]
DONE 86413898_265 at Fri Aug 28 02:29:57 AM CDT 2026
Converting 86413898_268 at Fri Aug 28 02:29:57 AM CDT 2026 [worker 2762684]
DONE 86413898_267 at Fri Aug 28 02:30:26 AM CDT 2026
Converting 86413898_269 at Fri Aug 28 02:30:26 AM CDT 2026 [worker 2762684]
DONE 86413898_266 at Fri Aug 28 02:30:28 AM CDT 2026
Converting 86413898_27 at Fri Aug 28 02:30:28 AM CDT 2026 [worker 2762684]
DONE 86413898_268 at Fri Aug 28 02:30:45 AM CDT 2026
Converting 86413898_270 at Fri Aug 28 02:30:45 AM CDT 2026 [worker 2762684]
DONE 86413898_269 at Fri Aug 28 02:31:09 AM CDT 2026
Converting 86413898_271 at Fri Aug 28 02:31:09 AM CDT 2026 [worker 2762684]
DONE 86413898_27 at Fri Aug 28 02:31:13 AM CDT 2026
Converting 86413898_272 at Fri Aug 28 02:31:13 AM CDT 2026 [worker 2762684]
DONE 86413898_270 at Fri Aug 28 02:31:37 AM CDT 2026
Converting 86413898_273 at Fri Aug 28 02:31:37 AM CDT 2026 [worker 2762684]
DONE 86413898_271 at Fri Aug 28 02:31:48 AM CDT 2026
Converting 86413898_274 at Fri Aug 28 02:31:48 AM CDT 2026 [worker 2762684]
DONE 86413898_272 at Fri Aug 28 02:32:03 AM CDT 2026
Converting 86413898_275 at Fri Aug 28 02:32:03 AM CDT 2026 [worker 2762684]
DONE 86413898_273 at Fri Aug 28 02:32:25 AM CDT 2026
Converting 86413898_276 at Fri Aug 28 02:32:25 AM CDT 2026 [worker 2762684]
DONE 86413898_274 at Fri Aug 28 02:32:34 AM CDT 2026
Converting 86413898_277 at Fri Aug 28 02:32:34 AM CDT 2026 [worker 2762684]
DONE 86413898_275 at Fri Aug 28 02:32:44 AM CDT 2026
Converting 86413898_278 at Fri Aug 28 02:32:44 AM CDT 2026 [worker 2762684]
DONE 86413898_276 at Fri Aug 28 02:33:08 AM CDT 2026
Converting 86413898_279 at Fri Aug 28 02:33:08 AM CDT 2026 [worker 2762684]
DONE 86413898_277 at Fri Aug 28 02:33:16 AM CDT 2026
Converting 86413898_28 at Fri Aug 28 02:33:16 AM CDT 2026 [worker 2762684]
DONE 86413898_278 at Fri Aug 28 02:33:32 AM CDT 2026
Converting 86413898_280 at Fri Aug 28 02:33:32 AM CDT 2026 [worker 2762684]
DONE 86413898_28 at Fri Aug 28 02:34:07 AM CDT 2026
Converting 86413898_281 at Fri Aug 28 02:34:07 AM CDT 2026 [worker 2762684]
DONE 86413898_279 at Fri Aug 28 02:34:08 AM CDT 2026
Converting 86413898_282 at Fri Aug 28 02:34:08 AM CDT 2026 [worker 2762684]
DONE 86413898_280 at Fri Aug 28 02:34:20 AM CDT 2026
Converting 86413898_283 at Fri Aug 28 02:34:20 AM CDT 2026 [worker 2762684]
DONE 86413898_281 at Fri Aug 28 02:34:49 AM CDT 2026
Converting 86413898_284 at Fri Aug 28 02:34:49 AM CDT 2026 [worker 2762684]
DONE 86413898_282 at Fri Aug 28 02:34:50 AM CDT 2026
Converting 86413898_285 at Fri Aug 28 02:34:50 AM CDT 2026 [worker 2762684]
DONE 86413898_283 at Fri Aug 28 02:35:07 AM CDT 2026
Converting 86413898_286 at Fri Aug 28 02:35:07 AM CDT 2026 [worker 2762684]
DONE 86413898_284 at Fri Aug 28 02:35:31 AM CDT 2026
Converting 86413898_287 at Fri Aug 28 02:35:31 AM CDT 2026 [worker 2762684]
DONE 86413898_285 at Fri Aug 28 02:35:34 AM CDT 2026
Converting 86413898_288 at Fri Aug 28 02:35:34 AM CDT 2026 [worker 2762684]
DONE 86413898_286 at Fri Aug 28 02:35:48 AM CDT 2026
Converting 86413898_289 at Fri Aug 28 02:35:48 AM CDT 2026 [worker 2762684]
DONE 86413898_287 at Fri Aug 28 02:36:12 AM CDT 2026
Converting 86413898_29 at Fri Aug 28 02:36:12 AM CDT 2026 [worker 2762684]
DONE 86413898_288 at Fri Aug 28 02:36:17 AM CDT 2026
Converting 86413898_290 at Fri Aug 28 02:36:17 AM CDT 2026 [worker 2762684]
DONE 86413898_289 at Fri Aug 28 02:36:37 AM CDT 2026
Converting 86413898_291 at Fri Aug 28 02:36:37 AM CDT 2026 [worker 2762684]
DONE 86413898_29 at Fri Aug 28 02:36:57 AM CDT 2026
Converting 86413898_292 at Fri Aug 28 02:36:58 AM CDT 2026 [worker 2762684]
DONE 86413898_290 at Fri Aug 28 02:37:02 AM CDT 2026
Converting 86413898_293 at Fri Aug 28 02:37:03 AM CDT 2026 [worker 2762684]
DONE 86413898_291 at Fri Aug 28 02:37:23 AM CDT 2026
Converting 86413898_294 at Fri Aug 28 02:37:23 AM CDT 2026 [worker 2762684]
DONE 86413898_292 at Fri Aug 28 02:37:37 AM CDT 2026
Converting 86413898_295 at Fri Aug 28 02:37:37 AM CDT 2026 [worker 2762684]
DONE 86413898_293 at Fri Aug 28 02:37:44 AM CDT 2026
Converting 86413898_296 at Fri Aug 28 02:37:44 AM CDT 2026 [worker 2762684]
DONE 86413898_294 at Fri Aug 28 02:38:18 AM CDT 2026
Converting 86413898_297 at Fri Aug 28 02:38:19 AM CDT 2026 [worker 2762684]
DONE 86413898_295 at Fri Aug 28 02:38:30 AM CDT 2026
Converting 86413898_298 at Fri Aug 28 02:38:30 AM CDT 2026 [worker 2762684]
DONE 86413898_296 at Fri Aug 28 02:38:36 AM CDT 2026
Converting 86413898_299 at Fri Aug 28 02:38:36 AM CDT 2026 [worker 2762684]
DONE 86413898_297 at Fri Aug 28 02:38:55 AM CDT 2026
Converting 86413898_3 at Fri Aug 28 02:38:55 AM CDT 2026 [worker 2762684]
DONE 86413898_298 at Fri Aug 28 02:39:24 AM CDT 2026
Converting 86413898_30 at Fri Aug 28 02:39:24 AM CDT 2026 [worker 2762684]
DONE 86413898_299 at Fri Aug 28 02:39:30 AM CDT 2026
Converting 86413898_300 at Fri Aug 28 02:39:30 AM CDT 2026 [worker 2762684]
DONE 86413898_3 at Fri Aug 28 02:39:39 AM CDT 2026
Converting 86413898_301 at Fri Aug 28 02:39:39 AM CDT 2026 [worker 2762684]
DONE 86413898_30 at Fri Aug 28 02:40:13 AM CDT 2026
Converting 86413898_302 at Fri Aug 28 02:40:13 AM CDT 2026 [worker 2762684]
DONE 86413898_300 at Fri Aug 28 02:40:18 AM CDT 2026
Converting 86413898_303 at Fri Aug 28 02:40:18 AM CDT 2026 [worker 2762684]
DONE 86413898_301 at Fri Aug 28 02:40:29 AM CDT 2026
Converting 86413898_304 at Fri Aug 28 02:40:29 AM CDT 2026 [worker 2762684]
DONE 86413898_302 at Fri Aug 28 02:40:50 AM CDT 2026
Converting 86413898_305 at Fri Aug 28 02:40:50 AM CDT 2026 [worker 2762684]
DONE 86413898_303 at Fri Aug 28 02:41:16 AM CDT 2026
Converting 86413898_306 at Fri Aug 28 02:41:16 AM CDT 2026 [worker 2762684]
DONE 86413898_304 at Fri Aug 28 02:41:17 AM CDT 2026
Converting 86413898_307 at Fri Aug 28 02:41:17 AM CDT 2026 [worker 2762684]
DONE 86413898_305 at Fri Aug 28 02:41:40 AM CDT 2026
Converting 86413898_308 at Fri Aug 28 02:41:40 AM CDT 2026 [worker 2762684]
DONE 86413898_306 at Fri Aug 28 02:41:56 AM CDT 2026
Converting 86413898_309 at Fri Aug 28 02:41:56 AM CDT 2026 [worker 2762684]
DONE 86413898_307 at Fri Aug 28 02:42:00 AM CDT 2026
Converting 86413898_31 at Fri Aug 28 02:42:00 AM CDT 2026 [worker 2762684]
DONE 86413898_308 at Fri Aug 28 02:42:21 AM CDT 2026
Converting 86413898_310 at Fri Aug 28 02:42:21 AM CDT 2026 [worker 2762684]
DONE 86413898_31 at Fri Aug 28 02:42:43 AM CDT 2026
Converting 86413898_311 at Fri Aug 28 02:42:43 AM CDT 2026 [worker 2762684]
DONE 86413898_309 at Fri Aug 28 02:42:55 AM CDT 2026
Converting 86413898_312 at Fri Aug 28 02:42:55 AM CDT 2026 [worker 2762684]
DONE 86413898_310 at Fri Aug 28 02:43:02 AM CDT 2026
Converting 86413898_313 at Fri Aug 28 02:43:02 AM CDT 2026 [worker 2762684]
DONE 86413898_311 at Fri Aug 28 02:43:22 AM CDT 2026
Converting 86413898_314 at Fri Aug 28 02:43:22 AM CDT 2026 [worker 2762684]
DONE 86413898_312 at Fri Aug 28 02:43:40 AM CDT 2026
Converting 86413898_315 at Fri Aug 28 02:43:40 AM CDT 2026 [worker 2762684]
DONE 86413898_313 at Fri Aug 28 02:43:46 AM CDT 2026
Converting 86413898_316 at Fri Aug 28 02:43:46 AM CDT 2026 [worker 2762684]
DONE 86413898_314 at Fri Aug 28 02:44:02 AM CDT 2026
Converting 86413898_317 at Fri Aug 28 02:44:02 AM CDT 2026 [worker 2762684]
DONE 86413898_315 at Fri Aug 28 02:44:39 AM CDT 2026
Converting 86413898_318 at Fri Aug 28 02:44:39 AM CDT 2026 [worker 2762684]
DONE 86413898_316 at Fri Aug 28 02:44:39 AM CDT 2026
Converting 86413898_319 at Fri Aug 28 02:44:39 AM CDT 2026 [worker 2762684]
DONE 86413898_317 at Fri Aug 28 02:44:48 AM CDT 2026
Converting 86413898_32 at Fri Aug 28 02:44:48 AM CDT 2026 [worker 2762684]
DONE 86413898_319 at Fri Aug 28 02:45:18 AM CDT 2026
Converting 86413898_320 at Fri Aug 28 02:45:18 AM CDT 2026 [worker 2762684]
DONE 86413898_318 at Fri Aug 28 02:45:21 AM CDT 2026
Converting 86413898_321 at Fri Aug 28 02:45:21 AM CDT 2026 [worker 2762684]
DONE 86413898_32 at Fri Aug 28 02:45:34 AM CDT 2026
Converting 86413898_322 at Fri Aug 28 02:45:34 AM CDT 2026 [worker 2762684]
DONE 86413898_320 at Fri Aug 28 02:46:10 AM CDT 2026
Converting 86413898_323 at Fri Aug 28 02:46:10 AM CDT 2026 [worker 2762684]
DONE 86413898_321 at Fri Aug 28 02:46:10 AM CDT 2026
Converting 86413898_324 at Fri Aug 28 02:46:10 AM CDT 2026 [worker 2762684]
DONE 86413898_322 at Fri Aug 28 02:46:24 AM CDT 2026
Converting 86413898_325 at Fri Aug 28 02:46:24 AM CDT 2026 [worker 2762684]
DONE 86413898_323 at Fri Aug 28 02:46:54 AM CDT 2026
Converting 86413898_326 at Fri Aug 28 02:46:54 AM CDT 2026 [worker 2762684]
DONE 86413898_324 at Fri Aug 28 02:47:01 AM CDT 2026
Converting 86413898_327 at Fri Aug 28 02:47:01 AM CDT 2026 [worker 2762684]
DONE 86413898_325 at Fri Aug 28 02:47:10 AM CDT 2026
Converting 86413898_328 at Fri Aug 28 02:47:10 AM CDT 2026 [worker 2762684]
DONE 86413898_327 at Fri Aug 28 02:47:46 AM CDT 2026
Converting 86413898_329 at Fri Aug 28 02:47:46 AM CDT 2026 [worker 2762684]
DONE 86413898_326 at Fri Aug 28 02:47:47 AM CDT 2026
Converting 86413898_33 at Fri Aug 28 02:47:47 AM CDT 2026 [worker 2762684]
DONE 86413898_328 at Fri Aug 28 02:47:54 AM CDT 2026
Converting 86413898_330 at Fri Aug 28 02:47:54 AM CDT 2026 [worker 2762684]
DONE 86413898_33 at Fri Aug 28 02:48:35 AM CDT 2026
Converting 86413898_331 at Fri Aug 28 02:48:35 AM CDT 2026 [worker 2762684]
DONE 86413898_330 at Fri Aug 28 02:48:41 AM CDT 2026
Converting 86413898_332 at Fri Aug 28 02:48:41 AM CDT 2026 [worker 2762684]
DONE 86413898_329 at Fri Aug 28 02:48:44 AM CDT 2026
Converting 86413898_333 at Fri Aug 28 02:48:44 AM CDT 2026 [worker 2762684]
DONE 86413898_331 at Fri Aug 28 02:49:26 AM CDT 2026
Converting 86413898_334 at Fri Aug 28 02:49:26 AM CDT 2026 [worker 2762684]
DONE 86413898_332 at Fri Aug 28 02:49:29 AM CDT 2026
Converting 86413898_335 at Fri Aug 28 02:49:29 AM CDT 2026 [worker 2762684]
DONE 86413898_333 at Fri Aug 28 02:49:38 AM CDT 2026
Converting 86413898_336 at Fri Aug 28 02:49:38 AM CDT 2026 [worker 2762684]
DONE 86413898_335 at Fri Aug 28 02:50:13 AM CDT 2026
Converting 86413898_337 at Fri Aug 28 02:50:13 AM CDT 2026 [worker 2762684]
DONE 86413898_334 at Fri Aug 28 02:50:20 AM CDT 2026
Converting 86413898_338 at Fri Aug 28 02:50:20 AM CDT 2026 [worker 2762684]
DONE 86413898_336 at Fri Aug 28 02:50:24 AM CDT 2026
Converting 86413898_339 at Fri Aug 28 02:50:24 AM CDT 2026 [worker 2762684]
DONE 86413898_337 at Fri Aug 28 02:51:05 AM CDT 2026
Converting 86413898_34 at Fri Aug 28 02:51:05 AM CDT 2026 [worker 2762684]
DONE 86413898_338 at Fri Aug 28 02:51:28 AM CDT 2026
Converting 86413898_340 at Fri Aug 28 02:51:28 AM CDT 2026 [worker 2762684]
DONE 86413898_339 at Fri Aug 28 02:51:29 AM CDT 2026
Converting 86413898_341 at Fri Aug 28 02:51:29 AM CDT 2026 [worker 2762684]
Starting parallel batch (raw) at Fri Aug 28 02:59:15 AM CDT 2026 with 3 workers
Input:  /pnfs/sbnd/scratch/users/munjung/v10_06_00/raw/waveforms
Output: /pnfs/sbnd/scratch/users/munjung/v10_06_00/raw/h5
User memory budget: 37 GiB, currently used: 1 GiB
Converting 86413898_340 at Fri Aug 28 02:59:16 AM CDT 2026 [worker 2913414]
Converting 86413898_341 at Fri Aug 28 02:59:16 AM CDT 2026 [worker 2913414]
Converting 86413898_34 at Fri Aug 28 02:59:16 AM CDT 2026 [worker 2913414]
DONE 86413898_34 at Fri Aug 28 02:59:53 AM CDT 2026
Converting 86413898_342 at Fri Aug 28 02:59:53 AM CDT 2026 [worker 2913414]
DONE 86413898_340 at Fri Aug 28 02:59:54 AM CDT 2026
Converting 86413898_343 at Fri Aug 28 02:59:54 AM CDT 2026 [worker 2913414]
DONE 86413898_341 at Fri Aug 28 03:00:02 AM CDT 2026
Converting 86413898_344 at Fri Aug 28 03:00:02 AM CDT 2026 [worker 2913414]
