Starting parallel batch (crossingmuon) at Wed Sep  2 01:37:48 AM CDT 2026 with 1 workers
Input:  /pnfs/sbnd/scratch/users/munjung/v10_06_00/data_MCP2025B_CrossingMuon_FullRun1_AfterLight_8_crossingmuon/waveforms
Output: /pnfs/sbnd/scratch/users/munjung/v10_06_00/data_MCP2025B_CrossingMuon_FullRun1_AfterLight_8_crossingmuon/h5
User memory budget: 37 GiB, currently used: 20 GiB
SKIP (no waveform.root): 71789146_start
SKIP (no waveform.root): 71789149_2
SKIP (no waveform.root): 71789151_4
Converting 71789160_13 at Wed Sep  2 01:37:48 AM CDT 2026 [worker 3831944]
Starting parallel batch (crossingmuon) at Wed Sep  2 01:45:03 AM CDT 2026 with 1 workers
Input:  /pnfs/sbnd/scratch/users/munjung/v10_06_00/data_MCP2025B_CrossingMuon_FullRun1_AfterLight_8_crossingmuon/waveforms
Output: /pnfs/sbnd/scratch/users/munjung/v10_06_00/data_MCP2025B_CrossingMuon_FullRun1_AfterLight_8_crossingmuon/h5
User memory budget: 37 GiB, currently used: 18 GiB
Converting 71789160_13 at Wed Sep  2 01:45:05 AM CDT 2026 [worker 3844222]
Starting parallel batch (crossingmuon) at Wed Sep  2 01:52:16 AM CDT 2026 with 1 workers
Input:  /pnfs/sbnd/scratch/users/munjung/v10_06_00/data_MCP2025B_CrossingMuon_FullRun1_AfterLight_8_crossingmuon/waveforms
Output: /pnfs/sbnd/scratch/users/munjung/v10_06_00/data_MCP2025B_CrossingMuon_FullRun1_AfterLight_8_crossingmuon/h5
User memory budget: 37 GiB, currently used: 18 GiB
Converting 71789160_13 at Wed Sep  2 01:52:18 AM CDT 2026 [worker 3855442]
Starting parallel batch (crossingmuon) at Wed Sep  2 01:59:30 AM CDT 2026 with 1 workers
Input:  /pnfs/sbnd/scratch/users/munjung/v10_06_00/data_MCP2025B_CrossingMuon_FullRun1_AfterLight_8_crossingmuon/waveforms
Output: /pnfs/sbnd/scratch/users/munjung/v10_06_00/data_MCP2025B_CrossingMuon_FullRun1_AfterLight_8_crossingmuon/h5
User memory budget: 37 GiB, currently used: 19 GiB
Converting 71789160_13 at Wed Sep  2 01:59:32 AM CDT 2026 [worker 3865647]
Starting parallel batch (crossingmuon) at Wed Sep  2 02:06:44 AM CDT 2026 with 1 workers
Input:  /pnfs/sbnd/scratch/users/munjung/v10_06_00/data_MCP2025B_CrossingMuon_FullRun1_AfterLight_8_crossingmuon/waveforms
Output: /pnfs/sbnd/scratch/users/munjung/v10_06_00/data_MCP2025B_CrossingMuon_FullRun1_AfterLight_8_crossingmuon/h5
User memory budget: 37 GiB, currently used: 19 GiB
Converting 71789160_13 at Wed Sep  2 02:06:45 AM CDT 2026 [worker 3877154]
Starting parallel batch (crossingmuon) at Wed Sep  2 02:13:58 AM CDT 2026 with 1 workers
Input:  /pnfs/sbnd/scratch/users/munjung/v10_06_00/data_MCP2025B_CrossingMuon_FullRun1_AfterLight_8_crossingmuon/waveforms
Output: /pnfs/sbnd/scratch/users/munjung/v10_06_00/data_MCP2025B_CrossingMuon_FullRun1_AfterLight_8_crossingmuon/h5
User memory budget: 37 GiB, currently used: 19 GiB
Converting 71789160_13 at Wed Sep  2 02:14:00 AM CDT 2026 [worker 3889661]
Starting parallel batch (crossingmuon) at Wed Sep  2 02:21:12 AM CDT 2026 with 1 workers
Input:  /pnfs/sbnd/scratch/users/munjung/v10_06_00/data_MCP2025B_CrossingMuon_FullRun1_AfterLight_8_crossingmuon/waveforms
Output: /pnfs/sbnd/scratch/users/munjung/v10_06_00/data_MCP2025B_CrossingMuon_FullRun1_AfterLight_8_crossingmuon/h5
User memory budget: 37 GiB, currently used: 19 GiB
Converting 71789160_13 at Wed Sep  2 02:21:14 AM CDT 2026 [worker 3901283]
Starting parallel batch (crossingmuon) at Wed Sep  2 02:28:26 AM CDT 2026 with 1 workers
Input:  /pnfs/sbnd/scratch/users/munjung/v10_06_00/data_MCP2025B_CrossingMuon_FullRun1_AfterLight_8_crossingmuon/waveforms
Output: /pnfs/sbnd/scratch/users/munjung/v10_06_00/data_MCP2025B_CrossingMuon_FullRun1_AfterLight_8_crossingmuon/h5
User memory budget: 37 GiB, currently used: 19 GiB
Converting 71789160_13 at Wed Sep  2 02:28:27 AM CDT 2026 [worker 3913904]
Starting parallel batch (crossingmuon) at Wed Sep  2 02:35:40 AM CDT 2026 with 1 workers
Input:  /pnfs/sbnd/scratch/users/munjung/v10_06_00/data_MCP2025B_CrossingMuon_FullRun1_AfterLight_8_crossingmuon/waveforms
Output: /pnfs/sbnd/scratch/users/munjung/v10_06_00/data_MCP2025B_CrossingMuon_FullRun1_AfterLight_8_crossingmuon/h5
User memory budget: 37 GiB, currently used: 19 GiB
Converting 71789160_13 at Wed Sep  2 02:35:41 AM CDT 2026 [worker 3925346]
Starting parallel batch (crossingmuon) at Wed Sep  2 02:42:53 AM CDT 2026 with 1 workers
Input:  /pnfs/sbnd/scratch/users/munjung/v10_06_00/data_MCP2025B_CrossingMuon_FullRun1_AfterLight_8_crossingmuon/waveforms
Output: /pnfs/sbnd/scratch/users/munjung/v10_06_00/data_MCP2025B_CrossingMuon_FullRun1_AfterLight_8_crossingmuon/h5
User memory budget: 37 GiB, currently used: 19 GiB
Converting 71789160_13 at Wed Sep  2 02:42:55 AM CDT 2026 [worker 3936819]
Starting parallel batch (crossingmuon) at Wed Sep  2 02:50:07 AM CDT 2026 with 1 workers
Input:  /pnfs/sbnd/scratch/users/munjung/v10_06_00/data_MCP2025B_CrossingMuon_FullRun1_AfterLight_8_crossingmuon/waveforms
Output: /pnfs/sbnd/scratch/users/munjung/v10_06_00/data_MCP2025B_CrossingMuon_FullRun1_AfterLight_8_crossingmuon/h5
User memory budget: 37 GiB, currently used: 19 GiB
Converting 71789160_13 at Wed Sep  2 02:50:08 AM CDT 2026 [worker 3948591]
Starting parallel batch (crossingmuon) at Wed Sep  2 02:57:21 AM CDT 2026 with 1 workers
Input:  /pnfs/sbnd/scratch/users/munjung/v10_06_00/data_MCP2025B_CrossingMuon_FullRun1_AfterLight_8_crossingmuon/waveforms
Output: /pnfs/sbnd/scratch/users/munjung/v10_06_00/data_MCP2025B_CrossingMuon_FullRun1_AfterLight_8_crossingmuon/h5
User memory budget: 37 GiB, currently used: 26 GiB
Converting 71789160_13 at Wed Sep  2 02:57:23 AM CDT 2026 [worker 3958916]
Starting parallel batch (crossingmuon) at Wed Sep  2 03:04:35 AM CDT 2026 with 1 workers
Input:  /pnfs/sbnd/scratch/users/munjung/v10_06_00/data_MCP2025B_CrossingMuon_FullRun1_AfterLight_8_crossingmuon/waveforms
Output: /pnfs/sbnd/scratch/users/munjung/v10_06_00/data_MCP2025B_CrossingMuon_FullRun1_AfterLight_8_crossingmuon/h5
User memory budget: 37 GiB, currently used: 20 GiB
Converting 71789160_13 at Wed Sep  2 03:04:36 AM CDT 2026 [worker 3971746]
Starting parallel batch (crossingmuon) at Wed Sep  2 03:11:49 AM CDT 2026 with 1 workers
Input:  /pnfs/sbnd/scratch/users/munjung/v10_06_00/data_MCP2025B_CrossingMuon_FullRun1_AfterLight_8_crossingmuon/waveforms
Output: /pnfs/sbnd/scratch/users/munjung/v10_06_00/data_MCP2025B_CrossingMuon_FullRun1_AfterLight_8_crossingmuon/h5
User memory budget: 37 GiB, currently used: 19 GiB
Converting 71789160_13 at Wed Sep  2 03:11:50 AM CDT 2026 [worker 3983990]
Starting parallel batch (crossingmuon) at Wed Sep  2 03:19:03 AM CDT 2026 with 1 workers
Input:  /pnfs/sbnd/scratch/users/munjung/v10_06_00/data_MCP2025B_CrossingMuon_FullRun1_AfterLight_8_crossingmuon/waveforms
Output: /pnfs/sbnd/scratch/users/munjung/v10_06_00/data_MCP2025B_CrossingMuon_FullRun1_AfterLight_8_crossingmuon/h5
User memory budget: 37 GiB, currently used: 19 GiB
Converting 71789160_13 at Wed Sep  2 03:19:05 AM CDT 2026 [worker 3997155]
Starting parallel batch (crossingmuon) at Wed Sep  2 03:26:17 AM CDT 2026 with 1 workers
Input:  /pnfs/sbnd/scratch/users/munjung/v10_06_00/data_MCP2025B_CrossingMuon_FullRun1_AfterLight_8_crossingmuon/waveforms
Output: /pnfs/sbnd/scratch/users/munjung/v10_06_00/data_MCP2025B_CrossingMuon_FullRun1_AfterLight_8_crossingmuon/h5
User memory budget: 37 GiB, currently used: 19 GiB
Converting 71789160_13 at Wed Sep  2 03:26:18 AM CDT 2026 [worker 4009774]
Starting parallel batch (crossingmuon) at Wed Sep  2 03:33:31 AM CDT 2026 with 1 workers
Input:  /pnfs/sbnd/scratch/users/munjung/v10_06_00/data_MCP2025B_CrossingMuon_FullRun1_AfterLight_8_crossingmuon/waveforms
Output: /pnfs/sbnd/scratch/users/munjung/v10_06_00/data_MCP2025B_CrossingMuon_FullRun1_AfterLight_8_crossingmuon/h5
User memory budget: 37 GiB, currently used: 19 GiB
Converting 71789160_13 at Wed Sep  2 03:33:32 AM CDT 2026 [worker 4021736]
Starting parallel batch (crossingmuon) at Wed Sep  2 03:40:45 AM CDT 2026 with 1 workers
Input:  /pnfs/sbnd/scratch/users/munjung/v10_06_00/data_MCP2025B_CrossingMuon_FullRun1_AfterLight_8_crossingmuon/waveforms
Output: /pnfs/sbnd/scratch/users/munjung/v10_06_00/data_MCP2025B_CrossingMuon_FullRun1_AfterLight_8_crossingmuon/h5
User memory budget: 37 GiB, currently used: 19 GiB
Converting 71789160_13 at Wed Sep  2 03:40:46 AM CDT 2026 [worker 4037425]
Starting parallel batch (crossingmuon) at Wed Sep  2 03:47:59 AM CDT 2026 with 1 workers
Input:  /pnfs/sbnd/scratch/users/munjung/v10_06_00/data_MCP2025B_CrossingMuon_FullRun1_AfterLight_8_crossingmuon/waveforms
Output: /pnfs/sbnd/scratch/users/munjung/v10_06_00/data_MCP2025B_CrossingMuon_FullRun1_AfterLight_8_crossingmuon/h5
User memory budget: 37 GiB, currently used: 19 GiB
Converting 71789160_13 at Wed Sep  2 03:48:00 AM CDT 2026 [worker 4052438]
Starting parallel batch (crossingmuon) at Wed Sep  2 03:55:14 AM CDT 2026 with 1 workers
Input:  /pnfs/sbnd/scratch/users/munjung/v10_06_00/data_MCP2025B_CrossingMuon_FullRun1_AfterLight_8_crossingmuon/waveforms
Output: /pnfs/sbnd/scratch/users/munjung/v10_06_00/data_MCP2025B_CrossingMuon_FullRun1_AfterLight_8_crossingmuon/h5
User memory budget: 37 GiB, currently used: 20 GiB
Converting 71789160_13 at Wed Sep  2 03:55:15 AM CDT 2026 [worker 4068106]
Starting parallel batch (crossingmuon) at Wed Sep  2 04:02:28 AM CDT 2026 with 1 workers
Input:  /pnfs/sbnd/scratch/users/munjung/v10_06_00/data_MCP2025B_CrossingMuon_FullRun1_AfterLight_8_crossingmuon/waveforms
Output: /pnfs/sbnd/scratch/users/munjung/v10_06_00/data_MCP2025B_CrossingMuon_FullRun1_AfterLight_8_crossingmuon/h5
User memory budget: 37 GiB, currently used: 20 GiB
Converting 71789160_13 at Wed Sep  2 04:02:30 AM CDT 2026 [worker 4090056]
Starting parallel batch (crossingmuon) at Wed Sep  2 04:09:42 AM CDT 2026 with 1 workers
Input:  /pnfs/sbnd/scratch/users/munjung/v10_06_00/data_MCP2025B_CrossingMuon_FullRun1_AfterLight_8_crossingmuon/waveforms
Output: /pnfs/sbnd/scratch/users/munjung/v10_06_00/data_MCP2025B_CrossingMuon_FullRun1_AfterLight_8_crossingmuon/h5
User memory budget: 37 GiB, currently used: 21 GiB
Converting 71789160_13 at Wed Sep  2 04:09:43 AM CDT 2026 [worker 4103863]
Starting parallel batch (crossingmuon) at Wed Sep  2 04:16:57 AM CDT 2026 with 1 workers
Input:  /pnfs/sbnd/scratch/users/munjung/v10_06_00/data_MCP2025B_CrossingMuon_FullRun1_AfterLight_8_crossingmuon/waveforms
Output: /pnfs/sbnd/scratch/users/munjung/v10_06_00/data_MCP2025B_CrossingMuon_FullRun1_AfterLight_8_crossingmuon/h5
User memory budget: 37 GiB, currently used: 20 GiB
Converting 71789160_13 at Wed Sep  2 04:16:58 AM CDT 2026 [worker 4118690]
Starting parallel batch (crossingmuon) at Wed Sep  2 04:24:11 AM CDT 2026 with 1 workers
Input:  /pnfs/sbnd/scratch/users/munjung/v10_06_00/data_MCP2025B_CrossingMuon_FullRun1_AfterLight_8_crossingmuon/waveforms
Output: /pnfs/sbnd/scratch/users/munjung/v10_06_00/data_MCP2025B_CrossingMuon_FullRun1_AfterLight_8_crossingmuon/h5
User memory budget: 37 GiB, currently used: 19 GiB
Converting 71789160_13 at Wed Sep  2 04:24:12 AM CDT 2026 [worker 4133864]
FAILED 71789160_13 at Wed Sep  2 04:26:22 AM CDT 2026
SKIP (no waveform.root): 71789164_17
SKIP (no waveform.root): 71789172_25
Converting 71789174_27 at Wed Sep  2 04:26:22 AM CDT 2026 [worker 4133864]
Starting batch (crossingmuon) at Wed Sep  2 04:29:45 AM CDT 2026 parallel=0 workers=1 pause_every=1
Input:  /pnfs/sbnd/scratch/users/munjung/v10_06_00/data_MCP2025B_CrossingMuon_FullRun1_AfterLight_8_crossingmuon/waveforms
Output: /pnfs/sbnd/scratch/users/munjung/v10_06_00/data_MCP2025B_CrossingMuon_FullRun1_AfterLight_8_crossingmuon/h5
User memory budget: 37 GiB, currently used: 19 GiB
Converting 71789160_13 at Wed Sep  2 04:29:45 AM CDT 2026
FAILED 71789160_13 at Wed Sep  2 04:31:26 AM CDT 2026
PAUSE after 1 conversions: cooldown 30s + cleanup
Converting 71789174_27 at Wed Sep  2 04:31:58 AM CDT 2026
Starting batch (crossingmuon) at Wed Sep  2 04:35:12 AM CDT 2026 parallel=0 workers=1 pause_every=1
Input:  /pnfs/sbnd/scratch/users/munjung/v10_06_00/data_MCP2025B_CrossingMuon_FullRun1_AfterLight_8_crossingmuon/waveforms
Output: /pnfs/sbnd/scratch/users/munjung/v10_06_00/data_MCP2025B_CrossingMuon_FullRun1_AfterLight_8_crossingmuon/h5
User memory budget: 37 GiB, currently used: 19 GiB
Converting 71789160_13 at Wed Sep  2 04:35:13 AM CDT 2026
DONE 71789160_13 at Wed Sep  2 04:41:15 AM CDT 2026
PAUSE after 1 conversions: cooldown 30s + cleanup
Converting 71789174_27 at Wed Sep  2 04:41:47 AM CDT 2026
DONE 71789174_27 at Wed Sep  2 04:47:14 AM CDT 2026
PAUSE after 1 conversions: cooldown 30s + cleanup
Converting 71789175_28 at Wed Sep  2 04:47:46 AM CDT 2026
DONE 71789175_28 at Wed Sep  2 04:54:01 AM CDT 2026
PAUSE after 1 conversions: cooldown 30s + cleanup
Converting 71789176_29 at Wed Sep  2 04:54:34 AM CDT 2026
Starting batch (crossingmuon) at Wed Sep  2 04:56:31 AM CDT 2026 parallel=0 workers=1 pause_every=1
Input:  /pnfs/sbnd/scratch/users/munjung/v10_06_00/data_MCP2025B_CrossingMuon_FullRun1_AfterLight_8_crossingmuon/waveforms
Output: /pnfs/sbnd/scratch/users/munjung/v10_06_00/data_MCP2025B_CrossingMuon_FullRun1_AfterLight_8_crossingmuon/h5
User memory budget: 37 GiB, currently used: 20 GiB
Converting 71789176_29 at Wed Sep  2 04:56:32 AM CDT 2026
FAILED 71789176_29 at Wed Sep  2 04:57:35 AM CDT 2026
PAUSE after 1 conversions: cooldown 30s + cleanup
Converting 71789177_30 at Wed Sep  2 04:58:08 AM CDT 2026
Starting batch (crossingmuon) at Wed Sep  2 05:02:46 AM CDT 2026 parallel=0 workers=1 pause_every=1
Input:  /pnfs/sbnd/scratch/users/munjung/v10_06_00/data_MCP2025B_CrossingMuon_FullRun1_AfterLight_8_crossingmuon/waveforms
Output: /pnfs/sbnd/scratch/users/munjung/v10_06_00/data_MCP2025B_CrossingMuon_FullRun1_AfterLight_8_crossingmuon/h5
User memory budget: 37 GiB, currently used: 20 GiB
Converting 71789176_29 at Wed Sep  2 05:02:46 AM CDT 2026
FAILED 71789176_29 at Wed Sep  2 05:03:54 AM CDT 2026
PAUSE after 1 conversions: cooldown 30s + cleanup
Converting 71789177_30 at Wed Sep  2 05:04:28 AM CDT 2026
DONE 71789177_30 at Wed Sep  2 05:09:39 AM CDT 2026
PAUSE after 1 conversions: cooldown 30s + cleanup
Converting 71789179_32 at Wed Sep  2 05:10:11 AM CDT 2026
Starting batch (crossingmuon) at Wed Sep  2 05:19:03 AM CDT 2026 parallel=0 workers=1 pause_every=1
Input:  /pnfs/sbnd/scratch/users/munjung/v10_06_00/data_MCP2025B_CrossingMuon_FullRun1_AfterLight_8_crossingmuon/waveforms
Output: /pnfs/sbnd/scratch/users/munjung/v10_06_00/data_MCP2025B_CrossingMuon_FullRun1_AfterLight_8_crossingmuon/h5
User memory budget: 37 GiB, currently used: 19 GiB
Converting 71789176_29 at Wed Sep  2 05:19:03 AM CDT 2026
FAILED 71789176_29 at Wed Sep  2 05:20:14 AM CDT 2026
PAUSE after 1 conversions: cooldown 30s + cleanup
Converting 71789179_32 at Wed Sep  2 05:20:49 AM CDT 2026
DONE 71789179_32 at Wed Sep  2 05:25:44 AM CDT 2026
PAUSE after 1 conversions: cooldown 30s + cleanup
Converting 71789180_33 at Wed Sep  2 05:26:16 AM CDT 2026
Starting batch (crossingmuon) at Wed Sep  2 05:30:18 AM CDT 2026 parallel=0 workers=1 pause_every=1
Input:  /pnfs/sbnd/scratch/users/munjung/v10_06_00/data_MCP2025B_CrossingMuon_FullRun1_AfterLight_8_crossingmuon/waveforms
Output: /pnfs/sbnd/scratch/users/munjung/v10_06_00/data_MCP2025B_CrossingMuon_FullRun1_AfterLight_8_crossingmuon/h5
User memory budget: 37 GiB, currently used: 19 GiB
Converting 71789176_29 at Wed Sep  2 05:30:19 AM CDT 2026
FAILED 71789176_29 at Wed Sep  2 05:31:35 AM CDT 2026
PAUSE after 1 conversions: cooldown 30s + cleanup
Converting 71789180_33 at Wed Sep  2 05:32:09 AM CDT 2026
Starting batch (crossingmuon) at Wed Sep  2 05:36:33 AM CDT 2026 parallel=0 workers=1 pause_every=1
Input:  /pnfs/sbnd/scratch/users/munjung/v10_06_00/data_MCP2025B_CrossingMuon_FullRun1_AfterLight_8_crossingmuon/waveforms
Output: /pnfs/sbnd/scratch/users/munjung/v10_06_00/data_MCP2025B_CrossingMuon_FullRun1_AfterLight_8_crossingmuon/h5
User memory budget: 37 GiB, currently used: 19 GiB
Converting 71789176_29 at Wed Sep  2 05:36:33 AM CDT 2026
FAILED 71789176_29 at Wed Sep  2 05:37:30 AM CDT 2026
PAUSE after 1 conversions: cooldown 30s + cleanup
Converting 71789180_33 at Wed Sep  2 05:38:04 AM CDT 2026
Starting batch (crossingmuon) at Wed Sep  2 05:42:47 AM CDT 2026 parallel=0 workers=1 pause_every=1
Input:  /pnfs/sbnd/scratch/users/munjung/v10_06_00/data_MCP2025B_CrossingMuon_FullRun1_AfterLight_8_crossingmuon/waveforms
Output: /pnfs/sbnd/scratch/users/munjung/v10_06_00/data_MCP2025B_CrossingMuon_FullRun1_AfterLight_8_crossingmuon/h5
User memory budget: 37 GiB, currently used: 19 GiB
Converting 71789176_29 at Wed Sep  2 05:42:48 AM CDT 2026
FAILED 71789176_29 at Wed Sep  2 05:43:54 AM CDT 2026
PAUSE after 1 conversions: cooldown 30s + cleanup
Converting 71789180_33 at Wed Sep  2 05:44:28 AM CDT 2026
DONE 71789180_33 at Wed Sep  2 05:50:08 AM CDT 2026
PAUSE after 1 conversions: cooldown 30s + cleanup
Converting 71789222_75 at Wed Sep  2 05:50:40 AM CDT 2026
FAILED 71789222_75 at Wed Sep  2 05:51:36 AM CDT 2026
PAUSE after 1 conversions: cooldown 30s + cleanup
SKIP (no waveform.root): 71789227_80
PAUSE after 1 conversions: cooldown 30s + cleanup
SKIP (no waveform.root): 71789236_89
PAUSE after 1 conversions: cooldown 30s + cleanup
SKIP (no waveform.root): 71789243_96
PAUSE after 1 conversions: cooldown 30s + cleanup
Converting 71789252_105 at Wed Sep  2 05:53:44 AM CDT 2026
Starting batch (crossingmuon, tpc=0) at Wed Sep  2 05:57:50 AM CDT 2026 parallel=0 workers=1 pause_every=1
Input:  /pnfs/sbnd/scratch/users/munjung/v10_06_00/data_MCP2025B_CrossingMuon_FullRun1_AfterLight_8_crossingmuon/waveforms
Output: /pnfs/sbnd/scratch/users/munjung/v10_06_00/data_MCP2025B_CrossingMuon_FullRun1_AfterLight_8_crossingmuon/h5 (g4-raw-0_*.h5)
User memory budget: 37 GiB, currently used: 19 GiB
Converting 71789176_29 at Wed Sep  2 05:57:50 AM CDT 2026
FAILED 71789176_29 at Wed Sep  2 05:58:42 AM CDT 2026
PAUSE after 1 conversions: cooldown 30s + cleanup
Converting 71789222_75 at Wed Sep  2 05:59:14 AM CDT 2026
FAILED 71789222_75 at Wed Sep  2 06:00:01 AM CDT 2026
PAUSE after 1 conversions: cooldown 30s + cleanup
Converting 71789252_105 at Wed Sep  2 06:00:34 AM CDT 2026
Starting batch (crossingmuon, tpc=0) at Wed Sep  2 06:29:09 AM CDT 2026 parallel=0 workers=1 pause_every=1
Input:  /pnfs/sbnd/scratch/users/munjung/v10_06_00/data_MCP2025B_CrossingMuon_FullRun1_AfterLight_8_crossingmuon/waveforms
Output: /pnfs/sbnd/scratch/users/munjung/v10_06_00/data_MCP2025B_CrossingMuon_FullRun1_AfterLight_8_crossingmuon/h5 (g4-raw-0_*.h5)
User memory budget: 37 GiB, currently used: 19 GiB
Converting 71789176_29 at Wed Sep  2 06:29:10 AM CDT 2026
FAILED 71789176_29 at Wed Sep  2 06:30:15 AM CDT 2026
PAUSE after 1 conversions: cooldown 30s + cleanup
Converting 71789222_75 at Wed Sep  2 06:30:48 AM CDT 2026
FAILED 71789222_75 at Wed Sep  2 06:31:43 AM CDT 2026
PAUSE after 1 conversions: cooldown 30s + cleanup
Converting 71789252_105 at Wed Sep  2 06:32:16 AM CDT 2026
Starting batch (crossingmuon, tpc=0) at Wed Sep  2 06:35:24 AM CDT 2026 parallel=0 workers=1 pause_every=1
Input:  /pnfs/sbnd/scratch/users/munjung/v10_06_00/data_MCP2025B_CrossingMuon_FullRun1_AfterLight_8_crossingmuon/waveforms
Output: /pnfs/sbnd/scratch/users/munjung/v10_06_00/data_MCP2025B_CrossingMuon_FullRun1_AfterLight_8_crossingmuon/h5 (g4-raw-0_*.h5)
User memory budget: 37 GiB, currently used: 19 GiB
Converting 71789176_29 at Wed Sep  2 06:35:24 AM CDT 2026
Starting batch (crossingmuon, tpc=0) at Wed Sep  2 06:41:38 AM CDT 2026 parallel=0 workers=1 pause_every=1
Input:  /pnfs/sbnd/scratch/users/munjung/v10_06_00/data_MCP2025B_CrossingMuon_FullRun1_AfterLight_8_crossingmuon/waveforms
Output: /pnfs/sbnd/scratch/users/munjung/v10_06_00/data_MCP2025B_CrossingMuon_FullRun1_AfterLight_8_crossingmuon/h5 (g4-raw-0_*.h5)
User memory budget: 37 GiB, currently used: 19 GiB
Converting 71789176_29 at Wed Sep  2 06:41:39 AM CDT 2026
Starting batch (crossingmuon, tpc=0) at Wed Sep  2 06:52:53 AM CDT 2026 parallel=0 workers=1 pause_every=1
Input:  /pnfs/sbnd/scratch/users/munjung/v10_06_00/data_MCP2025B_CrossingMuon_FullRun1_AfterLight_8_crossingmuon/waveforms
Output: /pnfs/sbnd/scratch/users/munjung/v10_06_00/data_MCP2025B_CrossingMuon_FullRun1_AfterLight_8_crossingmuon/h5 (g4-raw-0_*.h5)
User memory budget: 37 GiB, currently used: 19 GiB
Converting 71789176_29 at Wed Sep  2 06:52:54 AM CDT 2026
FAILED 71789176_29 at Wed Sep  2 06:53:55 AM CDT 2026
PAUSE after 1 conversions: cooldown 30s + cleanup
Converting 71789222_75 at Wed Sep  2 06:54:28 AM CDT 2026
FAILED 71789222_75 at Wed Sep  2 06:55:22 AM CDT 2026
PAUSE after 1 conversions: cooldown 30s + cleanup
Converting 71789252_105 at Wed Sep  2 06:55:54 AM CDT 2026
Starting batch (crossingmuon, tpc=0) at Wed Sep  2 07:04:09 AM CDT 2026 parallel=0 workers=1 pause_every=1
Input:  /pnfs/sbnd/scratch/users/munjung/v10_06_00/data_MCP2025B_CrossingMuon_FullRun1_AfterLight_8_crossingmuon/waveforms
Output: /pnfs/sbnd/scratch/users/munjung/v10_06_00/data_MCP2025B_CrossingMuon_FullRun1_AfterLight_8_crossingmuon/h5 (g4-raw-0_*.h5)
User memory budget: 37 GiB, currently used: 19 GiB
Converting 71789176_29 at Wed Sep  2 07:04:09 AM CDT 2026
FAILED 71789176_29 at Wed Sep  2 07:05:10 AM CDT 2026
PAUSE after 1 conversions: cooldown 30s + cleanup
Converting 71789222_75 at Wed Sep  2 07:05:42 AM CDT 2026
FAILED 71789222_75 at Wed Sep  2 07:06:40 AM CDT 2026
PAUSE after 1 conversions: cooldown 30s + cleanup
Converting 71789252_105 at Wed Sep  2 07:07:13 AM CDT 2026
Starting batch (crossingmuon, tpc=0) at Wed Sep  2 07:30:26 AM CDT 2026 parallel=0 workers=1 pause_every=1
Input:  /pnfs/sbnd/scratch/users/munjung/v10_06_00/data_MCP2025B_CrossingMuon_FullRun1_AfterLight_8_crossingmuon/waveforms
Output: /pnfs/sbnd/scratch/users/munjung/v10_06_00/data_MCP2025B_CrossingMuon_FullRun1_AfterLight_8_crossingmuon/h5 (g4-raw-0_*.h5)
User memory budget: 37 GiB, currently used: 19 GiB
Converting 71789176_29 at Wed Sep  2 07:30:26 AM CDT 2026
FAILED 71789176_29 at Wed Sep  2 07:31:28 AM CDT 2026
PAUSE after 1 conversions: cooldown 30s + cleanup
Converting 71789222_75 at Wed Sep  2 07:32:00 AM CDT 2026
FAILED 71789222_75 at Wed Sep  2 07:32:55 AM CDT 2026
PAUSE after 1 conversions: cooldown 30s + cleanup
Converting 71789252_105 at Wed Sep  2 07:33:28 AM CDT 2026
DONE 71789252_105 at Wed Sep  2 07:39:04 AM CDT 2026
PAUSE after 1 conversions: cooldown 30s + cleanup
SKIP (no waveform.root): 71789257_110
PAUSE after 1 conversions: cooldown 30s + cleanup
Converting 71789258_111 at Wed Sep  2 07:40:09 AM CDT 2026
DONE 71789258_111 at Wed Sep  2 07:41:07 AM CDT 2026
PAUSE after 1 conversions: cooldown 30s + cleanup
Converting 71789265_118 at Wed Sep  2 07:41:39 AM CDT 2026
Starting batch (crossingmuon, tpc=0) at Wed Sep  2 07:56:44 AM CDT 2026 parallel=0 workers=1 pause_every=1
Input:  /pnfs/sbnd/scratch/users/munjung/v10_06_00/data_MCP2025B_CrossingMuon_FullRun1_AfterLight_8_crossingmuon/waveforms
Output: /pnfs/sbnd/scratch/users/munjung/v10_06_00/data_MCP2025B_CrossingMuon_FullRun1_AfterLight_8_crossingmuon/h5 (g4-raw-0_*.h5)
User memory budget: 37 GiB, currently used: 19 GiB
Converting 71789176_29 at Wed Sep  2 07:56:44 AM CDT 2026
FAILED 71789176_29 at Wed Sep  2 07:57:54 AM CDT 2026
PAUSE after 1 conversions: cooldown 30s + cleanup
Converting 71789222_75 at Wed Sep  2 07:58:26 AM CDT 2026
FAILED 71789222_75 at Wed Sep  2 07:59:30 AM CDT 2026
PAUSE after 1 conversions: cooldown 30s + cleanup
Converting 71789265_118 at Wed Sep  2 08:00:03 AM CDT 2026
Starting batch (crossingmuon, tpc=0) at Wed Sep  2 08:24:17 AM CDT 2026 parallel=0 workers=1 pause_every=1
Input:  /pnfs/sbnd/scratch/users/munjung/v10_06_00/data_MCP2025B_CrossingMuon_FullRun1_AfterLight_8_crossingmuon/waveforms
Output: /pnfs/sbnd/scratch/users/munjung/v10_06_00/data_MCP2025B_CrossingMuon_FullRun1_AfterLight_8_crossingmuon/h5 (g4-raw-0_*.h5)
User memory budget: 37 GiB, currently used: 19 GiB
Converting 71789176_29 at Wed Sep  2 08:24:17 AM CDT 2026
FAILED 71789176_29 at Wed Sep  2 08:25:19 AM CDT 2026
PAUSE after 1 conversions: cooldown 30s + cleanup
Converting 71789222_75 at Wed Sep  2 08:25:52 AM CDT 2026
FAILED 71789222_75 at Wed Sep  2 08:26:59 AM CDT 2026
PAUSE after 1 conversions: cooldown 30s + cleanup
Converting 71789265_118 at Wed Sep  2 08:27:32 AM CDT 2026
Starting batch (crossingmuon, tpc=0) at Wed Sep  2 08:30:31 AM CDT 2026 parallel=0 workers=1 pause_every=1
Input:  /pnfs/sbnd/scratch/users/munjung/v10_06_00/data_MCP2025B_CrossingMuon_FullRun1_AfterLight_8_crossingmuon/waveforms
Output: /pnfs/sbnd/scratch/users/munjung/v10_06_00/data_MCP2025B_CrossingMuon_FullRun1_AfterLight_8_crossingmuon/h5 (g4-raw-0_*.h5)
User memory budget: 37 GiB, currently used: 19 GiB
Converting 71789176_29 at Wed Sep  2 08:30:31 AM CDT 2026
FAILED 71789176_29 at Wed Sep  2 08:31:27 AM CDT 2026
PAUSE after 1 conversions: cooldown 30s + cleanup
Converting 71789222_75 at Wed Sep  2 08:32:00 AM CDT 2026
FAILED 71789222_75 at Wed Sep  2 08:32:36 AM CDT 2026
PAUSE after 1 conversions: cooldown 30s + cleanup
Converting 71789265_118 at Wed Sep  2 08:33:09 AM CDT 2026
Starting batch (crossingmuon, tpc=0) at Wed Sep  2 08:36:45 AM CDT 2026 parallel=0 workers=1 pause_every=1
Input:  /pnfs/sbnd/scratch/users/munjung/v10_06_00/data_MCP2025B_CrossingMuon_FullRun1_AfterLight_8_crossingmuon/waveforms
Output: /pnfs/sbnd/scratch/users/munjung/v10_06_00/data_MCP2025B_CrossingMuon_FullRun1_AfterLight_8_crossingmuon/h5 (g4-raw-0_*.h5)
User memory budget: 37 GiB, currently used: 19 GiB
Converting 71789176_29 at Wed Sep  2 08:36:46 AM CDT 2026
FAILED 71789176_29 at Wed Sep  2 08:37:39 AM CDT 2026
PAUSE after 1 conversions: cooldown 30s + cleanup
Converting 71789222_75 at Wed Sep  2 08:38:11 AM CDT 2026
FAILED 71789222_75 at Wed Sep  2 08:38:55 AM CDT 2026
PAUSE after 1 conversions: cooldown 30s + cleanup
Converting 71789265_118 at Wed Sep  2 08:39:28 AM CDT 2026
Starting batch (crossingmuon, tpc=0) at Wed Sep  2 08:58:03 AM CDT 2026 parallel=0 workers=1 pause_every=1
Input:  /pnfs/sbnd/scratch/users/munjung/v10_06_00/data_MCP2025B_CrossingMuon_FullRun1_AfterLight_8_crossingmuon/waveforms
Output: /pnfs/sbnd/scratch/users/munjung/v10_06_00/data_MCP2025B_CrossingMuon_FullRun1_AfterLight_8_crossingmuon/h5 (g4-raw-0_*.h5)
User memory budget: 37 GiB, currently used: 19 GiB
Converting 71789176_29 at Wed Sep  2 08:58:04 AM CDT 2026
FAILED 71789176_29 at Wed Sep  2 08:59:03 AM CDT 2026
PAUSE after 1 conversions: cooldown 30s + cleanup
Converting 71789222_75 at Wed Sep  2 08:59:36 AM CDT 2026
FAILED 71789222_75 at Wed Sep  2 09:00:15 AM CDT 2026
PAUSE after 1 conversions: cooldown 30s + cleanup
Converting 71789265_118 at Wed Sep  2 09:00:47 AM CDT 2026
Starting batch (crossingmuon, tpc=0) at Wed Sep  2 09:34:23 AM CDT 2026 parallel=0 workers=1 pause_every=1
Input:  /pnfs/sbnd/scratch/users/munjung/v10_06_00/data_MCP2025B_CrossingMuon_FullRun1_AfterLight_8_crossingmuon/waveforms
Output: /pnfs/sbnd/scratch/users/munjung/v10_06_00/data_MCP2025B_CrossingMuon_FullRun1_AfterLight_8_crossingmuon/h5 (g4-raw-0_*.h5)
User memory budget: 37 GiB, currently used: 19 GiB
Converting 71789176_29 at Wed Sep  2 09:34:23 AM CDT 2026
FAILED 71789176_29 at Wed Sep  2 09:35:26 AM CDT 2026
PAUSE after 1 conversions: cooldown 30s + cleanup
Converting 71789222_75 at Wed Sep  2 09:35:58 AM CDT 2026
FAILED 71789222_75 at Wed Sep  2 09:36:45 AM CDT 2026
PAUSE after 1 conversions: cooldown 30s + cleanup
Converting 71789265_118 at Wed Sep  2 09:37:18 AM CDT 2026
Starting batch (crossingmuon, tpc=0) at Wed Sep  2 09:40:37 AM CDT 2026 parallel=0 workers=1 pause_every=1
Input:  /pnfs/sbnd/scratch/users/munjung/v10_06_00/data_MCP2025B_CrossingMuon_FullRun1_AfterLight_8_crossingmuon/waveforms
Output: /pnfs/sbnd/scratch/users/munjung/v10_06_00/data_MCP2025B_CrossingMuon_FullRun1_AfterLight_8_crossingmuon/h5 (g4-raw-0_*.h5)
User memory budget: 37 GiB, currently used: 19 GiB
Converting 71789176_29 at Wed Sep  2 09:40:37 AM CDT 2026
FAILED 71789176_29 at Wed Sep  2 09:41:38 AM CDT 2026
PAUSE after 1 conversions: cooldown 30s + cleanup
Converting 71789222_75 at Wed Sep  2 09:42:11 AM CDT 2026
FAILED 71789222_75 at Wed Sep  2 09:43:00 AM CDT 2026
PAUSE after 1 conversions: cooldown 30s + cleanup
Converting 71789265_118 at Wed Sep  2 09:43:32 AM CDT 2026
Starting batch (crossingmuon, tpc=0) at Wed Sep  2 09:46:51 AM CDT 2026 parallel=0 workers=1 pause_every=1
Input:  /pnfs/sbnd/scratch/users/munjung/v10_06_00/data_MCP2025B_CrossingMuon_FullRun1_AfterLight_8_crossingmuon/waveforms
Output: /pnfs/sbnd/scratch/users/munjung/v10_06_00/data_MCP2025B_CrossingMuon_FullRun1_AfterLight_8_crossingmuon/h5 (g4-raw-0_*.h5)
User memory budget: 37 GiB, currently used: 19 GiB
Converting 71789176_29 at Wed Sep  2 09:46:52 AM CDT 2026
FAILED 71789176_29 at Wed Sep  2 09:47:55 AM CDT 2026
PAUSE after 1 conversions: cooldown 30s + cleanup
Converting 71789222_75 at Wed Sep  2 09:48:27 AM CDT 2026
FAILED 71789222_75 at Wed Sep  2 09:49:14 AM CDT 2026
PAUSE after 1 conversions: cooldown 30s + cleanup
Converting 71789265_118 at Wed Sep  2 09:49:46 AM CDT 2026
Starting batch (crossingmuon, tpc=0) at Wed Sep  2 12:47:25 PM CDT 2026 parallel=0 workers=1 pause_every=1
Input:  /pnfs/sbnd/scratch/users/munjung/v10_06_00/data_MCP2025B_CrossingMuon_FullRun1_AfterLight_8_crossingmuon/waveforms
Output: /pnfs/sbnd/scratch/users/munjung/v10_06_00/data_MCP2025B_CrossingMuon_FullRun1_AfterLight_8_crossingmuon/h5 (g4-raw-0_*.h5)
User memory budget: 37 GiB, currently used: 15 GiB
Converting 71789176_29 at Wed Sep  2 12:47:25 PM CDT 2026
FAILED 71789176_29 at Wed Sep  2 12:48:22 PM CDT 2026
PAUSE after 1 conversions: cooldown 30s + cleanup
Converting 71789222_75 at Wed Sep  2 12:48:55 PM CDT 2026
FAILED 71789222_75 at Wed Sep  2 12:49:39 PM CDT 2026
PAUSE after 1 conversions: cooldown 30s + cleanup
Converting 71789265_118 at Wed Sep  2 12:50:12 PM CDT 2026
Starting batch (crossingmuon, tpc=0) at Wed Sep  2 12:53:40 PM CDT 2026 parallel=0 workers=1 pause_every=1
Input:  /pnfs/sbnd/scratch/users/munjung/v10_06_00/data_MCP2025B_CrossingMuon_FullRun1_AfterLight_8_crossingmuon/waveforms
Output: /pnfs/sbnd/scratch/users/munjung/v10_06_00/data_MCP2025B_CrossingMuon_FullRun1_AfterLight_8_crossingmuon/h5 (g4-raw-0_*.h5)
User memory budget: 37 GiB, currently used: 15 GiB
Converting 71789176_29 at Wed Sep  2 12:53:40 PM CDT 2026
FAILED 71789176_29 at Wed Sep  2 12:54:42 PM CDT 2026
PAUSE after 1 conversions: cooldown 30s + cleanup
Converting 71789222_75 at Wed Sep  2 12:55:15 PM CDT 2026
FAILED 71789222_75 at Wed Sep  2 12:56:11 PM CDT 2026
PAUSE after 1 conversions: cooldown 30s + cleanup
Converting 71789265_118 at Wed Sep  2 12:56:45 PM CDT 2026
Starting batch (crossingmuon, tpc=0) at Wed Sep  2 12:58:41 PM CDT 2026 parallel=0 workers=1 pause_every=1
Input:  /pnfs/sbnd/scratch/users/munjung/v10_06_00/data_MCP2025B_CrossingMuon_FullRun1_AfterLight_8_crossingmuon/waveforms
Output: /pnfs/sbnd/scratch/users/munjung/v10_06_00/data_MCP2025B_CrossingMuon_FullRun1_AfterLight_8_crossingmuon/h5 (g4-raw-0_*.h5)
User memory budget: 37 GiB, currently used: 14 GiB
Converting 71789176_29 at Wed Sep  2 12:58:42 PM CDT 2026
FAILED 71789176_29 at Wed Sep  2 12:59:49 PM CDT 2026
PAUSE after 1 conversions: cooldown 30s + cleanup
Converting 71789222_75 at Wed Sep  2 01:00:22 PM CDT 2026
FAILED 71789222_75 at Wed Sep  2 01:01:06 PM CDT 2026
PAUSE after 1 conversions: cooldown 30s + cleanup
Converting 71789265_118 at Wed Sep  2 01:01:39 PM CDT 2026
Starting batch (crossingmuon, tpc=0) at Wed Sep  2 01:04:56 PM CDT 2026 parallel=0 workers=1 pause_every=1
Input:  /pnfs/sbnd/scratch/users/munjung/v10_06_00/data_MCP2025B_CrossingMuon_FullRun1_AfterLight_8_crossingmuon/waveforms
Output: /pnfs/sbnd/scratch/users/munjung/v10_06_00/data_MCP2025B_CrossingMuon_FullRun1_AfterLight_8_crossingmuon/h5 (g4-raw-0_*.h5)
User memory budget: 37 GiB, currently used: 14 GiB
Converting 71789176_29 at Wed Sep  2 01:04:57 PM CDT 2026
FAILED 71789176_29 at Wed Sep  2 01:06:05 PM CDT 2026
PAUSE after 1 conversions: cooldown 30s + cleanup
Converting 71789222_75 at Wed Sep  2 01:06:38 PM CDT 2026
FAILED 71789222_75 at Wed Sep  2 01:07:33 PM CDT 2026
PAUSE after 1 conversions: cooldown 30s + cleanup
Converting 71789265_118 at Wed Sep  2 01:08:06 PM CDT 2026
Starting batch (crossingmuon, tpc=0) at Wed Sep  2 01:14:58 PM CDT 2026 parallel=0 workers=1 pause_every=1
Input:  /pnfs/sbnd/scratch/users/munjung/v10_06_00/data_MCP2025B_CrossingMuon_FullRun1_AfterLight_8_crossingmuon/waveforms
Output: /pnfs/sbnd/scratch/users/munjung/v10_06_00/data_MCP2025B_CrossingMuon_FullRun1_AfterLight_8_crossingmuon/h5 (g4-raw-0_*.h5)
User memory budget: 37 GiB, currently used: 4 GiB
Converting 71789176_29 at Wed Sep  2 01:14:59 PM CDT 2026
FAILED 71789176_29 at Wed Sep  2 01:16:33 PM CDT 2026
PAUSE after 1 conversions: cooldown 30s + cleanup
Converting 71789222_75 at Wed Sep  2 01:17:05 PM CDT 2026
FAILED 71789222_75 at Wed Sep  2 01:17:53 PM CDT 2026
PAUSE after 1 conversions: cooldown 30s + cleanup
Converting 71789265_118 at Wed Sep  2 01:18:27 PM CDT 2026
Starting batch (crossingmuon, tpc=0) at Wed Sep  2 01:21:13 PM CDT 2026 parallel=0 workers=1 pause_every=1
Input:  /pnfs/sbnd/scratch/users/munjung/v10_06_00/data_MCP2025B_CrossingMuon_FullRun1_AfterLight_8_crossingmuon/waveforms
Output: /pnfs/sbnd/scratch/users/munjung/v10_06_00/data_MCP2025B_CrossingMuon_FullRun1_AfterLight_8_crossingmuon/h5 (g4-raw-0_*.h5)
User memory budget: 37 GiB, currently used: 4 GiB
Converting 71789176_29 at Wed Sep  2 01:21:13 PM CDT 2026
FAILED 71789176_29 at Wed Sep  2 01:22:21 PM CDT 2026
PAUSE after 1 conversions: cooldown 30s + cleanup
Converting 71789222_75 at Wed Sep  2 01:22:53 PM CDT 2026
FAILED 71789222_75 at Wed Sep  2 01:23:43 PM CDT 2026
PAUSE after 1 conversions: cooldown 30s + cleanup
Converting 71789265_118 at Wed Sep  2 01:24:16 PM CDT 2026
Starting batch (crossingmuon, tpc=0) at Wed Sep  2 01:26:14 PM CDT 2026 parallel=0 workers=1 pause_every=1
Input:  /pnfs/sbnd/scratch/users/munjung/v10_06_00/data_MCP2025B_CrossingMuon_FullRun1_AfterLight_8_crossingmuon/waveforms
Output: /pnfs/sbnd/scratch/users/munjung/v10_06_00/data_MCP2025B_CrossingMuon_FullRun1_AfterLight_8_crossingmuon/h5 (g4-raw-0_*.h5)
User memory budget: 37 GiB, currently used: 4 GiB
Converting 71789176_29 at Wed Sep  2 01:26:15 PM CDT 2026
FAILED 71789176_29 at Wed Sep  2 01:27:18 PM CDT 2026
PAUSE after 1 conversions: cooldown 30s + cleanup
Converting 71789222_75 at Wed Sep  2 01:27:50 PM CDT 2026
FAILED 71789222_75 at Wed Sep  2 01:28:34 PM CDT 2026
PAUSE after 1 conversions: cooldown 30s + cleanup
Converting 71789265_118 at Wed Sep  2 01:29:07 PM CDT 2026
Starting batch (crossingmuon, tpc=0) at Wed Sep  2 04:18:02 PM CDT 2026 parallel=0 workers=1 pause_every=1
Input:  /pnfs/sbnd/scratch/users/munjung/v10_06_00/data_MCP2025B_CrossingMuon_FullRun1_AfterLight_8_crossingmuon/waveforms
Output: /pnfs/sbnd/scratch/users/munjung/v10_06_00/data_MCP2025B_CrossingMuon_FullRun1_AfterLight_8_crossingmuon/h5 (g4-raw-0_*.h5)
User memory budget: 37 GiB, currently used: 7 GiB
Converting 71789176_29 at Wed Sep  2 04:18:02 PM CDT 2026
FAILED 71789176_29 at Wed Sep  2 04:20:06 PM CDT 2026
PAUSE after 1 conversions: cooldown 30s + cleanup
Converting 71789222_75 at Wed Sep  2 04:20:38 PM CDT 2026
FAILED 71789222_75 at Wed Sep  2 04:21:49 PM CDT 2026
PAUSE after 1 conversions: cooldown 30s + cleanup
Converting 71789265_118 at Wed Sep  2 04:22:21 PM CDT 2026
Starting batch (crossingmuon, tpc=0) at Wed Sep  2 04:24:16 PM CDT 2026 parallel=0 workers=1 pause_every=1
Input:  /pnfs/sbnd/scratch/users/munjung/v10_06_00/data_MCP2025B_CrossingMuon_FullRun1_AfterLight_8_crossingmuon/waveforms
Output: /pnfs/sbnd/scratch/users/munjung/v10_06_00/data_MCP2025B_CrossingMuon_FullRun1_AfterLight_8_crossingmuon/h5 (g4-raw-0_*.h5)
User memory budget: 37 GiB, currently used: 7 GiB
Converting 71789176_29 at Wed Sep  2 04:24:17 PM CDT 2026
FAILED 71789176_29 at Wed Sep  2 04:25:41 PM CDT 2026
PAUSE after 1 conversions: cooldown 30s + cleanup
Converting 71789222_75 at Wed Sep  2 04:26:14 PM CDT 2026
FAILED 71789222_75 at Wed Sep  2 04:27:12 PM CDT 2026
PAUSE after 1 conversions: cooldown 30s + cleanup
Converting 71789265_118 at Wed Sep  2 04:27:44 PM CDT 2026
Starting batch (crossingmuon, tpc=0) at Wed Sep  2 04:34:18 PM CDT 2026 parallel=0 workers=1 pause_every=1
Input:  /pnfs/sbnd/scratch/users/munjung/v10_06_00/data_MCP2025B_CrossingMuon_FullRun1_AfterLight_8_crossingmuon/waveforms
Output: /pnfs/sbnd/scratch/users/munjung/v10_06_00/data_MCP2025B_CrossingMuon_FullRun1_AfterLight_8_crossingmuon/h5 (g4-raw-0_*.h5)
User memory budget: 37 GiB, currently used: 7 GiB
Converting 71789176_29 at Wed Sep  2 04:34:19 PM CDT 2026
FAILED 71789176_29 at Wed Sep  2 04:35:36 PM CDT 2026
PAUSE after 1 conversions: cooldown 30s + cleanup
Converting 71789222_75 at Wed Sep  2 04:36:09 PM CDT 2026
FAILED 71789222_75 at Wed Sep  2 04:37:43 PM CDT 2026
PAUSE after 1 conversions: cooldown 30s + cleanup
Converting 71789265_118 at Wed Sep  2 04:38:17 PM CDT 2026
Starting batch (crossingmuon, tpc=0) at Wed Sep  2 04:44:20 PM CDT 2026 parallel=0 workers=1 pause_every=1
Input:  /pnfs/sbnd/scratch/users/munjung/v10_06_00/data_MCP2025B_CrossingMuon_FullRun1_AfterLight_8_crossingmuon/waveforms
Output: /pnfs/sbnd/scratch/users/munjung/v10_06_00/data_MCP2025B_CrossingMuon_FullRun1_AfterLight_8_crossingmuon/h5 (g4-raw-0_*.h5)
User memory budget: 37 GiB, currently used: 7 GiB
Converting 71789176_29 at Wed Sep  2 04:44:21 PM CDT 2026
FAILED 71789176_29 at Wed Sep  2 04:45:14 PM CDT 2026
PAUSE after 1 conversions: cooldown 30s + cleanup
Converting 71789222_75 at Wed Sep  2 04:45:47 PM CDT 2026
FAILED 71789222_75 at Wed Sep  2 04:46:26 PM CDT 2026
PAUSE after 1 conversions: cooldown 30s + cleanup
Converting 71789265_118 at Wed Sep  2 04:46:59 PM CDT 2026
DONE 71789265_118 at Wed Sep  2 04:54:45 PM CDT 2026
PAUSE after 1 conversions: cooldown 30s + cleanup
Converting 71789266_119 at Wed Sep  2 04:55:17 PM CDT 2026
DONE 71789266_119 at Wed Sep  2 05:00:14 PM CDT 2026
PAUSE after 1 conversions: cooldown 30s + cleanup
Converting 71789267_120 at Wed Sep  2 05:00:46 PM CDT 2026
DONE 71789267_120 at Wed Sep  2 05:05:19 PM CDT 2026
PAUSE after 1 conversions: cooldown 30s + cleanup
Converting 71789268_121 at Wed Sep  2 05:05:52 PM CDT 2026
Starting batch (crossingmuon, tpc=0) at Wed Sep  2 05:10:38 PM CDT 2026 parallel=0 workers=1 pause_every=1
Input:  /pnfs/sbnd/scratch/users/munjung/v10_06_00/data_MCP2025B_CrossingMuon_FullRun1_AfterLight_8_crossingmuon/waveforms
Output: /pnfs/sbnd/scratch/users/munjung/v10_06_00/data_MCP2025B_CrossingMuon_FullRun1_AfterLight_8_crossingmuon/h5 (g4-raw-0_*.h5)
User memory budget: 37 GiB, currently used: 8 GiB
Converting 71789176_29 at Wed Sep  2 05:10:38 PM CDT 2026
FAILED 71789176_29 at Wed Sep  2 05:11:40 PM CDT 2026
PAUSE after 1 conversions: cooldown 30s + cleanup
Converting 71789222_75 at Wed Sep  2 05:12:12 PM CDT 2026
FAILED 71789222_75 at Wed Sep  2 05:12:55 PM CDT 2026
PAUSE after 1 conversions: cooldown 30s + cleanup
Converting 71789268_121 at Wed Sep  2 05:13:29 PM CDT 2026
Starting batch (crossingmuon, tpc=0) at Wed Sep  2 05:20:40 PM CDT 2026 parallel=0 workers=1 pause_every=1
Input:  /pnfs/sbnd/scratch/users/munjung/v10_06_00/data_MCP2025B_CrossingMuon_FullRun1_AfterLight_8_crossingmuon/waveforms
Output: /pnfs/sbnd/scratch/users/munjung/v10_06_00/data_MCP2025B_CrossingMuon_FullRun1_AfterLight_8_crossingmuon/h5 (g4-raw-0_*.h5)
User memory budget: 37 GiB, currently used: 9 GiB
Converting 71789176_29 at Wed Sep  2 05:20:41 PM CDT 2026
FAILED 71789176_29 at Wed Sep  2 05:21:39 PM CDT 2026
PAUSE after 1 conversions: cooldown 30s + cleanup
Converting 71789222_75 at Wed Sep  2 05:22:12 PM CDT 2026
FAILED 71789222_75 at Wed Sep  2 05:22:51 PM CDT 2026
PAUSE after 1 conversions: cooldown 30s + cleanup
Converting 71789268_121 at Wed Sep  2 05:23:25 PM CDT 2026
Starting batch (crossingmuon, tpc=0) at Wed Sep  2 05:26:55 PM CDT 2026 parallel=0 workers=1 pause_every=1
Input:  /pnfs/sbnd/scratch/users/munjung/v10_06_00/data_MCP2025B_CrossingMuon_FullRun1_AfterLight_8_crossingmuon/waveforms
Output: /pnfs/sbnd/scratch/users/munjung/v10_06_00/data_MCP2025B_CrossingMuon_FullRun1_AfterLight_8_crossingmuon/h5 (g4-raw-0_*.h5)
User memory budget: 37 GiB, currently used: 9 GiB
Converting 71789176_29 at Wed Sep  2 05:26:55 PM CDT 2026
FAILED 71789176_29 at Wed Sep  2 05:27:52 PM CDT 2026
PAUSE after 1 conversions: cooldown 30s + cleanup
Converting 71789222_75 at Wed Sep  2 05:28:25 PM CDT 2026
FAILED 71789222_75 at Wed Sep  2 05:29:05 PM CDT 2026
PAUSE after 1 conversions: cooldown 30s + cleanup
Converting 71789268_121 at Wed Sep  2 05:29:39 PM CDT 2026
Starting batch (crossingmuon, tpc=0) at Wed Sep  2 05:36:57 PM CDT 2026 parallel=0 workers=1 pause_every=1
Input:  /pnfs/sbnd/scratch/users/munjung/v10_06_00/data_MCP2025B_CrossingMuon_FullRun1_AfterLight_8_crossingmuon/waveforms
Output: /pnfs/sbnd/scratch/users/munjung/v10_06_00/data_MCP2025B_CrossingMuon_FullRun1_AfterLight_8_crossingmuon/h5 (g4-raw-0_*.h5)
User memory budget: 37 GiB, currently used: 10 GiB
Converting 71789176_29 at Wed Sep  2 05:36:58 PM CDT 2026
FAILED 71789176_29 at Wed Sep  2 05:37:52 PM CDT 2026
PAUSE after 1 conversions: cooldown 30s + cleanup
Converting 71789222_75 at Wed Sep  2 05:38:25 PM CDT 2026
FAILED 71789222_75 at Wed Sep  2 05:39:02 PM CDT 2026
PAUSE after 1 conversions: cooldown 30s + cleanup
Converting 71789268_121 at Wed Sep  2 05:39:36 PM CDT 2026
DONE 71789268_121 at Wed Sep  2 05:44:24 PM CDT 2026
PAUSE after 1 conversions: cooldown 30s + cleanup
Converting 71789269_122 at Wed Sep  2 05:44:56 PM CDT 2026
Starting batch (crossingmuon, tpc=0) at Wed Sep  2 05:48:12 PM CDT 2026 parallel=0 workers=1 pause_every=1
Input:  /pnfs/sbnd/scratch/users/munjung/v10_06_00/data_MCP2025B_CrossingMuon_FullRun1_AfterLight_8_crossingmuon/waveforms
Output: /pnfs/sbnd/scratch/users/munjung/v10_06_00/data_MCP2025B_CrossingMuon_FullRun1_AfterLight_8_crossingmuon/h5 (g4-raw-0_*.h5)
User memory budget: 37 GiB, currently used: 10 GiB
Converting 71789176_29 at Wed Sep  2 05:48:13 PM CDT 2026
FAILED 71789176_29 at Wed Sep  2 05:49:14 PM CDT 2026
PAUSE after 1 conversions: cooldown 30s + cleanup
Converting 71789222_75 at Wed Sep  2 05:49:47 PM CDT 2026
FAILED 71789222_75 at Wed Sep  2 05:50:33 PM CDT 2026
PAUSE after 1 conversions: cooldown 30s + cleanup
Converting 71789269_122 at Wed Sep  2 05:51:07 PM CDT 2026
Starting batch (crossingmuon, tpc=0) at Wed Sep  2 08:34:54 PM CDT 2026 parallel=0 workers=1 pause_every=1
Input:  /pnfs/sbnd/scratch/users/munjung/v10_06_00/data_MCP2025B_CrossingMuon_FullRun1_AfterLight_8_crossingmuon/waveforms
Output: /pnfs/sbnd/scratch/users/munjung/v10_06_00/data_MCP2025B_CrossingMuon_FullRun1_AfterLight_8_crossingmuon/h5 (g4-raw-0_*.h5)
User memory budget: 37 GiB, currently used: 10 GiB
Converting 71789176_29 at Wed Sep  2 08:34:55 PM CDT 2026
FAILED 71789176_29 at Wed Sep  2 08:36:26 PM CDT 2026
PAUSE after 1 conversions: cooldown 30s + cleanup
Converting 71789222_75 at Wed Sep  2 08:36:59 PM CDT 2026
FAILED 71789222_75 at Wed Sep  2 08:37:46 PM CDT 2026
PAUSE after 1 conversions: cooldown 30s + cleanup
Converting 71789269_122 at Wed Sep  2 08:38:19 PM CDT 2026
Starting batch (crossingmuon, tpc=0) at Wed Sep  2 08:41:08 PM CDT 2026 parallel=0 workers=1 pause_every=1
Input:  /pnfs/sbnd/scratch/users/munjung/v10_06_00/data_MCP2025B_CrossingMuon_FullRun1_AfterLight_8_crossingmuon/waveforms
Output: /pnfs/sbnd/scratch/users/munjung/v10_06_00/data_MCP2025B_CrossingMuon_FullRun1_AfterLight_8_crossingmuon/h5 (g4-raw-0_*.h5)
User memory budget: 37 GiB, currently used: 10 GiB
Converting 71789176_29 at Wed Sep  2 08:41:09 PM CDT 2026
FAILED 71789176_29 at Wed Sep  2 08:42:06 PM CDT 2026
PAUSE after 1 conversions: cooldown 30s + cleanup
Converting 71789222_75 at Wed Sep  2 08:42:38 PM CDT 2026
FAILED 71789222_75 at Wed Sep  2 08:43:17 PM CDT 2026
PAUSE after 1 conversions: cooldown 30s + cleanup
Converting 71789269_122 at Wed Sep  2 08:43:50 PM CDT 2026
Starting batch (crossingmuon, tpc=0) at Wed Sep  2 08:46:10 PM CDT 2026 parallel=0 workers=1 pause_every=1
Input:  /pnfs/sbnd/scratch/users/munjung/v10_06_00/data_MCP2025B_CrossingMuon_FullRun1_AfterLight_8_crossingmuon/waveforms
Output: /pnfs/sbnd/scratch/users/munjung/v10_06_00/data_MCP2025B_CrossingMuon_FullRun1_AfterLight_8_crossingmuon/h5 (g4-raw-0_*.h5)
User memory budget: 37 GiB, currently used: 11 GiB
Converting 71789176_29 at Wed Sep  2 08:46:10 PM CDT 2026
FAILED 71789176_29 at Wed Sep  2 08:47:03 PM CDT 2026
PAUSE after 1 conversions: cooldown 30s + cleanup
Converting 71789222_75 at Wed Sep  2 08:47:36 PM CDT 2026
FAILED 71789222_75 at Wed Sep  2 08:48:15 PM CDT 2026
PAUSE after 1 conversions: cooldown 30s + cleanup
Converting 71789269_122 at Wed Sep  2 08:48:48 PM CDT 2026
DONE 71789269_122 at Wed Sep  2 08:51:54 PM CDT 2026
PAUSE after 1 conversions: cooldown 30s + cleanup
Converting 71789270_123 at Wed Sep  2 08:52:26 PM CDT 2026
Starting batch (crossingmuon, tpc=0) at Wed Sep  2 08:57:25 PM CDT 2026 parallel=0 workers=1 pause_every=1
Input:  /pnfs/sbnd/scratch/users/munjung/v10_06_00/data_MCP2025B_CrossingMuon_FullRun1_AfterLight_8_crossingmuon/waveforms
Output: /pnfs/sbnd/scratch/users/munjung/v10_06_00/data_MCP2025B_CrossingMuon_FullRun1_AfterLight_8_crossingmuon/h5 (g4-raw-0_*.h5)
User memory budget: 37 GiB, currently used: 10 GiB
Converting 71789176_29 at Wed Sep  2 08:57:25 PM CDT 2026
FAILED 71789176_29 at Wed Sep  2 08:58:22 PM CDT 2026
PAUSE after 1 conversions: cooldown 30s + cleanup
Converting 71789222_75 at Wed Sep  2 08:58:55 PM CDT 2026
FAILED 71789222_75 at Wed Sep  2 08:59:35 PM CDT 2026
PAUSE after 1 conversions: cooldown 30s + cleanup
Converting 71789270_123 at Wed Sep  2 09:00:09 PM CDT 2026
DONE 71789270_123 at Wed Sep  2 09:05:13 PM CDT 2026
PAUSE after 1 conversions: cooldown 30s + cleanup
Converting 71789271_124 at Wed Sep  2 09:05:45 PM CDT 2026
Starting batch (crossingmuon, tpc=0) at Wed Sep  2 09:07:27 PM CDT 2026 parallel=0 workers=1 pause_every=1
Input:  /pnfs/sbnd/scratch/users/munjung/v10_06_00/data_MCP2025B_CrossingMuon_FullRun1_AfterLight_8_crossingmuon/waveforms
Output: /pnfs/sbnd/scratch/users/munjung/v10_06_00/data_MCP2025B_CrossingMuon_FullRun1_AfterLight_8_crossingmuon/h5 (g4-raw-0_*.h5)
User memory budget: 37 GiB, currently used: 10 GiB
Converting 71789176_29 at Wed Sep  2 09:07:28 PM CDT 2026
FAILED 71789176_29 at Wed Sep  2 09:08:28 PM CDT 2026
PAUSE after 1 conversions: cooldown 30s + cleanup
Converting 71789222_75 at Wed Sep  2 09:09:01 PM CDT 2026
FAILED 71789222_75 at Wed Sep  2 09:09:43 PM CDT 2026
PAUSE after 1 conversions: cooldown 30s + cleanup
Converting 71789271_124 at Wed Sep  2 09:10:16 PM CDT 2026
Starting batch (crossingmuon, tpc=0) at Wed Sep  2 09:58:49 PM CDT 2026 parallel=0 workers=1 pause_every=1
Input:  /pnfs/sbnd/scratch/users/munjung/v10_06_00/data_MCP2025B_CrossingMuon_FullRun1_AfterLight_8_crossingmuon/waveforms
Output: /pnfs/sbnd/scratch/users/munjung/v10_06_00/data_MCP2025B_CrossingMuon_FullRun1_AfterLight_8_crossingmuon/h5 (g4-raw-0_*.h5)
User memory budget: 37 GiB, currently used: 10 GiB
Converting 71789176_29 at Wed Sep  2 09:58:50 PM CDT 2026
FAILED 71789176_29 at Wed Sep  2 10:00:15 PM CDT 2026
PAUSE after 1 conversions: cooldown 30s + cleanup
Converting 71789222_75 at Wed Sep  2 10:00:47 PM CDT 2026
FAILED 71789222_75 at Wed Sep  2 10:01:32 PM CDT 2026
PAUSE after 1 conversions: cooldown 30s + cleanup
Converting 71789271_124 at Wed Sep  2 10:02:05 PM CDT 2026
DONE 71789271_124 at Wed Sep  2 10:07:34 PM CDT 2026
PAUSE after 1 conversions: cooldown 30s + cleanup
Converting 71789274_127 at Wed Sep  2 10:08:07 PM CDT 2026
Starting batch (crossingmuon, tpc=0) at Wed Sep  2 10:13:52 PM CDT 2026 parallel=0 workers=1 pause_every=1
Input:  /pnfs/sbnd/scratch/users/munjung/v10_06_00/data_MCP2025B_CrossingMuon_FullRun1_AfterLight_8_crossingmuon/waveforms
Output: /pnfs/sbnd/scratch/users/munjung/v10_06_00/data_MCP2025B_CrossingMuon_FullRun1_AfterLight_8_crossingmuon/h5 (g4-raw-0_*.h5)
User memory budget: 37 GiB, currently used: 10 GiB
Converting 71789176_29 at Wed Sep  2 10:13:52 PM CDT 2026
FAILED 71789176_29 at Wed Sep  2 10:14:56 PM CDT 2026
PAUSE after 1 conversions: cooldown 30s + cleanup
Converting 71789222_75 at Wed Sep  2 10:15:29 PM CDT 2026
FAILED 71789222_75 at Wed Sep  2 10:16:17 PM CDT 2026
PAUSE after 1 conversions: cooldown 30s + cleanup
Converting 71789274_127 at Wed Sep  2 10:16:49 PM CDT 2026
Starting batch (crossingmuon, tpc=0) at Wed Sep  2 10:20:06 PM CDT 2026 parallel=0 workers=1 pause_every=1
Input:  /pnfs/sbnd/scratch/users/munjung/v10_06_00/data_MCP2025B_CrossingMuon_FullRun1_AfterLight_8_crossingmuon/waveforms
Output: /pnfs/sbnd/scratch/users/munjung/v10_06_00/data_MCP2025B_CrossingMuon_FullRun1_AfterLight_8_crossingmuon/h5 (g4-raw-0_*.h5)
User memory budget: 37 GiB, currently used: 10 GiB
Converting 71789176_29 at Wed Sep  2 10:20:07 PM CDT 2026
FAILED 71789176_29 at Wed Sep  2 10:21:02 PM CDT 2026
PAUSE after 1 conversions: cooldown 30s + cleanup
Converting 71789222_75 at Wed Sep  2 10:21:35 PM CDT 2026
FAILED 71789222_75 at Wed Sep  2 10:22:15 PM CDT 2026
PAUSE after 1 conversions: cooldown 30s + cleanup
Converting 71789274_127 at Wed Sep  2 10:22:49 PM CDT 2026
Starting batch (crossingmuon, tpc=0) at Wed Sep  2 10:26:20 PM CDT 2026 parallel=0 workers=1 pause_every=1
Input:  /pnfs/sbnd/scratch/users/munjung/v10_06_00/data_MCP2025B_CrossingMuon_FullRun1_AfterLight_8_crossingmuon/waveforms
Output: /pnfs/sbnd/scratch/users/munjung/v10_06_00/data_MCP2025B_CrossingMuon_FullRun1_AfterLight_8_crossingmuon/h5 (g4-raw-0_*.h5)
User memory budget: 37 GiB, currently used: 10 GiB
Converting 71789176_29 at Wed Sep  2 10:26:21 PM CDT 2026
FAILED 71789176_29 at Wed Sep  2 10:27:11 PM CDT 2026
PAUSE after 1 conversions: cooldown 30s + cleanup
Converting 71789222_75 at Wed Sep  2 10:27:44 PM CDT 2026
FAILED 71789222_75 at Wed Sep  2 10:28:22 PM CDT 2026
PAUSE after 1 conversions: cooldown 30s + cleanup
Converting 71789274_127 at Wed Sep  2 10:28:56 PM CDT 2026
DONE 71789274_127 at Wed Sep  2 10:31:53 PM CDT 2026
PAUSE after 1 conversions: cooldown 30s + cleanup
Converting 71789279_132 at Wed Sep  2 10:32:25 PM CDT 2026
DONE 71789279_132 at Wed Sep  2 10:35:53 PM CDT 2026
PAUSE after 1 conversions: cooldown 30s + cleanup
Converting 71789280_133 at Wed Sep  2 10:36:25 PM CDT 2026
DONE 71789280_133 at Wed Sep  2 10:39:54 PM CDT 2026
PAUSE after 1 conversions: cooldown 30s + cleanup
Converting 71789283_136 at Wed Sep  2 10:40:26 PM CDT 2026
DONE 71789283_136 at Wed Sep  2 10:44:00 PM CDT 2026
PAUSE after 1 conversions: cooldown 30s + cleanup
Converting 71789284_137 at Wed Sep  2 10:44:33 PM CDT 2026
Starting batch (crossingmuon, tpc=0) at Wed Sep  2 10:46:24 PM CDT 2026 parallel=0 workers=1 pause_every=1
Input:  /pnfs/sbnd/scratch/users/munjung/v10_06_00/data_MCP2025B_CrossingMuon_FullRun1_AfterLight_8_crossingmuon/waveforms
Output: /pnfs/sbnd/scratch/users/munjung/v10_06_00/data_MCP2025B_CrossingMuon_FullRun1_AfterLight_8_crossingmuon/h5 (g4-raw-0_*.h5)
User memory budget: 37 GiB, currently used: 0 GiB
Converting 71789176_29 at Wed Sep  2 10:46:24 PM CDT 2026
FAILED 71789176_29 at Wed Sep  2 10:47:25 PM CDT 2026
PAUSE after 1 conversions: cooldown 30s + cleanup
Converting 71789222_75 at Wed Sep  2 10:47:57 PM CDT 2026
FAILED 71789222_75 at Wed Sep  2 10:48:40 PM CDT 2026
PAUSE after 1 conversions: cooldown 30s + cleanup
Converting 71789284_137 at Wed Sep  2 10:49:13 PM CDT 2026
DONE 71789284_137 at Wed Sep  2 10:51:19 PM CDT 2026
PAUSE after 1 conversions: cooldown 30s + cleanup
Converting 71789285_138 at Wed Sep  2 10:51:51 PM CDT 2026
DONE 71789285_138 at Wed Sep  2 10:54:03 PM CDT 2026
PAUSE after 1 conversions: cooldown 30s + cleanup
Converting 71789286_139 at Wed Sep  2 10:54:35 PM CDT 2026
Starting batch (crossingmuon, tpc=0) at Thu Sep  3 02:03:09 AM CDT 2026 parallel=0 workers=1 pause_every=1
Input:  /pnfs/sbnd/scratch/users/munjung/v10_06_00/data_MCP2025B_CrossingMuon_FullRun1_AfterLight_8_crossingmuon/waveforms
Output: /pnfs/sbnd/scratch/users/munjung/v10_06_00/data_MCP2025B_CrossingMuon_FullRun1_AfterLight_8_crossingmuon/h5 (g4-raw-0_*.h5)
User memory budget: 37 GiB, currently used: 2 GiB
Converting 71789176_29 at Thu Sep  3 02:03:10 AM CDT 2026
FAILED 71789176_29 at Thu Sep  3 02:04:42 AM CDT 2026
PAUSE after 1 conversions: cooldown 30s + cleanup
Converting 71789222_75 at Thu Sep  3 02:05:15 AM CDT 2026
FAILED 71789222_75 at Thu Sep  3 02:06:02 AM CDT 2026
PAUSE after 1 conversions: cooldown 30s + cleanup
Converting 71789286_139 at Thu Sep  3 02:06:35 AM CDT 2026
Starting batch (crossingmuon, tpc=0) at Thu Sep  3 02:09:23 AM CDT 2026 parallel=0 workers=1 pause_every=1
Input:  /pnfs/sbnd/scratch/users/munjung/v10_06_00/data_MCP2025B_CrossingMuon_FullRun1_AfterLight_8_crossingmuon/waveforms
Output: /pnfs/sbnd/scratch/users/munjung/v10_06_00/data_MCP2025B_CrossingMuon_FullRun1_AfterLight_8_crossingmuon/h5 (g4-raw-0_*.h5)
User memory budget: 37 GiB, currently used: 2 GiB
Converting 71789176_29 at Thu Sep  3 02:09:24 AM CDT 2026
FAILED 71789176_29 at Thu Sep  3 02:10:18 AM CDT 2026
PAUSE after 1 conversions: cooldown 30s + cleanup
Converting 71789222_75 at Thu Sep  3 02:10:50 AM CDT 2026
FAILED 71789222_75 at Thu Sep  3 02:11:30 AM CDT 2026
PAUSE after 1 conversions: cooldown 30s + cleanup
Converting 71789286_139 at Thu Sep  3 02:12:04 AM CDT 2026
Starting batch (crossingmuon, tpc=0) at Thu Sep  3 02:15:38 AM CDT 2026 parallel=0 workers=1 pause_every=1
Input:  /pnfs/sbnd/scratch/users/munjung/v10_06_00/data_MCP2025B_CrossingMuon_FullRun1_AfterLight_8_crossingmuon/waveforms
Output: /pnfs/sbnd/scratch/users/munjung/v10_06_00/data_MCP2025B_CrossingMuon_FullRun1_AfterLight_8_crossingmuon/h5 (g4-raw-0_*.h5)
User memory budget: 37 GiB, currently used: 2 GiB
Converting 71789176_29 at Thu Sep  3 02:15:38 AM CDT 2026
FAILED 71789176_29 at Thu Sep  3 02:16:37 AM CDT 2026
PAUSE after 1 conversions: cooldown 30s + cleanup
Converting 71789222_75 at Thu Sep  3 02:17:10 AM CDT 2026
FAILED 71789222_75 at Thu Sep  3 02:17:49 AM CDT 2026
PAUSE after 1 conversions: cooldown 30s + cleanup
Converting 71789286_139 at Thu Sep  3 02:18:23 AM CDT 2026
Starting batch (crossingmuon, tpc=0) at Thu Sep  3 05:46:16 AM CDT 2026 parallel=0 workers=1 pause_every=1
Input:  /pnfs/sbnd/scratch/users/munjung/v10_06_00/data_MCP2025B_CrossingMuon_FullRun1_AfterLight_8_crossingmuon/waveforms
Output: /pnfs/sbnd/scratch/users/munjung/v10_06_00/data_MCP2025B_CrossingMuon_FullRun1_AfterLight_8_crossingmuon/h5 (g4-raw-0_*.h5)
User memory budget: 37 GiB, currently used: 10 GiB
Converting 71789176_29 at Thu Sep  3 05:46:16 AM CDT 2026
FAILED 71789176_29 at Thu Sep  3 05:47:47 AM CDT 2026
PAUSE after 1 conversions: cooldown 30s + cleanup
Converting 71789222_75 at Thu Sep  3 05:48:19 AM CDT 2026
FAILED 71789222_75 at Thu Sep  3 05:49:16 AM CDT 2026
PAUSE after 1 conversions: cooldown 30s + cleanup
Converting 71789286_139 at Thu Sep  3 05:49:48 AM CDT 2026
DONE 71789286_139 at Thu Sep  3 05:55:18 AM CDT 2026
PAUSE after 1 conversions: cooldown 30s + cleanup
Converting 71789287_140 at Thu Sep  3 05:55:51 AM CDT 2026
DONE 71789287_140 at Thu Sep  3 05:59:07 AM CDT 2026
PAUSE after 1 conversions: cooldown 30s + cleanup
Converting 71789288_141 at Thu Sep  3 05:59:39 AM CDT 2026
Starting batch (crossingmuon, tpc=0) at Thu Sep  3 06:02:33 AM CDT 2026 parallel=0 workers=1 pause_every=1
Input:  /pnfs/sbnd/scratch/users/munjung/v10_06_00/data_MCP2025B_CrossingMuon_FullRun1_AfterLight_8_crossingmuon/waveforms
Output: /pnfs/sbnd/scratch/users/munjung/v10_06_00/data_MCP2025B_CrossingMuon_FullRun1_AfterLight_8_crossingmuon/h5 (g4-raw-0_*.h5)
User memory budget: 37 GiB, currently used: 10 GiB
Converting 71789176_29 at Thu Sep  3 06:02:33 AM CDT 2026
FAILED 71789176_29 at Thu Sep  3 06:03:33 AM CDT 2026
PAUSE after 1 conversions: cooldown 30s + cleanup
Converting 71789222_75 at Thu Sep  3 06:04:06 AM CDT 2026
FAILED 71789222_75 at Thu Sep  3 06:05:01 AM CDT 2026
PAUSE after 1 conversions: cooldown 30s + cleanup
Converting 71789288_141 at Thu Sep  3 06:05:34 AM CDT 2026
Starting batch (crossingmuon, tpc=0) at Thu Sep  3 06:07:34 AM CDT 2026 parallel=0 workers=1 pause_every=1
Input:  /pnfs/sbnd/scratch/users/munjung/v10_06_00/data_MCP2025B_CrossingMuon_FullRun1_AfterLight_8_crossingmuon/waveforms
Output: /pnfs/sbnd/scratch/users/munjung/v10_06_00/data_MCP2025B_CrossingMuon_FullRun1_AfterLight_8_crossingmuon/h5 (g4-raw-0_*.h5)
User memory budget: 37 GiB, currently used: 10 GiB
Converting 71789176_29 at Thu Sep  3 06:07:35 AM CDT 2026
FAILED 71789176_29 at Thu Sep  3 06:08:29 AM CDT 2026
PAUSE after 1 conversions: cooldown 30s + cleanup
Converting 71789222_75 at Thu Sep  3 06:09:01 AM CDT 2026
FAILED 71789222_75 at Thu Sep  3 06:09:40 AM CDT 2026
PAUSE after 1 conversions: cooldown 30s + cleanup
Converting 71789288_141 at Thu Sep  3 06:10:13 AM CDT 2026
Starting batch (crossingmuon, tpc=0) at Thu Sep  3 06:17:37 AM CDT 2026 parallel=0 workers=1 pause_every=1
Input:  /pnfs/sbnd/scratch/users/munjung/v10_06_00/data_MCP2025B_CrossingMuon_FullRun1_AfterLight_8_crossingmuon/waveforms
Output: /pnfs/sbnd/scratch/users/munjung/v10_06_00/data_MCP2025B_CrossingMuon_FullRun1_AfterLight_8_crossingmuon/h5 (g4-raw-0_*.h5)
User memory budget: 37 GiB, currently used: 10 GiB
Converting 71789176_29 at Thu Sep  3 06:17:37 AM CDT 2026
FAILED 71789176_29 at Thu Sep  3 06:18:47 AM CDT 2026
PAUSE after 1 conversions: cooldown 30s + cleanup
Converting 71789222_75 at Thu Sep  3 06:19:19 AM CDT 2026
FAILED 71789222_75 at Thu Sep  3 06:20:10 AM CDT 2026
PAUSE after 1 conversions: cooldown 30s + cleanup
Converting 71789288_141 at Thu Sep  3 06:20:44 AM CDT 2026
Starting batch (crossingmuon, tpc=0) at Thu Sep  3 06:23:52 AM CDT 2026 parallel=0 workers=1 pause_every=1
Input:  /pnfs/sbnd/scratch/users/munjung/v10_06_00/data_MCP2025B_CrossingMuon_FullRun1_AfterLight_8_crossingmuon/waveforms
Output: /pnfs/sbnd/scratch/users/munjung/v10_06_00/data_MCP2025B_CrossingMuon_FullRun1_AfterLight_8_crossingmuon/h5 (g4-raw-0_*.h5)
User memory budget: 37 GiB, currently used: 10 GiB
Converting 71789176_29 at Thu Sep  3 06:23:53 AM CDT 2026
FAILED 71789176_29 at Thu Sep  3 06:24:48 AM CDT 2026
PAUSE after 1 conversions: cooldown 30s + cleanup
Converting 71789222_75 at Thu Sep  3 06:25:20 AM CDT 2026
FAILED 71789222_75 at Thu Sep  3 06:26:02 AM CDT 2026
PAUSE after 1 conversions: cooldown 30s + cleanup
Converting 71789288_141 at Thu Sep  3 06:26:35 AM CDT 2026
Starting batch (crossingmuon, tpc=0) at Thu Sep  3 09:05:35 AM CDT 2026 parallel=0 workers=1 pause_every=1
Input:  /pnfs/sbnd/scratch/users/munjung/v10_06_00/data_MCP2025B_CrossingMuon_FullRun1_AfterLight_8_crossingmuon/waveforms
Output: /pnfs/sbnd/scratch/users/munjung/v10_06_00/data_MCP2025B_CrossingMuon_FullRun1_AfterLight_8_crossingmuon/h5 (g4-raw-0_*.h5)
User memory budget: 37 GiB, currently used: 1 GiB
Converting 71789176_29 at Thu Sep  3 09:05:35 AM CDT 2026
FAILED 71789176_29 at Thu Sep  3 09:07:44 AM CDT 2026
PAUSE after 1 conversions: cooldown 30s + cleanup
Converting 71789222_75 at Thu Sep  3 09:08:16 AM CDT 2026
FAILED 71789222_75 at Thu Sep  3 09:09:25 AM CDT 2026
PAUSE after 1 conversions: cooldown 30s + cleanup
Converting 71789288_141 at Thu Sep  3 09:09:57 AM CDT 2026
Starting batch (crossingmuon, tpc=0) at Thu Sep  3 09:16:50 AM CDT 2026 parallel=0 workers=1 pause_every=1
Input:  /pnfs/sbnd/scratch/users/munjung/v10_06_00/data_MCP2025B_CrossingMuon_FullRun1_AfterLight_8_crossingmuon/waveforms
Output: /pnfs/sbnd/scratch/users/munjung/v10_06_00/data_MCP2025B_CrossingMuon_FullRun1_AfterLight_8_crossingmuon/h5 (g4-raw-0_*.h5)
User memory budget: 37 GiB, currently used: 1 GiB
Converting 71789176_29 at Thu Sep  3 09:16:50 AM CDT 2026
FAILED 71789176_29 at Thu Sep  3 09:18:34 AM CDT 2026
PAUSE after 1 conversions: cooldown 30s + cleanup
Converting 71789222_75 at Thu Sep  3 09:19:07 AM CDT 2026
FAILED 71789222_75 at Thu Sep  3 09:20:32 AM CDT 2026
PAUSE after 1 conversions: cooldown 30s + cleanup
Converting 71789288_141 at Thu Sep  3 09:21:05 AM CDT 2026
Starting batch (crossingmuon, tpc=0) at Thu Sep  3 09:28:06 AM CDT 2026 parallel=0 workers=1 pause_every=1
Input:  /pnfs/sbnd/scratch/users/munjung/v10_06_00/data_MCP2025B_CrossingMuon_FullRun1_AfterLight_8_crossingmuon/waveforms
Output: /pnfs/sbnd/scratch/users/munjung/v10_06_00/data_MCP2025B_CrossingMuon_FullRun1_AfterLight_8_crossingmuon/h5 (g4-raw-0_*.h5)
User memory budget: 37 GiB, currently used: 1 GiB
Converting 71789176_29 at Thu Sep  3 09:28:07 AM CDT 2026
FAILED 71789176_29 at Thu Sep  3 09:29:42 AM CDT 2026
PAUSE after 1 conversions: cooldown 30s + cleanup
Converting 71789222_75 at Thu Sep  3 09:30:14 AM CDT 2026
FAILED 71789222_75 at Thu Sep  3 09:31:31 AM CDT 2026
PAUSE after 1 conversions: cooldown 30s + cleanup
Converting 71789288_141 at Thu Sep  3 09:32:04 AM CDT 2026
Starting batch (crossingmuon, tpc=0) at Thu Sep  3 09:34:21 AM CDT 2026 parallel=0 workers=1 pause_every=1
Input:  /pnfs/sbnd/scratch/users/munjung/v10_06_00/data_MCP2025B_CrossingMuon_FullRun1_AfterLight_8_crossingmuon/waveforms
Output: /pnfs/sbnd/scratch/users/munjung/v10_06_00/data_MCP2025B_CrossingMuon_FullRun1_AfterLight_8_crossingmuon/h5 (g4-raw-0_*.h5)
User memory budget: 37 GiB, currently used: 1 GiB
Converting 71789176_29 at Thu Sep  3 09:34:21 AM CDT 2026
Starting batch (crossingmuon, tpc=0) at Thu Sep  3 09:39:22 AM CDT 2026 parallel=0 workers=1 pause_every=1
Input:  /pnfs/sbnd/scratch/users/munjung/v10_06_00/data_MCP2025B_CrossingMuon_FullRun1_AfterLight_8_crossingmuon/waveforms
Output: /pnfs/sbnd/scratch/users/munjung/v10_06_00/data_MCP2025B_CrossingMuon_FullRun1_AfterLight_8_crossingmuon/h5 (g4-raw-0_*.h5)
User memory budget: 37 GiB, currently used: 7 GiB
Converting 71789176_29 at Thu Sep  3 09:39:22 AM CDT 2026
FAILED 71789176_29 at Thu Sep  3 09:41:20 AM CDT 2026
PAUSE after 1 conversions: cooldown 30s + cleanup
Converting 71789222_75 at Thu Sep  3 09:41:52 AM CDT 2026
FAILED 71789222_75 at Thu Sep  3 09:43:18 AM CDT 2026
PAUSE after 1 conversions: cooldown 30s + cleanup
Converting 71789288_141 at Thu Sep  3 09:43:50 AM CDT 2026
Starting batch (crossingmuon, tpc=0) at Thu Sep  3 11:39:46 AM CDT 2026 parallel=0 workers=1 pause_every=1
Input:  /pnfs/sbnd/scratch/users/munjung/v10_06_00/data_MCP2025B_CrossingMuon_FullRun1_AfterLight_8_crossingmuon/waveforms
Output: /pnfs/sbnd/scratch/users/munjung/v10_06_00/data_MCP2025B_CrossingMuon_FullRun1_AfterLight_8_crossingmuon/h5 (g4-raw-0_*.h5)
User memory budget: 37 GiB, currently used: 7 GiB
Converting 71789176_29 at Thu Sep  3 11:39:46 AM CDT 2026
FAILED 71789176_29 at Thu Sep  3 11:41:22 AM CDT 2026
PAUSE after 1 conversions: cooldown 30s + cleanup
Converting 71789222_75 at Thu Sep  3 11:41:54 AM CDT 2026
FAILED 71789222_75 at Thu Sep  3 11:42:53 AM CDT 2026
PAUSE after 1 conversions: cooldown 30s + cleanup
Converting 71789288_141 at Thu Sep  3 11:43:26 AM CDT 2026
Starting batch (crossingmuon, tpc=0) at Thu Sep  3 11:49:48 AM CDT 2026 parallel=0 workers=1 pause_every=1
Input:  /pnfs/sbnd/scratch/users/munjung/v10_06_00/data_MCP2025B_CrossingMuon_FullRun1_AfterLight_8_crossingmuon/waveforms
Output: /pnfs/sbnd/scratch/users/munjung/v10_06_00/data_MCP2025B_CrossingMuon_FullRun1_AfterLight_8_crossingmuon/h5 (g4-raw-0_*.h5)
User memory budget: 37 GiB, currently used: 7 GiB
Converting 71789176_29 at Thu Sep  3 11:49:49 AM CDT 2026
FAILED 71789176_29 at Thu Sep  3 11:50:52 AM CDT 2026
PAUSE after 1 conversions: cooldown 30s + cleanup
Converting 71789222_75 at Thu Sep  3 11:51:25 AM CDT 2026
FAILED 71789222_75 at Thu Sep  3 11:52:24 AM CDT 2026
PAUSE after 1 conversions: cooldown 30s + cleanup
Converting 71789288_141 at Thu Sep  3 11:52:57 AM CDT 2026
DONE 71789288_141 at Thu Sep  3 11:57:25 AM CDT 2026
PAUSE after 1 conversions: cooldown 30s + cleanup
Converting 71789289_142 at Thu Sep  3 11:57:57 AM CDT 2026
DONE 71789289_142 at Thu Sep  3 12:01:40 PM CDT 2026
PAUSE after 1 conversions: cooldown 30s + cleanup
Converting 71789290_143 at Thu Sep  3 12:02:12 PM CDT 2026
DONE 71789290_143 at Thu Sep  3 12:05:11 PM CDT 2026
PAUSE after 1 conversions: cooldown 30s + cleanup
Converting 71789291_144 at Thu Sep  3 12:05:43 PM CDT 2026
DONE 71789291_144 at Thu Sep  3 12:07:42 PM CDT 2026
PAUSE after 1 conversions: cooldown 30s + cleanup
Converting 71789292_145 at Thu Sep  3 12:08:15 PM CDT 2026
Starting batch (crossingmuon, tpc=0) at Thu Sep  3 12:11:07 PM CDT 2026 parallel=0 workers=1 pause_every=1
Input:  /pnfs/sbnd/scratch/users/munjung/v10_06_00/data_MCP2025B_CrossingMuon_FullRun1_AfterLight_8_crossingmuon/waveforms
Output: /pnfs/sbnd/scratch/users/munjung/v10_06_00/data_MCP2025B_CrossingMuon_FullRun1_AfterLight_8_crossingmuon/h5 (g4-raw-0_*.h5)
User memory budget: 37 GiB, currently used: 6 GiB
Converting 71789176_29 at Thu Sep  3 12:11:08 PM CDT 2026
FAILED 71789176_29 at Thu Sep  3 12:12:42 PM CDT 2026
PAUSE after 1 conversions: cooldown 30s + cleanup
Converting 71789222_75 at Thu Sep  3 12:13:15 PM CDT 2026
FAILED 71789222_75 at Thu Sep  3 12:14:35 PM CDT 2026
PAUSE after 1 conversions: cooldown 30s + cleanup
Converting 71789292_145 at Thu Sep  3 12:15:08 PM CDT 2026
Starting batch (crossingmuon, tpc=0) at Thu Sep  3 12:21:10 PM CDT 2026 parallel=0 workers=1 pause_every=1
Input:  /pnfs/sbnd/scratch/users/munjung/v10_06_00/data_MCP2025B_CrossingMuon_FullRun1_AfterLight_8_crossingmuon/waveforms
Output: /pnfs/sbnd/scratch/users/munjung/v10_06_00/data_MCP2025B_CrossingMuon_FullRun1_AfterLight_8_crossingmuon/h5 (g4-raw-0_*.h5)
User memory budget: 37 GiB, currently used: 7 GiB
Converting 71789176_29 at Thu Sep  3 12:21:10 PM CDT 2026
FAILED 71789176_29 at Thu Sep  3 12:23:02 PM CDT 2026
PAUSE after 1 conversions: cooldown 30s + cleanup
Converting 71789222_75 at Thu Sep  3 12:23:35 PM CDT 2026
FAILED 71789222_75 at Thu Sep  3 12:24:35 PM CDT 2026
PAUSE after 1 conversions: cooldown 30s + cleanup
Converting 71789292_145 at Thu Sep  3 12:25:07 PM CDT 2026
Starting batch (crossingmuon, tpc=0) at Thu Sep  3 12:27:25 PM CDT 2026 parallel=0 workers=1 pause_every=1
Input:  /pnfs/sbnd/scratch/users/munjung/v10_06_00/data_MCP2025B_CrossingMuon_FullRun1_AfterLight_8_crossingmuon/waveforms
Output: /pnfs/sbnd/scratch/users/munjung/v10_06_00/data_MCP2025B_CrossingMuon_FullRun1_AfterLight_8_crossingmuon/h5 (g4-raw-0_*.h5)
User memory budget: 37 GiB, currently used: 7 GiB
Converting 71789176_29 at Thu Sep  3 12:27:25 PM CDT 2026
FAILED 71789176_29 at Thu Sep  3 12:28:19 PM CDT 2026
PAUSE after 1 conversions: cooldown 30s + cleanup
Converting 71789222_75 at Thu Sep  3 12:28:52 PM CDT 2026
FAILED 71789222_75 at Thu Sep  3 12:29:35 PM CDT 2026
PAUSE after 1 conversions: cooldown 30s + cleanup
Converting 71789292_145 at Thu Sep  3 12:30:08 PM CDT 2026
DONE 71789292_145 at Thu Sep  3 12:31:21 PM CDT 2026
PAUSE after 1 conversions: cooldown 30s + cleanup
Converting 71789293_146 at Thu Sep  3 12:31:53 PM CDT 2026
DONE 71789293_146 at Thu Sep  3 12:33:24 PM CDT 2026
PAUSE after 1 conversions: cooldown 30s + cleanup
Converting 71789294_147 at Thu Sep  3 12:33:57 PM CDT 2026
DONE 71789294_147 at Thu Sep  3 12:35:18 PM CDT 2026
PAUSE after 1 conversions: cooldown 30s + cleanup
Converting 71789295_148 at Thu Sep  3 12:35:51 PM CDT 2026
DONE 71789295_148 at Thu Sep  3 12:36:46 PM CDT 2026
PAUSE after 1 conversions: cooldown 30s + cleanup
Converting 71789296_149 at Thu Sep  3 12:37:18 PM CDT 2026
DONE 71789296_149 at Thu Sep  3 12:39:08 PM CDT 2026
PAUSE after 1 conversions: cooldown 30s + cleanup
Converting 71789297_150 at Thu Sep  3 12:39:40 PM CDT 2026
DONE 71789297_150 at Thu Sep  3 12:41:39 PM CDT 2026
PAUSE after 1 conversions: cooldown 30s + cleanup
SKIP (empty waveform.root): 71789298_151
SKIP (empty waveform.root): 71789299_152
SKIP (empty waveform.root): 71789300_153
SKIP (empty waveform.root): 71789301_154
SKIP (empty waveform.root): 71789302_155
SKIP (empty waveform.root): 71789303_156
SKIP (empty waveform.root): 71789304_157
SKIP (empty waveform.root): 71789305_158
SKIP (empty waveform.root): 71789306_159
SKIP (empty waveform.root): 71789307_160
SKIP (empty waveform.root): 71789308_161
SKIP (empty waveform.root): 71789309_162
SKIP (empty waveform.root): 71789310_163
SKIP (empty waveform.root): 71789311_164
SKIP (empty waveform.root): 71789312_165
SKIP (empty waveform.root): 71789313_166
SKIP (empty waveform.root): 71789314_167
SKIP (empty waveform.root): 71789315_168
SKIP (empty waveform.root): 71789316_169
SKIP (empty waveform.root): 71789317_170
SKIP (empty waveform.root): 71789318_171
SKIP (empty waveform.root): 71789319_172
SKIP (empty waveform.root): 71789320_173
SKIP (empty waveform.root): 71789321_174
SKIP (empty waveform.root): 71789322_175
SKIP (empty waveform.root): 71789323_176
SKIP (empty waveform.root): 71789324_177
SKIP (empty waveform.root): 71789325_178
SKIP (empty waveform.root): 71789326_179
SKIP (empty waveform.root): 71789327_180
SKIP (empty waveform.root): 71789328_181
SKIP (empty waveform.root): 71789329_182
SKIP (empty waveform.root): 71789330_183
SKIP (empty waveform.root): 71789331_184
SKIP (empty waveform.root): 71789332_185
SKIP (empty waveform.root): 71789333_186
SKIP (empty waveform.root): 71789334_187
SKIP (empty waveform.root): 71789335_188
SKIP (empty waveform.root): 71789336_189
SKIP (empty waveform.root): 71789337_190
SKIP (empty waveform.root): 71789338_191
SKIP (empty waveform.root): 71789339_192
SKIP (empty waveform.root): 71789340_193
SKIP (empty waveform.root): 71789341_194
SKIP (empty waveform.root): 71789342_195
SKIP (empty waveform.root): 71789343_196
SKIP (empty waveform.root): 71789344_197
SKIP (empty waveform.root): 71789345_198
SKIP (empty waveform.root): 71789346_199
SKIP (empty waveform.root): 71789347_200
SKIP (empty waveform.root): 71789348_201
SKIP (empty waveform.root): 71789349_202
SKIP (empty waveform.root): 71789350_203
SKIP (empty waveform.root): 71789351_204
SKIP (empty waveform.root): 71789352_205
SKIP (empty waveform.root): 71789353_206
SKIP (empty waveform.root): 71789354_207
SKIP (empty waveform.root): 71789355_208
SKIP (empty waveform.root): 71789356_209
SKIP (empty waveform.root): 71789357_210
SKIP (empty waveform.root): 71789358_211
SKIP (empty waveform.root): 71789359_212
SKIP (empty waveform.root): 71789360_213
SKIP (empty waveform.root): 71789361_214
SKIP (empty waveform.root): 71789362_215
SKIP (empty waveform.root): 71789363_216
SKIP (empty waveform.root): 71789364_217
SKIP (empty waveform.root): 71789365_218
SKIP (empty waveform.root): 71789366_219
SKIP (empty waveform.root): 71789367_220
SKIP (empty waveform.root): 71789368_221
SKIP (empty waveform.root): 71789369_222
SKIP (empty waveform.root): 71789370_223
SKIP (empty waveform.root): 71789371_224
SKIP (empty waveform.root): 71789372_225
SKIP (empty waveform.root): 71789373_226
SKIP (empty waveform.root): 71789374_227
SKIP (empty waveform.root): 71789375_228
SKIP (empty waveform.root): 71789376_229
SKIP (empty waveform.root): 71789377_230
SKIP (empty waveform.root): 71789378_231
SKIP (empty waveform.root): 71789379_232
SKIP (empty waveform.root): 71789380_233
SKIP (empty waveform.root): 71789381_234
SKIP (empty waveform.root): 71789382_235
SKIP (empty waveform.root): 71789383_236
SKIP (empty waveform.root): 71789384_237
SKIP (empty waveform.root): 71789385_238
SKIP (empty waveform.root): 71789386_239
SKIP (empty waveform.root): 71789387_240
SKIP (empty waveform.root): 71789388_241
SKIP (empty waveform.root): 71789389_242
SKIP (empty waveform.root): 71789390_243
SKIP (empty waveform.root): 71789391_244
SKIP (empty waveform.root): 71789392_245
SKIP (empty waveform.root): 71789393_246
SKIP (empty waveform.root): 71789394_247
SKIP (empty waveform.root): 71789395_248
SKIP (empty waveform.root): 71789396_249
SKIP (empty waveform.root): 71789397_250
SKIP (empty waveform.root): 71789398_251
SKIP (empty waveform.root): 71789399_252
SKIP (empty waveform.root): 71789400_253
SKIP (empty waveform.root): 71789401_254
SKIP (empty waveform.root): 71789402_255
SKIP (empty waveform.root): 71789403_256
SKIP (empty waveform.root): 71789404_257
SKIP (empty waveform.root): 71789405_258
SKIP (empty waveform.root): 71789406_259
SKIP (empty waveform.root): 71789407_260
SKIP (empty waveform.root): 71789408_261
SKIP (empty waveform.root): 71789409_262
SKIP (empty waveform.root): 71789410_263
SKIP (empty waveform.root): 71789411_264
SKIP (empty waveform.root): 71789412_265
SKIP (empty waveform.root): 71789413_266
SKIP (empty waveform.root): 71789414_267
SKIP (empty waveform.root): 71789415_268
SKIP (empty waveform.root): 71789416_269
SKIP (empty waveform.root): 71789417_270
SKIP (empty waveform.root): 71789418_271
SKIP (empty waveform.root): 71789419_272
SKIP (empty waveform.root): 71789420_273
SKIP (empty waveform.root): 71789421_274
SKIP (empty waveform.root): 71789422_275
SKIP (empty waveform.root): 71789423_276
SKIP (empty waveform.root): 71789424_277
SKIP (empty waveform.root): 71789425_278
SKIP (empty waveform.root): 71789426_279
SKIP (empty waveform.root): 71789427_280
SKIP (empty waveform.root): 71789428_281
SKIP (empty waveform.root): 71789429_282
SKIP (empty waveform.root): 71789430_283
SKIP (empty waveform.root): 71789431_284
SKIP (empty waveform.root): 71789432_285
SKIP (empty waveform.root): 71789433_286
SKIP (empty waveform.root): 71789434_287
SKIP (empty waveform.root): 71789435_288
SKIP (empty waveform.root): 71789436_289
SKIP (empty waveform.root): 71789437_290
SKIP (empty waveform.root): 71789438_291
SKIP (empty waveform.root): 71789439_292
SKIP (empty waveform.root): 71789440_293
SKIP (empty waveform.root): 71789441_294
SKIP (empty waveform.root): 71789442_295
SKIP (empty waveform.root): 71789443_296
SKIP (empty waveform.root): 71789444_297
SKIP (empty waveform.root): 71789445_298
SKIP (empty waveform.root): 71789446_299
SKIP (empty waveform.root): 71789447_300
SKIP (empty waveform.root): 71789448_301
SKIP (empty waveform.root): 71789449_302
SKIP (empty waveform.root): 71789450_303
SKIP (empty waveform.root): 71789451_304
SKIP (empty waveform.root): 71789452_305
SKIP (empty waveform.root): 71789453_306
SKIP (empty waveform.root): 71789454_307
SKIP (empty waveform.root): 71789455_308
SKIP (empty waveform.root): 71789456_309
SKIP (empty waveform.root): 71789457_310
SKIP (empty waveform.root): 71789458_311
SKIP (empty waveform.root): 71789459_312
SKIP (empty waveform.root): 71789460_313
SKIP (empty waveform.root): 71789461_314
SKIP (empty waveform.root): 71789462_315
SKIP (empty waveform.root): 71789463_316
SKIP (empty waveform.root): 71789464_317
SKIP (empty waveform.root): 71789465_318
SKIP (empty waveform.root): 71789466_319
SKIP (empty waveform.root): 71789467_320
SKIP (empty waveform.root): 71789468_321
SKIP (empty waveform.root): 71789469_322
SKIP (empty waveform.root): 71789470_323
SKIP (empty waveform.root): 71789471_324
SKIP (empty waveform.root): 71789472_325
SKIP (empty waveform.root): 71789473_326
SKIP (empty waveform.root): 71789474_327
SKIP (empty waveform.root): 71789475_328
SKIP (empty waveform.root): 71789476_329
SKIP (empty waveform.root): 71789477_330
SKIP (empty waveform.root): 71789478_331
SKIP (empty waveform.root): 71789479_332
SKIP (empty waveform.root): 71789480_333
SKIP (empty waveform.root): 71789481_334
SKIP (empty waveform.root): 71789482_335
SKIP (empty waveform.root): 71789483_336
SKIP (empty waveform.root): 71789484_337
SKIP (empty waveform.root): 71789485_338
SKIP (empty waveform.root): 71789486_339
SKIP (empty waveform.root): 71789487_340
SKIP (empty waveform.root): 71789488_341
SKIP (empty waveform.root): 71789489_342
SKIP (empty waveform.root): 71789490_343
SKIP (empty waveform.root): 71789491_344
Finished at Thu Sep  3 12:42:26 PM CDT 2026
total=238 skipped=36 empty_skipped=194 converted=6 failed=2 workers=1
Starting batch (crossingmuon, tpc=0) at Thu Sep  3 12:42:31 PM CDT 2026 parallel=0 workers=1 pause_every=1
Input:  /pnfs/sbnd/scratch/users/munjung/v10_06_00/data_MCP2025B_CrossingMuon_FullRun1_AfterLight_8_crossingmuon/waveforms
Output: /pnfs/sbnd/scratch/users/munjung/v10_06_00/data_MCP2025B_CrossingMuon_FullRun1_AfterLight_8_crossingmuon/h5 (g4-raw-0_*.h5)
User memory budget: 37 GiB, currently used: 7 GiB
Converting 71789176_29 at Thu Sep  3 12:42:31 PM CDT 2026
FAILED 71789176_29 at Thu Sep  3 12:43:36 PM CDT 2026
PAUSE after 1 conversions: cooldown 30s + cleanup
Converting 71789222_75 at Thu Sep  3 12:44:09 PM CDT 2026
FAILED 71789222_75 at Thu Sep  3 12:44:55 PM CDT 2026
PAUSE after 1 conversions: cooldown 30s + cleanup
Finished at Thu Sep  3 12:45:30 PM CDT 2026
total=238 skipped=236 empty_skipped=0 converted=0 failed=2 workers=1
Starting batch (crossingmuon, tpc=0) at Thu Sep  3 12:47:33 PM CDT 2026 parallel=0 workers=1 pause_every=1
Input:  /pnfs/sbnd/scratch/users/munjung/v10_06_00/data_MCP2025B_CrossingMuon_FullRun1_AfterLight_8_crossingmuon/waveforms
Output: /pnfs/sbnd/scratch/users/munjung/v10_06_00/data_MCP2025B_CrossingMuon_FullRun1_AfterLight_8_crossingmuon/h5 (g4-raw-0_*.h5)
User memory budget: 37 GiB, currently used: 7 GiB
Converting 71789176_29 at Thu Sep  3 12:47:34 PM CDT 2026
FAILED 71789176_29 at Thu Sep  3 12:48:27 PM CDT 2026
PAUSE after 1 conversions: cooldown 30s + cleanup
Converting 71789222_75 at Thu Sep  3 12:49:00 PM CDT 2026
FAILED 71789222_75 at Thu Sep  3 12:49:39 PM CDT 2026
PAUSE after 1 conversions: cooldown 30s + cleanup
Finished at Thu Sep  3 12:50:14 PM CDT 2026
total=238 skipped=236 empty_skipped=0 converted=0 failed=2 workers=1
Starting batch (crossingmuon, tpc=0) at Thu Sep  3 12:52:35 PM CDT 2026 parallel=0 workers=1 pause_every=1
Input:  /pnfs/sbnd/scratch/users/munjung/v10_06_00/data_MCP2025B_CrossingMuon_FullRun1_AfterLight_8_crossingmuon/waveforms
Output: /pnfs/sbnd/scratch/users/munjung/v10_06_00/data_MCP2025B_CrossingMuon_FullRun1_AfterLight_8_crossingmuon/h5 (g4-raw-0_*.h5)
User memory budget: 37 GiB, currently used: 7 GiB
Converting 71789176_29 at Thu Sep  3 12:52:36 PM CDT 2026
FAILED 71789176_29 at Thu Sep  3 12:53:28 PM CDT 2026
PAUSE after 1 conversions: cooldown 30s + cleanup
Converting 71789222_75 at Thu Sep  3 12:54:00 PM CDT 2026
FAILED 71789222_75 at Thu Sep  3 12:54:40 PM CDT 2026
PAUSE after 1 conversions: cooldown 30s + cleanup
Finished at Thu Sep  3 12:55:15 PM CDT 2026
total=238 skipped=236 empty_skipped=0 converted=0 failed=2 workers=1
Starting batch (crossingmuon, tpc=0) at Thu Sep  3 12:57:37 PM CDT 2026 parallel=0 workers=1 pause_every=1
Input:  /pnfs/sbnd/scratch/users/munjung/v10_06_00/data_MCP2025B_CrossingMuon_FullRun1_AfterLight_8_crossingmuon/waveforms
Output: /pnfs/sbnd/scratch/users/munjung/v10_06_00/data_MCP2025B_CrossingMuon_FullRun1_AfterLight_8_crossingmuon/h5 (g4-raw-0_*.h5)
User memory budget: 37 GiB, currently used: 7 GiB
Converting 71789176_29 at Thu Sep  3 12:57:37 PM CDT 2026
FAILED 71789176_29 at Thu Sep  3 12:58:30 PM CDT 2026
PAUSE after 1 conversions: cooldown 30s + cleanup
Converting 71789222_75 at Thu Sep  3 12:59:03 PM CDT 2026
FAILED 71789222_75 at Thu Sep  3 12:59:41 PM CDT 2026
PAUSE after 1 conversions: cooldown 30s + cleanup
Finished at Thu Sep  3 01:00:16 PM CDT 2026
total=238 skipped=236 empty_skipped=0 converted=0 failed=2 workers=1
Starting batch (crossingmuon, tpc=0) at Thu Sep  3 01:02:39 PM CDT 2026 parallel=0 workers=1 pause_every=1
Input:  /pnfs/sbnd/scratch/users/munjung/v10_06_00/data_MCP2025B_CrossingMuon_FullRun1_AfterLight_8_crossingmuon/waveforms
Output: /pnfs/sbnd/scratch/users/munjung/v10_06_00/data_MCP2025B_CrossingMuon_FullRun1_AfterLight_8_crossingmuon/h5 (g4-raw-0_*.h5)
User memory budget: 37 GiB, currently used: 8 GiB
Converting 71789176_29 at Thu Sep  3 01:02:39 PM CDT 2026
FAILED 71789176_29 at Thu Sep  3 01:03:32 PM CDT 2026
PAUSE after 1 conversions: cooldown 30s + cleanup
