[2026-08-27 20:00:21] Monitor started (pid=1835162, interval=600s, mem_avail_min=15GiB, mem_used_max=85%)
[2026-08-27 20:00:22] PROGRESS done=7/1862 current='86413898_1003 at Thu Aug 27 07:59:57 PM CDT 2026' mem_avail=107.9GiB mem_used=13.7% wvfm_procs=1 zombies=0 batch_running=yes
[2026-08-27 20:10:22] PROGRESS done=20/1862 current='86413898_1015 at Thu Aug 27 08:09:54 PM CDT 2026' mem_avail=107.1GiB mem_used=14.4% wvfm_procs=1 zombies=0 batch_running=yes
[2026-08-27 20:20:23] PROGRESS done=34/1862 current='86413898_1028 at Thu Aug 27 08:20:04 PM CDT 2026' mem_avail=107.9GiB mem_used=13.8% wvfm_procs=1 zombies=0 batch_running=yes
[2026-08-27 20:30:24] PROGRESS done=48/1862 current='86413898_1040 at Thu Aug 27 08:30:02 PM CDT 2026' mem_avail=106.8GiB mem_used=14.6% wvfm_procs=1 zombies=0 batch_running=yes
[2026-08-27 20:40:26] PROGRESS done=59/1862 current='86413898_1050 at Thu Aug 27 08:40:24 PM CDT 2026' mem_avail=71.4GiB mem_used=42.9% wvfm_procs=1 zombies=0 batch_running=yes
[2026-08-27 20:50:27] PROGRESS done=69/1862 current='86413898_106 at Thu Aug 27 08:50:18 PM CDT 2026' mem_avail=66.1GiB mem_used=47.2% wvfm_procs=1 zombies=0 batch_running=yes
[2026-08-27 21:00:28] PROGRESS done=79/1862 current='86413898_1069 at Thu Aug 27 09:00:07 PM CDT 2026' mem_avail=52.9GiB mem_used=57.8% wvfm_procs=1 zombies=0 batch_running=yes
[2026-08-27 21:10:29] PROGRESS done=91/1862 current='86413898_108 at Thu Aug 27 09:10:20 PM CDT 2026' mem_avail=58.1GiB mem_used=53.6% wvfm_procs=1 zombies=0 batch_running=yes
[2026-08-27 21:20:22] Monitor started (pid=2266477, interval=300s, mem_avail_min=15GiB, mem_used_max=85%)
[2026-08-27 21:20:23] PROGRESS done=103/1862 current='86413898_1090 at Thu Aug 27 09:20:19 PM CDT 2026' mem_avail=68.1GiB mem_used=45.6% wvfm_procs=1 zombies=0 batch_running=yes
[2026-08-27 21:20:30] PROGRESS done=103/1862 current='86413898_1090 at Thu Aug 27 09:20:19 PM CDT 2026' mem_avail=61.0GiB mem_used=51.2% wvfm_procs=1 zombies=0 batch_running=yes
[2026-08-27 21:25:24] PROGRESS done=109/1862 current='86413898_1096 at Thu Aug 27 09:24:51 PM CDT 2026' mem_avail=54.3GiB mem_used=56.6% wvfm_procs=1 zombies=0 batch_running=yes
[2026-08-27 21:30:25] PROGRESS done=116/1862 current='86413898_1101 at Thu Aug 27 09:30:09 PM CDT 2026' mem_avail=55.2GiB mem_used=55.9% wvfm_procs=1 zombies=0 batch_running=yes
[2026-08-27 21:30:30] PROGRESS done=116/1862 current='86413898_1101 at Thu Aug 27 09:30:09 PM CDT 2026' mem_avail=54.0GiB mem_used=56.8% wvfm_procs=1 zombies=0 batch_running=yes
[2026-08-27 21:35:26] PROGRESS done=122/1862 current='86413898_1107 at Thu Aug 27 09:34:59 PM CDT 2026' mem_avail=80.9GiB mem_used=35.3% wvfm_procs=1 zombies=0 batch_running=yes
[2026-08-27 21:40:27] PROGRESS done=130/1862 current='86413898_1114 at Thu Aug 27 09:40:20 PM CDT 2026' mem_avail=104.0GiB mem_used=16.9% wvfm_procs=1 zombies=0 batch_running=yes
[2026-08-27 21:40:31] PROGRESS done=130/1862 current='86413898_1114 at Thu Aug 27 09:40:20 PM CDT 2026' mem_avail=102.7GiB mem_used=17.9% wvfm_procs=1 zombies=0 batch_running=yes
[2026-08-27 21:45:28] PROGRESS done=136/1862 current='86413898_112 at Thu Aug 27 09:44:52 PM CDT 2026' mem_avail=92.2GiB mem_used=26.4% wvfm_procs=1 zombies=0 batch_running=yes
[2026-08-27 21:46:50] Monitor started (pid=2360589, interval=300s, user=munjung, user_mem_max=30%)
[2026-08-27 21:46:51] PROGRESS done=138/1862 current='86413898_1121 at Thu Aug 27 09:46:19 PM CDT 2026' user_mem=9.07GiB(0.0%) job_mem=6.77GiB sys_used=20.4% mem_avail=99.7GiB wvfm_procs=1 zombies=0 batch_running=yes
[2026-08-27 21:47:29] Monitor started (pid=2362342, interval=300s, user=munjung, user_mem_max=30%)
[2026-08-27 21:47:29] PROGRESS done=139/1862 current='86413898_1122 at Thu Aug 27 09:47:21 PM CDT 2026' user_mem=5.38GiB(4.3%) job_mem=3.10GiB sys_used=16.9% mem_avail=104.0GiB wvfm_procs=1 zombies=0 batch_running=yes
[2026-08-27 21:52:30] PROGRESS done=145/1862 current='86413898_1128 at Thu Aug 27 09:51:45 PM CDT 2026' user_mem=16.82GiB(13.4%) job_mem=14.52GiB sys_used=25.9% mem_avail=92.7GiB wvfm_procs=1 zombies=0 batch_running=yes
[2026-08-27 21:57:31] PROGRESS done=151/1862 current='86413898_1133 at Thu Aug 27 09:56:20 PM CDT 2026' user_mem=12.80GiB(10.2%) job_mem=10.49GiB sys_used=22.7% mem_avail=96.8GiB wvfm_procs=1 zombies=0 batch_running=yes
[2026-08-27 22:02:33] PROGRESS done=157/1862 current='86413898_1139 at Thu Aug 27 10:02:09 PM CDT 2026' user_mem=11.79GiB(9.4%) job_mem=9.63GiB sys_used=22.3% mem_avail=97.2GiB wvfm_procs=1 zombies=0 batch_running=yes
[2026-08-27 22:07:34] PROGRESS done=163/1862 current='86413898_1144 at Thu Aug 27 10:06:48 PM CDT 2026' user_mem=15.47GiB(12.4%) job_mem=13.16GiB sys_used=24.8% mem_avail=94.1GiB wvfm_procs=1 zombies=0 batch_running=yes
[2026-08-27 22:12:35] PROGRESS done=170/1862 current='86413898_1150 at Thu Aug 27 10:12:06 PM CDT 2026' user_mem=13.20GiB(10.6%) job_mem=11.07GiB sys_used=23.6% mem_avail=95.6GiB wvfm_procs=1 zombies=0 batch_running=yes
[2026-08-27 22:17:37] PROGRESS done=177/1862 current='86413898_1157 at Thu Aug 27 10:17:28 PM CDT 2026' user_mem=5.62GiB(4.5%) job_mem=3.29GiB sys_used=17.3% mem_avail=103.5GiB wvfm_procs=1 zombies=0 batch_running=yes
[2026-08-27 22:22:38] PROGRESS done=183/1862 current='86413898_1162 at Thu Aug 27 10:21:55 PM CDT 2026' user_mem=14.64GiB(11.7%) job_mem=12.34GiB sys_used=24.2% mem_avail=94.9GiB wvfm_procs=1 zombies=0 batch_running=yes
[2026-08-27 22:27:39] PROGRESS done=191/1862 current='86413898_117 at Thu Aug 27 10:27:33 PM CDT 2026' user_mem=4.55GiB(3.6%) job_mem=2.26GiB sys_used=16.4% mem_avail=104.6GiB wvfm_procs=1 zombies=0 batch_running=yes
[2026-08-27 22:32:41] PROGRESS done=198/1862 current='86413898_1176 at Thu Aug 27 10:32:30 PM CDT 2026' user_mem=4.96GiB(3.9%) job_mem=2.74GiB sys_used=16.9% mem_avail=104.0GiB wvfm_procs=1 zombies=0 batch_running=yes
[2026-08-27 22:37:42] PROGRESS done=204/1862 current='86413898_1181 at Thu Aug 27 10:37:10 PM CDT 2026' user_mem=14.10GiB(11.3%) job_mem=11.79GiB sys_used=23.7% mem_avail=95.4GiB wvfm_procs=1 zombies=0 batch_running=yes
[2026-08-27 22:42:43] PROGRESS done=211/1862 current='86413898_1188 at Thu Aug 27 10:42:25 PM CDT 2026' user_mem=9.42GiB(7.5%) job_mem=7.11GiB sys_used=20.5% mem_avail=99.4GiB wvfm_procs=1 zombies=0 batch_running=yes
[2026-08-27 22:47:45] PROGRESS done=219/1862 current='86413898_1195 at Thu Aug 27 10:47:36 PM CDT 2026' user_mem=5.31GiB(4.2%) job_mem=3.01GiB sys_used=16.9% mem_avail=104.0GiB wvfm_procs=1 zombies=0 batch_running=yes
[2026-08-27 22:52:31] Monitor started (pid=2461043, interval=300s, user=munjung, user_mem_max=30%)
[2026-08-27 22:52:32] PROGRESS done=224/1862 workers=3/4 active current='Converting 86413898_1200 at Thu Aug 27 10:51:57 PM CDT 2026 [worker 2460202];Converting 86413898_120 at Thu Aug 27 10:51:57 PM CDT 2026 [worker 2460202];Converting 86413898_12 at Thu Aug 27 10:51:57 PM CDT 2026 [worker 2460202];' user_mem=31.95GiB(25.5%) job_mem=29.63GiB sys_used=37.9% mem_avail=77.7GiB zombies=0 batch_running=yes
[2026-08-27 22:53:24] Monitor started (pid=2462970, interval=300s, user=munjung, user_mem_max=30%)
[2026-08-27 22:53:24] PROGRESS done=226/1862 workers=3/3 active current='Converting 86413898_1203 at Thu Aug 27 10:52:50 PM CDT 2026 [worker 2460202];Converting 86413898_1204 at Thu Aug 27 10:52:50 PM CDT 2026 [worker 2460202];Converting 86413898_1205 at Thu Aug 27 10:52:51 PM CDT 2026 [worker 2460202];' user_mem=33.83GiB(27.0%) job_mem=31.58GiB sys_used=39.4% mem_avail=75.8GiB zombies=0 batch_running=yes
[2026-08-27 22:58:26] PROGRESS done=246/1862 workers=3/3 active current='Converting 86413898_1222 at Thu Aug 27 10:57:56 PM CDT 2026 [worker 2460202];DONE 86413898_1219 at Thu Aug 27 10:58:00 PM CDT 2026;Converting 86413898_1223 at Thu Aug 27 10:58:00 PM CDT 2026 [worker 2460202];' user_mem=35.64GiB(28.4%) job_mem=33.33GiB sys_used=40.9% mem_avail=74.0GiB zombies=0 batch_running=yes
[2026-08-27 23:03:27] PROGRESS done=267/1862 workers=3/3 active current='Converting 86413898_1241 at Thu Aug 27 11:03:08 PM CDT 2026 [worker 2460202];DONE 86413898_124 at Thu Aug 27 11:03:10 PM CDT 2026;Converting 86413898_1242 at Thu Aug 27 11:03:10 PM CDT 2026 [worker 2460202];' user_mem=23.31GiB(18.6%) job_mem=21.02GiB sys_used=31.9% mem_avail=85.3GiB zombies=0 batch_running=yes
[2026-08-27 23:08:29] PROGRESS done=287/1862 workers=3/3 active current='Converting 86413898_126 at Thu Aug 27 11:08:11 PM CDT 2026 [worker 2460202];DONE 86413898_1259 at Thu Aug 27 11:08:28 PM CDT 2026;Converting 86413898_1260 at Thu Aug 27 11:08:28 PM CDT 2026 [worker 2460202];' user_mem=21.67GiB(17.4%) job_mem=19.40GiB sys_used=29.9% mem_avail=87.8GiB zombies=0 batch_running=yes
[2026-08-27 23:13:30] PROGRESS done=305/1862 workers=3/3 active current='Converting 86413898_1276 at Thu Aug 27 11:12:51 PM CDT 2026 [worker 2460202];DONE 86413898_1274 at Thu Aug 27 11:13:06 PM CDT 2026;Converting 86413898_1277 at Thu Aug 27 11:13:06 PM CDT 2026 [worker 2460202];' user_mem=35.01GiB(28.0%) job_mem=32.71GiB sys_used=40.4% mem_avail=74.6GiB zombies=0 batch_running=yes
[2026-08-27 23:18:32] PROGRESS done=325/1862 workers=3/3 active current='Converting 86413898_1294 at Thu Aug 27 11:18:17 PM CDT 2026 [worker 2460202];DONE 86413898_1291 at Thu Aug 27 11:18:31 PM CDT 2026;Converting 86413898_1295 at Thu Aug 27 11:18:31 PM CDT 2026 [worker 2460202];' user_mem=13.18GiB(10.5%) job_mem=10.92GiB sys_used=23.9% mem_avail=95.2GiB zombies=0 batch_running=yes
[2026-08-27 23:23:34] PROGRESS done=343/1862 workers=3/3 active current='Converting 86413898_131 at Thu Aug 27 11:22:48 PM CDT 2026 [worker 2460202];DONE 86413898_1308 at Thu Aug 27 11:23:13 PM CDT 2026;Converting 86413898_1310 at Thu Aug 27 11:23:13 PM CDT 2026 [worker 2460202];' user_mem=36.50GiB(29.1%) job_mem=34.20GiB sys_used=41.6% mem_avail=73.0GiB zombies=0 batch_running=yes
[2026-08-27 23:28:35] PROGRESS done=364/1862 workers=3/3 active current='Converting 86413898_1329 at Thu Aug 27 11:28:03 PM CDT 2026 [worker 2460202];DONE 86413898_1327 at Thu Aug 27 11:28:22 PM CDT 2026;Converting 86413898_133 at Thu Aug 27 11:28:22 PM CDT 2026 [worker 2460202];' user_mem=31.73GiB(25.3%) job_mem=29.47GiB sys_used=37.8% mem_avail=77.8GiB zombies=0 batch_running=yes
[2026-08-27 23:33:37] PROGRESS done=384/1862 workers=3/3 active current='Converting 86413898_1347 at Thu Aug 27 11:33:23 PM CDT 2026 [worker 2460202];DONE 86413898_1344 at Thu Aug 27 11:33:26 PM CDT 2026;Converting 86413898_1348 at Thu Aug 27 11:33:26 PM CDT 2026 [worker 2460202];' user_mem=21.05GiB(16.8%) job_mem=18.75GiB sys_used=30.4% mem_avail=87.0GiB zombies=0 batch_running=yes
[2026-08-27 23:38:39] PROGRESS done=403/1862 workers=3/3 active current='Converting 86413898_1364 at Thu Aug 27 11:38:08 PM CDT 2026 [worker 2460202];DONE 86413898_1362 at Thu Aug 27 11:38:20 PM CDT 2026;Converting 86413898_1365 at Thu Aug 27 11:38:20 PM CDT 2026 [worker 2460202];' user_mem=33.83GiB(27.0%) job_mem=31.54GiB sys_used=39.5% mem_avail=75.7GiB zombies=0 batch_running=yes
[2026-08-27 23:43:41] PROGRESS done=424/1862 workers=3/3 active current='Converting 86413898_1383 at Thu Aug 27 11:43:28 PM CDT 2026 [worker 2460202];DONE 86413898_1381 at Thu Aug 27 11:43:34 PM CDT 2026;Converting 86413898_1384 at Thu Aug 27 11:43:34 PM CDT 2026 [worker 2460202];' user_mem=21.26GiB(16.9%) job_mem=18.97GiB sys_used=29.7% mem_avail=88.0GiB zombies=0 batch_running=yes
[2026-08-27 23:48:42] PROGRESS done=443/1862 workers=3/3 active current='Converting 86413898_140 at Thu Aug 27 11:48:21 PM CDT 2026 [worker 2460202];DONE 86413898_1399 at Thu Aug 27 11:48:22 PM CDT 2026;Converting 86413898_1400 at Thu Aug 27 11:48:22 PM CDT 2026 [worker 2460202];' user_mem=25.55GiB(20.4%) job_mem=23.23GiB sys_used=34.2% mem_avail=82.4GiB zombies=0 batch_running=yes
[2026-08-27 23:53:44] PROGRESS done=463/1862 workers=3/3 active current='Converting 86413898_1418 at Thu Aug 27 11:53:32 PM CDT 2026 [worker 2460202];DONE 86413898_1416 at Thu Aug 27 11:53:39 PM CDT 2026;Converting 86413898_1419 at Thu Aug 27 11:53:39 PM CDT 2026 [worker 2460202];' user_mem=20.71GiB(16.5%) job_mem=18.26GiB sys_used=29.4% mem_avail=88.4GiB zombies=0 batch_running=yes
[2026-08-27 23:58:46] PROGRESS done=483/1862 workers=3/3 active current='Converting 86413898_1436 at Thu Aug 27 11:58:19 PM CDT 2026 [worker 2460202];DONE 86413898_1434 at Thu Aug 27 11:58:40 PM CDT 2026;Converting 86413898_1437 at Thu Aug 27 11:58:40 PM CDT 2026 [worker 2460202];' user_mem=24.74GiB(19.7%) job_mem=22.53GiB sys_used=32.5% mem_avail=84.5GiB zombies=0 batch_running=yes
[2026-08-28 00:03:48] PROGRESS done=501/1862 workers=3/4 active current='Converting 86413898_1452 at Fri Aug 28 12:03:15 AM CDT 2026 [worker 2460202];DONE 86413898_1451 at Fri Aug 28 12:03:35 AM CDT 2026;Converting 86413898_1453 at Fri Aug 28 12:03:35 AM CDT 2026 [worker 2460202];' user_mem=45.07GiB(35.9%) job_mem=42.85GiB sys_used=40.1% mem_avail=75.0GiB zombies=0 batch_running=yes
[2026-08-28 00:03:48] STOPPING batch (user memory > 30% (user_mem=36.6%))
[2026-08-28 00:03:49] Sending TERM to wvfm2h5.py pid=2590346
[2026-08-28 00:03:49] Sending TERM to wvfm2h5.py pid=2592360
[2026-08-28 00:03:49] Sending TERM to wvfm2h5.py pid=2592452
[2026-08-28 00:03:49] Sending TERM to wvfm2h5.py pid=2592659
[2026-08-28 00:03:49] Sending TERM to batch pid=2460202
[2026-08-28 00:03:49] Sending TERM to batch pid=2586754
[2026-08-28 00:03:49] Sending TERM to batch pid=2590336
[2026-08-28 00:03:49] Sending TERM to batch pid=2592350
[2026-08-28 00:03:49] Sending TERM to batch pid=2592439
[2026-08-28 00:03:49] Sending TERM to batch pid=2592649
[2026-08-28 00:04:01] Batch stopped. Checkpoint saved to /exp/sbnd/app/users/munjung/anomaly-detection/logs/wvfm2h5_checkpoint.txt
[2026-08-28 00:04:01] Cooling down for 120s before resume
[2026-08-28 00:06:02] PROGRESS done=501/1862 workers=3/0 active current='Converting 86413898_1452 at Fri Aug 28 12:03:15 AM CDT 2026 [worker 2460202];DONE 86413898_1451 at Fri Aug 28 12:03:35 AM CDT 2026;Converting 86413898_1453 at Fri Aug 28 12:03:35 AM CDT 2026 [worker 2460202];' user_mem=2.34GiB(1.9%) job_mem=0.01GiB sys_used=6.6% mem_avail=116.8GiB zombies=0 batch_running=no
[2026-08-28 00:06:02] STARTING batch from checkpoint
[2026-08-28 00:06:02] Started batch pid=2596511
[2026-08-28 00:11:04] PROGRESS done=522/1862 workers=3/3 active current='Converting 86413898_1452 at Fri Aug 28 12:03:15 AM CDT 2026 [worker 2460202];DONE 86413898_1451 at Fri Aug 28 12:03:35 AM CDT 2026;Converting 86413898_1453 at Fri Aug 28 12:03:35 AM CDT 2026 [worker 2460202];' user_mem=14.78GiB(11.8%) job_mem=12.43GiB sys_used=17.9% mem_avail=102.8GiB zombies=0 batch_running=yes
[2026-08-28 00:16:06] PROGRESS done=542/1862 workers=3/3 active current='Converting 86413898_1452 at Fri Aug 28 12:03:15 AM CDT 2026 [worker 2460202];DONE 86413898_1451 at Fri Aug 28 12:03:35 AM CDT 2026;Converting 86413898_1453 at Fri Aug 28 12:03:35 AM CDT 2026 [worker 2460202];' user_mem=22.10GiB(17.7%) job_mem=19.81GiB sys_used=22.0% mem_avail=97.6GiB zombies=0 batch_running=yes
[2026-08-28 00:21:08] PROGRESS done=562/1862 workers=3/3 active current='Converting 86413898_1452 at Fri Aug 28 12:03:15 AM CDT 2026 [worker 2460202];DONE 86413898_1451 at Fri Aug 28 12:03:35 AM CDT 2026;Converting 86413898_1453 at Fri Aug 28 12:03:35 AM CDT 2026 [worker 2460202];' user_mem=17.56GiB(14.0%) job_mem=15.26GiB sys_used=18.5% mem_avail=102.0GiB zombies=0 batch_running=yes
[2026-08-28 00:26:10] PROGRESS done=581/1862 workers=3/3 active current='Converting 86413898_1452 at Fri Aug 28 12:03:15 AM CDT 2026 [worker 2460202];DONE 86413898_1451 at Fri Aug 28 12:03:35 AM CDT 2026;Converting 86413898_1453 at Fri Aug 28 12:03:35 AM CDT 2026 [worker 2460202];' user_mem=15.42GiB(12.3%) job_mem=13.13GiB sys_used=17.6% mem_avail=103.2GiB zombies=0 batch_running=yes
[2026-08-28 00:31:11] PROGRESS done=602/1862 workers=3/3 active current='Converting 86413898_1452 at Fri Aug 28 12:03:15 AM CDT 2026 [worker 2460202];DONE 86413898_1451 at Fri Aug 28 12:03:35 AM CDT 2026;Converting 86413898_1453 at Fri Aug 28 12:03:35 AM CDT 2026 [worker 2460202];' user_mem=16.00GiB(12.8%) job_mem=13.93GiB sys_used=17.1% mem_avail=103.7GiB zombies=0 batch_running=yes
[2026-08-28 00:36:13] PROGRESS done=623/1862 workers=3/3 active current='Converting 86413898_1452 at Fri Aug 28 12:03:15 AM CDT 2026 [worker 2460202];DONE 86413898_1451 at Fri Aug 28 12:03:35 AM CDT 2026;Converting 86413898_1453 at Fri Aug 28 12:03:35 AM CDT 2026 [worker 2460202];' user_mem=15.11GiB(12.1%) job_mem=12.93GiB sys_used=17.4% mem_avail=103.4GiB zombies=0 batch_running=yes
[2026-08-28 00:41:15] PROGRESS done=643/1862 workers=3/3 active current='Converting 86413898_1452 at Fri Aug 28 12:03:15 AM CDT 2026 [worker 2460202];DONE 86413898_1451 at Fri Aug 28 12:03:35 AM CDT 2026;Converting 86413898_1453 at Fri Aug 28 12:03:35 AM CDT 2026 [worker 2460202];' user_mem=18.11GiB(14.5%) job_mem=15.81GiB sys_used=19.0% mem_avail=101.4GiB zombies=0 batch_running=yes
[2026-08-28 00:46:17] PROGRESS done=662/1862 workers=3/3 active current='Converting 86413898_1452 at Fri Aug 28 12:03:15 AM CDT 2026 [worker 2460202];DONE 86413898_1451 at Fri Aug 28 12:03:35 AM CDT 2026;Converting 86413898_1453 at Fri Aug 28 12:03:35 AM CDT 2026 [worker 2460202];' user_mem=40.13GiB(32.0%) job_mem=37.76GiB sys_used=36.5% mem_avail=79.5GiB zombies=0 batch_running=yes
[2026-08-28 00:46:17] STOPPING batch (user memory > 30% (user_mem=32.4%))
[2026-08-28 00:46:18] Sending TERM to wvfm2h5.py pid=2671115
[2026-08-28 00:46:18] Sending TERM to wvfm2h5.py pid=2671206
[2026-08-28 00:46:18] Sending TERM to wvfm2h5.py pid=2671320
[2026-08-28 00:46:18] Sending TERM to batch pid=2596511
[2026-08-28 00:46:18] Sending TERM to batch pid=2671104
[2026-08-28 00:46:18] Sending TERM to batch pid=2671195
[2026-08-28 00:46:18] Sending TERM to batch pid=2671309
[2026-08-28 00:46:30] Batch stopped. Checkpoint saved to /exp/sbnd/app/users/munjung/anomaly-detection/logs/wvfm2h5_checkpoint.txt
[2026-08-28 00:46:30] Cooling down for 120s before resume
[2026-08-28 00:48:31] PROGRESS done=662/1862 workers=3/0 active current='Converting 86413898_1452 at Fri Aug 28 12:03:15 AM CDT 2026 [worker 2460202];DONE 86413898_1451 at Fri Aug 28 12:03:35 AM CDT 2026;Converting 86413898_1453 at Fri Aug 28 12:03:35 AM CDT 2026 [worker 2460202];' user_mem=2.29GiB(1.8%) job_mem=0.01GiB sys_used=7.5% mem_avail=115.8GiB zombies=0 batch_running=no
[2026-08-28 00:48:31] STARTING batch from checkpoint
[2026-08-28 00:48:31] Started batch pid=2676132
[2026-08-28 00:53:33] PROGRESS done=681/1862 workers=3/3 active current='Converting 86413898_1452 at Fri Aug 28 12:03:15 AM CDT 2026 [worker 2460202];DONE 86413898_1451 at Fri Aug 28 12:03:35 AM CDT 2026;Converting 86413898_1453 at Fri Aug 28 12:03:35 AM CDT 2026 [worker 2460202];' user_mem=21.38GiB(17.0%) job_mem=19.08GiB sys_used=22.0% mem_avail=97.7GiB zombies=0 batch_running=yes
[2026-08-28 00:58:35] PROGRESS done=701/1862 workers=3/3 active current='Converting 86413898_1452 at Fri Aug 28 12:03:15 AM CDT 2026 [worker 2460202];DONE 86413898_1451 at Fri Aug 28 12:03:35 AM CDT 2026;Converting 86413898_1453 at Fri Aug 28 12:03:35 AM CDT 2026 [worker 2460202];' user_mem=23.78GiB(19.0%) job_mem=21.51GiB sys_used=24.8% mem_avail=94.1GiB zombies=0 batch_running=yes
[2026-08-28 01:03:37] PROGRESS done=721/1862 workers=3/3 active current='Converting 86413898_1452 at Fri Aug 28 12:03:15 AM CDT 2026 [worker 2460202];DONE 86413898_1451 at Fri Aug 28 12:03:35 AM CDT 2026;Converting 86413898_1453 at Fri Aug 28 12:03:35 AM CDT 2026 [worker 2460202];' user_mem=33.55GiB(26.8%) job_mem=31.18GiB sys_used=32.1% mem_avail=84.9GiB zombies=0 batch_running=yes
[2026-08-28 01:08:39] PROGRESS done=741/1862 workers=3/3 active current='Converting 86413898_1452 at Fri Aug 28 12:03:15 AM CDT 2026 [worker 2460202];DONE 86413898_1451 at Fri Aug 28 12:03:35 AM CDT 2026;Converting 86413898_1453 at Fri Aug 28 12:03:35 AM CDT 2026 [worker 2460202];' user_mem=33.10GiB(26.4%) job_mem=30.78GiB sys_used=31.4% mem_avail=85.8GiB zombies=0 batch_running=yes
[2026-08-28 01:13:41] PROGRESS done=762/1862 workers=3/3 active current='Converting 86413898_1452 at Fri Aug 28 12:03:15 AM CDT 2026 [worker 2460202];DONE 86413898_1451 at Fri Aug 28 12:03:35 AM CDT 2026;Converting 86413898_1453 at Fri Aug 28 12:03:35 AM CDT 2026 [worker 2460202];' user_mem=20.67GiB(16.5%) job_mem=18.35GiB sys_used=22.5% mem_avail=97.0GiB zombies=0 batch_running=yes
[2026-08-28 01:18:43] PROGRESS done=782/1862 workers=3/3 active current='Converting 86413898_1452 at Fri Aug 28 12:03:15 AM CDT 2026 [worker 2460202];DONE 86413898_1451 at Fri Aug 28 12:03:35 AM CDT 2026;Converting 86413898_1453 at Fri Aug 28 12:03:35 AM CDT 2026 [worker 2460202];' user_mem=18.10GiB(14.5%) job_mem=15.80GiB sys_used=21.0% mem_avail=98.8GiB zombies=0 batch_running=yes
[2026-08-28 01:23:45] PROGRESS done=803/1862 workers=3/3 active current='Converting 86413898_1452 at Fri Aug 28 12:03:15 AM CDT 2026 [worker 2460202];DONE 86413898_1451 at Fri Aug 28 12:03:35 AM CDT 2026;Converting 86413898_1453 at Fri Aug 28 12:03:35 AM CDT 2026 [worker 2460202];' user_mem=12.64GiB(10.1%) job_mem=10.35GiB sys_used=15.9% mem_avail=105.2GiB zombies=0 batch_running=yes
[2026-08-28 01:28:47] PROGRESS done=821/1862 workers=3/3 active current='Converting 86413898_1452 at Fri Aug 28 12:03:15 AM CDT 2026 [worker 2460202];DONE 86413898_1451 at Fri Aug 28 12:03:35 AM CDT 2026;Converting 86413898_1453 at Fri Aug 28 12:03:35 AM CDT 2026 [worker 2460202];' user_mem=29.09GiB(23.2%) job_mem=26.87GiB sys_used=29.5% mem_avail=88.3GiB zombies=0 batch_running=yes
[2026-08-28 01:33:50] PROGRESS done=840/1862 workers=3/3 active current='Converting 86413898_1452 at Fri Aug 28 12:03:15 AM CDT 2026 [worker 2460202];DONE 86413898_1451 at Fri Aug 28 12:03:35 AM CDT 2026;Converting 86413898_1453 at Fri Aug 28 12:03:35 AM CDT 2026 [worker 2460202];' user_mem=39.25GiB(31.3%) job_mem=36.93GiB sys_used=36.7% mem_avail=79.2GiB zombies=0 batch_running=yes
[2026-08-28 01:33:50] STOPPING batch (user memory > 30% (user_mem=31.7%))
[2026-08-28 01:33:50] Sending TERM to wvfm2h5.py pid=2758085
[2026-08-28 01:33:50] Sending TERM to wvfm2h5.py pid=2758450
[2026-08-28 01:33:50] Sending TERM to wvfm2h5.py pid=2758824
[2026-08-28 01:33:50] Sending TERM to batch pid=2676132
[2026-08-28 01:33:50] Sending TERM to batch pid=2758074
[2026-08-28 01:33:50] Sending TERM to batch pid=2758439
[2026-08-28 01:33:50] Sending TERM to batch pid=2758813
[2026-08-28 01:34:03] Batch stopped. Checkpoint saved to /exp/sbnd/app/users/munjung/anomaly-detection/logs/wvfm2h5_checkpoint.txt
[2026-08-28 01:34:03] Cooling down for 120s before resume
[2026-08-28 01:36:04] PROGRESS done=840/1862 workers=3/0 active current='Converting 86413898_1452 at Fri Aug 28 12:03:15 AM CDT 2026 [worker 2460202];DONE 86413898_1451 at Fri Aug 28 12:03:35 AM CDT 2026;Converting 86413898_1453 at Fri Aug 28 12:03:35 AM CDT 2026 [worker 2460202];' user_mem=2.35GiB(1.9%) job_mem=0.01GiB sys_used=8.0% mem_avail=115.1GiB zombies=0 batch_running=no
[2026-08-28 01:36:04] STARTING batch from checkpoint
[2026-08-28 01:36:04] Started batch pid=2762684
[2026-08-28 01:41:06] PROGRESS done=857/1862 workers=3/3 active current='Converting 86413898_1452 at Fri Aug 28 12:03:15 AM CDT 2026 [worker 2460202];DONE 86413898_1451 at Fri Aug 28 12:03:35 AM CDT 2026;Converting 86413898_1453 at Fri Aug 28 12:03:35 AM CDT 2026 [worker 2460202];' user_mem=21.85GiB(17.3%) job_mem=19.55GiB sys_used=24.0% mem_avail=95.1GiB zombies=0 batch_running=yes
[2026-08-28 01:46:08] PROGRESS done=877/1862 workers=3/3 active current='Converting 86413898_1452 at Fri Aug 28 12:03:15 AM CDT 2026 [worker 2460202];DONE 86413898_1451 at Fri Aug 28 12:03:35 AM CDT 2026;Converting 86413898_1453 at Fri Aug 28 12:03:35 AM CDT 2026 [worker 2460202];' user_mem=27.43GiB(21.9%) job_mem=25.14GiB sys_used=28.0% mem_avail=90.1GiB zombies=0 batch_running=yes
[2026-08-28 01:51:11] PROGRESS done=895/1862 workers=3/3 active current='Converting 86413898_1452 at Fri Aug 28 12:03:15 AM CDT 2026 [worker 2460202];DONE 86413898_1451 at Fri Aug 28 12:03:35 AM CDT 2026;Converting 86413898_1453 at Fri Aug 28 12:03:35 AM CDT 2026 [worker 2460202];' user_mem=24.62GiB(19.5%) job_mem=22.34GiB sys_used=26.6% mem_avail=91.9GiB zombies=0 batch_running=yes
[2026-08-28 01:56:13] PROGRESS done=914/1862 workers=3/3 active current='Converting 86413898_1452 at Fri Aug 28 12:03:15 AM CDT 2026 [worker 2460202];DONE 86413898_1451 at Fri Aug 28 12:03:35 AM CDT 2026;Converting 86413898_1453 at Fri Aug 28 12:03:35 AM CDT 2026 [worker 2460202];' user_mem=35.26GiB(28.2%) job_mem=32.96GiB sys_used=35.0% mem_avail=81.4GiB zombies=0 batch_running=yes
[2026-08-28 02:01:15] PROGRESS done=935/1862 workers=3/3 active current='Converting 86413898_1452 at Fri Aug 28 12:03:15 AM CDT 2026 [worker 2460202];DONE 86413898_1451 at Fri Aug 28 12:03:35 AM CDT 2026;Converting 86413898_1453 at Fri Aug 28 12:03:35 AM CDT 2026 [worker 2460202];' user_mem=29.60GiB(23.7%) job_mem=27.27GiB sys_used=29.7% mem_avail=87.9GiB zombies=0 batch_running=yes
[2026-08-28 02:06:18] PROGRESS done=955/1862 workers=3/3 active current='Converting 86413898_1452 at Fri Aug 28 12:03:15 AM CDT 2026 [worker 2460202];DONE 86413898_1451 at Fri Aug 28 12:03:35 AM CDT 2026;Converting 86413898_1453 at Fri Aug 28 12:03:35 AM CDT 2026 [worker 2460202];' user_mem=28.92GiB(23.1%) job_mem=26.60GiB sys_used=30.5% mem_avail=87.0GiB zombies=0 batch_running=yes
[2026-08-28 02:11:20] PROGRESS done=975/1862 workers=3/3 active current='Converting 86413898_1452 at Fri Aug 28 12:03:15 AM CDT 2026 [worker 2460202];DONE 86413898_1451 at Fri Aug 28 12:03:35 AM CDT 2026;Converting 86413898_1453 at Fri Aug 28 12:03:35 AM CDT 2026 [worker 2460202];' user_mem=19.46GiB(15.5%) job_mem=17.10GiB sys_used=22.4% mem_avail=97.1GiB zombies=0 batch_running=yes
[2026-08-28 02:16:23] PROGRESS done=994/1862 workers=3/3 active current='Converting 86413898_1452 at Fri Aug 28 12:03:15 AM CDT 2026 [worker 2460202];DONE 86413898_1451 at Fri Aug 28 12:03:35 AM CDT 2026;Converting 86413898_1453 at Fri Aug 28 12:03:35 AM CDT 2026 [worker 2460202];' user_mem=26.52GiB(21.2%) job_mem=24.26GiB sys_used=27.6% mem_avail=90.7GiB zombies=0 batch_running=yes
[2026-08-28 02:21:25] PROGRESS done=1014/1862 workers=3/3 active current='Converting 86413898_1452 at Fri Aug 28 12:03:15 AM CDT 2026 [worker 2460202];DONE 86413898_1451 at Fri Aug 28 12:03:35 AM CDT 2026;Converting 86413898_1453 at Fri Aug 28 12:03:35 AM CDT 2026 [worker 2460202];' user_mem=27.86GiB(22.3%) job_mem=25.59GiB sys_used=29.7% mem_avail=87.9GiB zombies=0 batch_running=yes
[2026-08-28 02:26:28] PROGRESS done=1034/1862 workers=3/3 active current='Converting 86413898_1452 at Fri Aug 28 12:03:15 AM CDT 2026 [worker 2460202];DONE 86413898_1451 at Fri Aug 28 12:03:35 AM CDT 2026;Converting 86413898_1453 at Fri Aug 28 12:03:35 AM CDT 2026 [worker 2460202];' user_mem=26.34GiB(21.0%) job_mem=24.07GiB sys_used=27.1% mem_avail=91.3GiB zombies=0 batch_running=yes
[2026-08-28 02:31:31] PROGRESS done=1053/1862 workers=3/3 active current='Converting 86413898_1452 at Fri Aug 28 12:03:15 AM CDT 2026 [worker 2460202];DONE 86413898_1451 at Fri Aug 28 12:03:35 AM CDT 2026;Converting 86413898_1453 at Fri Aug 28 12:03:35 AM CDT 2026 [worker 2460202];' user_mem=30.09GiB(23.9%) job_mem=27.87GiB sys_used=30.9% mem_avail=86.4GiB zombies=0 batch_running=yes
[2026-08-28 02:36:33] PROGRESS done=1073/1862 workers=3/3 active current='Converting 86413898_1452 at Fri Aug 28 12:03:15 AM CDT 2026 [worker 2460202];DONE 86413898_1451 at Fri Aug 28 12:03:35 AM CDT 2026;Converting 86413898_1453 at Fri Aug 28 12:03:35 AM CDT 2026 [worker 2460202];' user_mem=30.08GiB(24.0%) job_mem=27.81GiB sys_used=30.1% mem_avail=87.4GiB zombies=0 batch_running=yes
[2026-08-28 02:41:36] PROGRESS done=1092/1862 workers=3/3 active current='Converting 86413898_1452 at Fri Aug 28 12:03:15 AM CDT 2026 [worker 2460202];DONE 86413898_1451 at Fri Aug 28 12:03:35 AM CDT 2026;Converting 86413898_1453 at Fri Aug 28 12:03:35 AM CDT 2026 [worker 2460202];' user_mem=30.40GiB(24.2%) job_mem=28.13GiB sys_used=31.2% mem_avail=86.1GiB zombies=0 batch_running=yes
[2026-08-28 02:46:38] PROGRESS done=1112/1862 workers=3/3 active current='Converting 86413898_1452 at Fri Aug 28 12:03:15 AM CDT 2026 [worker 2460202];DONE 86413898_1451 at Fri Aug 28 12:03:35 AM CDT 2026;Converting 86413898_1453 at Fri Aug 28 12:03:35 AM CDT 2026 [worker 2460202];' user_mem=25.71GiB(20.5%) job_mem=23.41GiB sys_used=29.8% mem_avail=87.8GiB zombies=0 batch_running=yes
[2026-08-28 02:51:48] PROGRESS done=1130/1862 workers=3/5 active current='Converting 86413898_1452 at Fri Aug 28 12:03:15 AM CDT 2026 [worker 2460202];DONE 86413898_1451 at Fri Aug 28 12:03:35 AM CDT 2026;Converting 86413898_1453 at Fri Aug 28 12:03:35 AM CDT 2026 [worker 2460202];' user_mem=68.22GiB(54.5%) job_mem=66.54GiB sys_used=61.4% mem_avail=48.3GiB zombies=0 batch_running=yes
[2026-08-28 02:51:49] STOPPING batch (user memory > 30% (user_mem=55.6%))
[2026-08-28 02:51:49] Sending TERM to wvfm2h5.py pid=2896050
[2026-08-28 02:51:49] Sending TERM to wvfm2h5.py pid=2900188
[2026-08-28 02:51:49] Sending TERM to wvfm2h5.py pid=2901333
[2026-08-28 02:51:49] Sending TERM to wvfm2h5.py pid=2901352
[2026-08-28 02:51:49] Sending TERM to wvfm2h5.py pid=2901369
[2026-08-28 02:51:49] Sending TERM to batch pid=2762684
[2026-08-28 02:51:49] Sending TERM to batch pid=2892381
[2026-08-28 02:51:49] Sending TERM to batch pid=2896035
[2026-08-28 02:51:49] Sending TERM to batch pid=2900176
[2026-08-28 02:51:49] Sending TERM to batch pid=2901320
[2026-08-28 02:51:49] Sending TERM to batch pid=2901341
[2026-08-28 02:51:49] Sending TERM to batch pid=2901358
[2026-08-28 02:52:01] Batch stopped. Checkpoint saved to /exp/sbnd/app/users/munjung/anomaly-detection/logs/wvfm2h5_checkpoint.txt
[2026-08-28 02:52:01] Cooling down for 120s before resume
[2026-08-28 02:54:03] PROGRESS done=1130/1862 workers=3/3 active current='Converting 86413898_1452 at Fri Aug 28 12:03:15 AM CDT 2026 [worker 2460202];DONE 86413898_1451 at Fri Aug 28 12:03:35 AM CDT 2026;Converting 86413898_1453 at Fri Aug 28 12:03:35 AM CDT 2026 [worker 2460202];' user_mem=57.25GiB(45.7%) job_mem=55.60GiB sys_used=54.0% mem_avail=57.5GiB zombies=0 batch_running=yes
[2026-08-28 02:54:03] Batch already running; not starting another instance
[2026-08-28 02:59:14] PROGRESS done=1130/1862 workers=3/0 active current='Converting 86413898_1452 at Fri Aug 28 12:03:15 AM CDT 2026 [worker 2460202];DONE 86413898_1451 at Fri Aug 28 12:03:35 AM CDT 2026;Converting 86413898_1453 at Fri Aug 28 12:03:35 AM CDT 2026 [worker 2460202];' user_mem=1.15GiB(0.9%) job_mem=0.01GiB sys_used=7.0% mem_avail=116.3GiB zombies=0 batch_running=no
[2026-08-28 02:59:15] STARTING batch from checkpoint
[2026-08-28 02:59:15] Started batch pid=2913414
