[2026-09-03 13:04:04] Monitor started (pid=641959, interval=300s, user=munjung, user_mem_max=30%)
[2026-09-03 13:04:14] PROGRESS done=0/1862 converted=0 workers=3/0 active current='idle' user_mem=8.47GiB(6.8%) job_mem=0.03GiB sys_used=29.7% mem_avail=88.0GiB zombies=0 batch_running=no
[2026-09-03 13:09:17] PROGRESS done=0/1862 converted=0 workers=3/0 active current='idle' user_mem=8.21GiB(6.6%) job_mem=0.01GiB sys_used=29.9% mem_avail=87.8GiB zombies=0 batch_running=no
[2026-09-03 13:09:18] STARTING batch from checkpoint
[2026-09-03 13:09:18] Started batch pid=655644
[2026-09-03 13:14:21] PROGRESS done=0/1862 converted=0 workers=3/0 active current='idle' user_mem=15.88GiB(12.7%) job_mem=8.20GiB sys_used=36.0% mem_avail=80.2GiB zombies=0 batch_running=yes
[2026-09-03 13:19:25] PROGRESS done=0/1862 converted=0 workers=3/0 active current='idle' user_mem=21.16GiB(16.9%) job_mem=13.72GiB sys_used=41.0% mem_avail=73.9GiB zombies=0 batch_running=yes
[2026-09-03 13:24:29] PROGRESS done=0/1862 converted=0 workers=3/0 active current='idle' user_mem=15.44GiB(12.3%) job_mem=7.77GiB sys_used=36.5% mem_avail=79.4GiB zombies=0 batch_running=yes
[2026-09-03 13:29:33] PROGRESS done=0/1862 converted=0 workers=3/0 active current='idle' user_mem=18.33GiB(14.6%) job_mem=12.06GiB sys_used=62.1% mem_avail=47.5GiB zombies=0 batch_running=yes
[2026-09-03 13:34:37] PROGRESS done=0/1862 converted=0 workers=3/0 active current='idle' user_mem=22.09GiB(17.7%) job_mem=14.51GiB sys_used=73.1% mem_avail=33.6GiB zombies=0 batch_running=yes
[2026-09-03 13:39:41] PROGRESS done=0/1862 converted=0 workers=3/0 active current='idle' user_mem=8.48GiB(6.8%) job_mem=0.02GiB sys_used=61.2% mem_avail=48.5GiB zombies=0 batch_running=no
[2026-09-03 13:39:42] STARTING batch from checkpoint
[2026-09-03 13:39:43] Started batch pid=731448
[2026-09-03 13:44:45] PROGRESS done=0/1862 converted=0 workers=3/0 active current='idle' user_mem=8.72GiB(7.0%) job_mem=0.01GiB sys_used=30.7% mem_avail=86.7GiB zombies=0 batch_running=no
[2026-09-03 13:44:47] STARTING batch from checkpoint
[2026-09-03 13:44:47] Started batch pid=747318
[2026-09-03 13:49:50] PROGRESS done=0/1862 converted=0 workers=3/0 active current='idle' user_mem=19.68GiB(15.7%) job_mem=10.56GiB sys_used=39.5% mem_avail=75.7GiB zombies=0 batch_running=yes
[2026-09-03 13:54:54] PROGRESS done=0/1862 converted=0 workers=3/0 active current='idle' user_mem=16.78GiB(13.4%) job_mem=7.32GiB sys_used=37.6% mem_avail=78.0GiB zombies=0 batch_running=yes
[2026-09-03 13:59:57] PROGRESS done=0/1862 converted=0 workers=3/0 active current='idle' user_mem=9.54GiB(7.6%) job_mem=0.01GiB sys_used=33.8% mem_avail=82.8GiB zombies=0 batch_running=no
[2026-09-03 13:59:59] STARTING batch from checkpoint
[2026-09-03 13:59:59] Started batch pid=815734
[2026-09-03 14:05:02] PROGRESS done=0/1862 converted=0 workers=3/0 active current='idle' user_mem=20.23GiB(16.2%) job_mem=10.69GiB sys_used=42.6% mem_avail=71.9GiB zombies=0 batch_running=yes
[2026-09-03 14:10:06] PROGRESS done=0/1862 converted=0 workers=3/0 active current='idle' user_mem=23.88GiB(19.1%) job_mem=14.26GiB sys_used=26.4% mem_avail=92.1GiB zombies=0 batch_running=yes
[2026-09-03 14:15:09] PROGRESS done=0/1862 converted=0 workers=3/0 active current='idle' user_mem=22.24GiB(17.8%) job_mem=12.64GiB sys_used=25.1% mem_avail=93.7GiB zombies=0 batch_running=yes
[2026-09-03 14:20:13] PROGRESS done=0/1862 converted=0 workers=3/0 active current='idle' user_mem=19.35GiB(15.5%) job_mem=9.65GiB sys_used=22.3% mem_avail=97.2GiB zombies=0 batch_running=yes
[2026-09-03 14:25:17] PROGRESS done=0/1862 converted=0 workers=3/0 active current='idle' user_mem=15.17GiB(12.1%) job_mem=5.29GiB sys_used=18.6% mem_avail=101.9GiB zombies=0 batch_running=yes
[2026-09-03 14:30:21] PROGRESS done=0/1862 converted=0 workers=3/0 active current='idle' user_mem=9.93GiB(7.9%) job_mem=0.01GiB sys_used=14.8% mem_avail=106.6GiB zombies=0 batch_running=no
[2026-09-03 14:30:22] STARTING batch from checkpoint
[2026-09-03 14:30:22] Started batch pid=928920
[2026-09-03 14:35:26] PROGRESS done=0/1862 converted=0 workers=3/0 active current='idle' user_mem=19.13GiB(15.3%) job_mem=9.68GiB sys_used=25.6% mem_avail=93.1GiB zombies=0 batch_running=yes
[2026-09-03 14:40:30] PROGRESS done=0/1862 converted=0 workers=3/0 active current='idle' user_mem=9.86GiB(7.9%) job_mem=0.02GiB sys_used=18.2% mem_avail=102.3GiB zombies=0 batch_running=no
[2026-09-03 14:40:32] STARTING batch from checkpoint
[2026-09-03 14:40:32] Started batch pid=1025564
[2026-09-03 14:45:35] PROGRESS done=0/1862 converted=0 workers=3/0 active current='idle' user_mem=21.83GiB(17.4%) job_mem=12.58GiB sys_used=27.1% mem_avail=91.3GiB zombies=0 batch_running=yes
[2026-09-03 14:50:38] PROGRESS done=0/1862 converted=0 workers=3/0 active current='idle' user_mem=9.66GiB(7.7%) job_mem=0.02GiB sys_used=17.3% mem_avail=103.5GiB zombies=0 batch_running=yes
[2026-09-03 14:55:42] PROGRESS done=0/1862 converted=0 workers=3/0 active current='idle' user_mem=9.63GiB(7.7%) job_mem=0.01GiB sys_used=16.5% mem_avail=104.4GiB zombies=0 batch_running=no
[2026-09-03 14:55:43] STARTING batch from checkpoint
[2026-09-03 14:55:43] Started batch pid=1093469
[2026-09-03 15:00:46] PROGRESS done=0/1862 converted=0 workers=3/0 active current='idle' user_mem=22.61GiB(18.1%) job_mem=12.94GiB sys_used=31.1% mem_avail=86.2GiB zombies=0 batch_running=yes
[2026-09-03 15:05:51] PROGRESS done=0/1862 converted=0 workers=3/0 active current='idle' user_mem=18.17GiB(14.5%) job_mem=8.59GiB sys_used=33.6% mem_avail=83.2GiB zombies=0 batch_running=yes
[2026-09-03 15:10:56] PROGRESS done=0/1862 converted=0 workers=3/0 active current='idle' user_mem=24.61GiB(19.7%) job_mem=14.26GiB sys_used=33.3% mem_avail=83.5GiB zombies=0 batch_running=yes
[2026-09-03 15:16:00] PROGRESS done=0/1862 converted=0 workers=3/0 active current='idle' user_mem=10.45GiB(8.4%) job_mem=0.01GiB sys_used=23.4% mem_avail=95.9GiB zombies=0 batch_running=no
[2026-09-03 15:16:02] STARTING batch from checkpoint
[2026-09-03 15:16:02] Started batch pid=1135170
[2026-09-03 15:21:06] PROGRESS done=0/1862 converted=0 workers=3/0 active current='idle' user_mem=24.22GiB(19.3%) job_mem=14.26GiB sys_used=48.8% mem_avail=64.0GiB zombies=0 batch_running=yes
[2026-09-03 15:26:11] PROGRESS done=0/1862 converted=0 workers=3/0 active current='idle' user_mem=10.69GiB(8.5%) job_mem=0.01GiB sys_used=23.3% mem_avail=95.9GiB zombies=0 batch_running=no
[2026-09-03 15:26:13] STARTING batch from checkpoint
[2026-09-03 15:26:13] Started batch pid=1155596
[2026-09-03 15:31:17] PROGRESS done=0/1862 converted=0 workers=3/0 active current='idle' user_mem=12.03GiB(9.6%) job_mem=1.60GiB sys_used=26.9% mem_avail=91.5GiB zombies=0 batch_running=yes
[2026-09-03 15:36:23] PROGRESS done=0/1862 converted=0 workers=3/0 active current='idle' user_mem=22.35GiB(17.9%) job_mem=11.93GiB sys_used=36.8% mem_avail=79.1GiB zombies=0 batch_running=yes
[2026-09-03 15:41:28] PROGRESS done=0/1862 converted=0 workers=3/0 active current='idle' user_mem=10.20GiB(8.2%) job_mem=0.02GiB sys_used=28.4% mem_avail=89.5GiB zombies=0 batch_running=yes
[2026-09-03 15:46:33] PROGRESS done=0/1862 converted=0 workers=3/0 active current='idle' user_mem=17.45GiB(13.9%) job_mem=7.38GiB sys_used=29.9% mem_avail=87.8GiB zombies=0 batch_running=yes
[2026-09-03 15:51:39] PROGRESS done=0/1862 converted=0 workers=3/0 active current='idle' user_mem=9.85GiB(7.9%) job_mem=0.02GiB sys_used=26.3% mem_avail=92.3GiB zombies=0 batch_running=no
[2026-09-03 15:51:41] STARTING batch from checkpoint
[2026-09-03 15:51:41] Started batch pid=1205986
[2026-09-03 15:56:44] PROGRESS done=0/1862 converted=0 workers=3/0 active current='idle' user_mem=16.78GiB(13.4%) job_mem=6.03GiB sys_used=34.1% mem_avail=82.4GiB zombies=0 batch_running=yes
[2026-09-03 16:01:49] PROGRESS done=0/1862 converted=0 workers=3/0 active current='idle' user_mem=11.35GiB(9.1%) job_mem=0.01GiB sys_used=32.9% mem_avail=84.0GiB zombies=0 batch_running=no
[2026-09-03 16:01:51] STARTING batch from checkpoint
[2026-09-03 16:01:52] Started batch pid=1236443
[2026-09-03 16:06:56] PROGRESS done=0/1862 converted=0 workers=3/0 active current='idle' user_mem=19.78GiB(15.8%) job_mem=8.28GiB sys_used=41.4% mem_avail=73.3GiB zombies=0 batch_running=yes
[2026-09-03 16:12:01] PROGRESS done=0/1862 converted=0 workers=3/0 active current='idle' user_mem=21.29GiB(16.9%) job_mem=8.82GiB sys_used=37.8% mem_avail=77.9GiB zombies=0 batch_running=yes
[2026-09-03 16:17:06] PROGRESS done=0/1862 converted=0 workers=3/0 active current='idle' user_mem=24.73GiB(19.8%) job_mem=10.65GiB sys_used=52.7% mem_avail=59.2GiB zombies=0 batch_running=yes
[2026-09-03 16:22:12] PROGRESS done=0/1862 converted=0 workers=3/0 active current='idle' user_mem=30.10GiB(24.1%) job_mem=14.01GiB sys_used=48.2% mem_avail=64.8GiB zombies=0 batch_running=yes
[2026-09-03 16:22:14] STARTING batch from checkpoint
[2026-09-03 16:22:14] Started batch pid=1303436
[2026-09-03 16:27:18] PROGRESS done=0/1862 converted=0 workers=3/0 active current='idle' user_mem=22.23GiB(17.8%) job_mem=0.01GiB sys_used=30.8% mem_avail=86.5GiB zombies=0 batch_running=no
[2026-09-03 16:27:20] STARTING batch from checkpoint
[2026-09-03 16:27:20] Started batch pid=1318871
[2026-09-03 16:32:24] PROGRESS done=0/1862 converted=0 workers=3/0 active current='idle' user_mem=22.84GiB(18.3%) job_mem=0.01GiB sys_used=34.4% mem_avail=82.1GiB zombies=0 batch_running=no
[2026-09-03 16:32:26] STARTING batch from checkpoint
[2026-09-03 16:32:26] Started batch pid=1329759
[2026-09-03 16:37:29] PROGRESS done=0/1862 converted=0 workers=3/0 active current='idle' user_mem=23.44GiB(18.7%) job_mem=0.01GiB sys_used=35.2% mem_avail=81.1GiB zombies=0 batch_running=no
[2026-09-03 16:37:31] STARTING batch from checkpoint
[2026-09-03 16:37:31] Started batch pid=1341319
[2026-09-03 16:42:35] PROGRESS done=0/1862 converted=0 workers=3/0 active current='idle' user_mem=33.22GiB(26.5%) job_mem=11.74GiB sys_used=37.6% mem_avail=78.0GiB zombies=0 batch_running=yes
[2026-09-03 16:47:40] PROGRESS done=0/1862 converted=0 workers=3/0 active current='idle' user_mem=21.82GiB(17.4%) job_mem=0.02GiB sys_used=30.1% mem_avail=87.4GiB zombies=0 batch_running=no
[2026-09-03 16:47:42] STARTING batch from checkpoint
[2026-09-03 16:47:42] Started batch pid=1361423
[2026-09-03 16:52:45] PROGRESS done=0/1862 converted=0 workers=3/0 active current='idle' user_mem=32.20GiB(25.7%) job_mem=9.13GiB sys_used=40.2% mem_avail=74.9GiB zombies=0 batch_running=yes
[2026-09-03 16:57:50] PROGRESS done=0/1862 converted=0 workers=3/0 active current='idle' user_mem=23.66GiB(18.9%) job_mem=0.01GiB sys_used=30.3% mem_avail=87.2GiB zombies=0 batch_running=no
[2026-09-03 16:57:52] STARTING batch from checkpoint
[2026-09-03 16:57:52] Started batch pid=1377066
[2026-09-03 17:02:56] PROGRESS done=0/1862 converted=0 workers=3/0 active current='idle' user_mem=32.21GiB(25.7%) job_mem=8.31GiB sys_used=38.5% mem_avail=77.0GiB zombies=0 batch_running=yes
[2026-09-03 17:08:00] PROGRESS done=0/1862 converted=0 workers=3/0 active current='idle' user_mem=24.19GiB(19.3%) job_mem=0.01GiB sys_used=28.5% mem_avail=89.5GiB zombies=0 batch_running=no
[2026-09-03 17:08:03] STARTING batch from checkpoint
[2026-09-03 17:08:03] Started batch pid=1397603
[2026-09-03 17:13:06] PROGRESS done=0/1862 converted=0 workers=3/0 active current='idle' user_mem=33.46GiB(26.8%) job_mem=9.07GiB sys_used=36.4% mem_avail=79.6GiB zombies=0 batch_running=yes
[2026-09-03 17:18:11] PROGRESS done=0/1862 converted=0 workers=3/0 active current='idle' user_mem=38.63GiB(30.9%) job_mem=14.18GiB sys_used=41.7% mem_avail=73.0GiB zombies=0 batch_running=yes
[2026-09-03 17:23:15] PROGRESS done=0/1862 converted=0 workers=3/0 active current='idle' user_mem=24.45GiB(19.5%) job_mem=0.01GiB sys_used=31.2% mem_avail=86.1GiB zombies=0 batch_running=no
[2026-09-03 17:23:17] STARTING batch from checkpoint
[2026-09-03 17:23:17] Started batch pid=1427779
[2026-09-03 17:28:21] PROGRESS done=0/1862 converted=0 workers=3/0 active current='idle' user_mem=28.36GiB(22.7%) job_mem=3.85GiB sys_used=35.4% mem_avail=80.8GiB zombies=0 batch_running=yes
[2026-09-03 17:33:26] PROGRESS done=0/1862 converted=0 workers=3/0 active current='idle' user_mem=37.00GiB(29.6%) job_mem=12.61GiB sys_used=39.2% mem_avail=76.1GiB zombies=0 batch_running=yes
[2026-09-03 17:38:31] PROGRESS done=0/1862 converted=0 workers=3/0 active current='idle' user_mem=37.58GiB(30.1%) job_mem=13.11GiB sys_used=41.8% mem_avail=72.8GiB zombies=0 batch_running=yes
[2026-09-03 17:43:35] PROGRESS done=0/1862 converted=0 workers=3/0 active current='idle' user_mem=37.93GiB(30.3%) job_mem=13.47GiB sys_used=42.4% mem_avail=72.1GiB zombies=0 batch_running=yes
[2026-09-03 17:48:39] PROGRESS done=0/1862 converted=0 workers=3/0 active current='idle' user_mem=24.57GiB(19.6%) job_mem=0.02GiB sys_used=24.6% mem_avail=94.4GiB zombies=0 batch_running=no
[2026-09-03 17:48:41] STARTING batch from checkpoint
[2026-09-03 17:48:41] Started batch pid=1476396
[2026-09-03 17:53:43] PROGRESS done=0/1862 converted=0 workers=3/0 active current='idle' user_mem=27.85GiB(22.3%) job_mem=0.01GiB sys_used=28.5% mem_avail=89.4GiB zombies=0 batch_running=no
[2026-09-03 17:53:45] STARTING batch from checkpoint
[2026-09-03 17:53:45] Started batch pid=1484368
[2026-09-03 17:58:48] PROGRESS done=0/1862 converted=0 workers=3/0 active current='idle' user_mem=49.92GiB(39.9%) job_mem=13.09GiB sys_used=46.4% mem_avail=67.0GiB zombies=0 batch_running=yes
[2026-09-03 18:03:51] PROGRESS done=0/1862 converted=0 workers=3/0 active current='idle' user_mem=34.76GiB(27.8%) job_mem=0.01GiB sys_used=35.3% mem_avail=80.9GiB zombies=0 batch_running=no
[2026-09-03 18:03:52] STARTING batch from checkpoint
[2026-09-03 18:03:52] Started batch pid=1505669
[2026-09-03 18:08:55] PROGRESS done=0/1862 converted=0 workers=3/0 active current='idle' user_mem=47.73GiB(38.1%) job_mem=12.91GiB sys_used=46.1% mem_avail=67.5GiB zombies=0 batch_running=yes
[2026-09-03 18:13:59] PROGRESS done=0/1862 converted=0 workers=3/0 active current='idle' user_mem=35.63GiB(28.4%) job_mem=0.01GiB sys_used=33.5% mem_avail=83.2GiB zombies=0 batch_running=no
[2026-09-03 18:14:00] STARTING batch from checkpoint
[2026-09-03 18:14:00] Started batch pid=1525935
[2026-09-03 18:19:03] PROGRESS done=0/1862 converted=0 workers=3/0 active current='idle' user_mem=44.88GiB(35.7%) job_mem=9.97GiB sys_used=41.1% mem_avail=73.7GiB zombies=0 batch_running=yes
[2026-09-03 18:24:07] PROGRESS done=0/1862 converted=0 workers=3/0 active current='idle' user_mem=28.87GiB(23.1%) job_mem=0.02GiB sys_used=29.9% mem_avail=87.7GiB zombies=0 batch_running=no
[2026-09-03 18:24:08] STARTING batch from checkpoint
[2026-09-03 18:24:09] Started batch pid=1544641
[2026-09-03 18:29:11] PROGRESS done=0/1862 converted=0 workers=3/0 active current='idle' user_mem=28.16GiB(22.4%) job_mem=0.01GiB sys_used=30.4% mem_avail=87.0GiB zombies=0 batch_running=no
[2026-09-03 18:29:13] STARTING batch from checkpoint
[2026-09-03 18:29:13] Started batch pid=1553607
[2026-09-03 18:34:16] PROGRESS done=0/1862 converted=0 workers=3/0 active current='idle' user_mem=45.70GiB(36.5%) job_mem=13.94GiB sys_used=44.2% mem_avail=69.8GiB zombies=0 batch_running=yes
[2026-09-03 18:39:19] PROGRESS done=0/1862 converted=0 workers=3/0 active current='idle' user_mem=30.69GiB(24.4%) job_mem=0.01GiB sys_used=33.9% mem_avail=82.8GiB zombies=0 batch_running=no
[2026-09-03 18:39:21] STARTING batch from checkpoint
[2026-09-03 18:39:21] Started batch pid=1573504
[2026-09-03 18:44:23] PROGRESS done=0/1862 converted=0 workers=3/0 active current='idle' user_mem=41.11GiB(32.9%) job_mem=12.23GiB sys_used=38.8% mem_avail=76.7GiB zombies=0 batch_running=yes
[2026-09-03 18:49:27] PROGRESS done=0/1862 converted=0 workers=3/0 active current='idle' user_mem=42.46GiB(33.9%) job_mem=13.64GiB sys_used=40.2% mem_avail=74.9GiB zombies=0 batch_running=yes
[2026-09-03 18:54:30] PROGRESS done=0/1862 converted=0 workers=3/0 active current='idle' user_mem=39.41GiB(31.5%) job_mem=10.54GiB sys_used=39.5% mem_avail=75.7GiB zombies=0 batch_running=yes
[2026-09-03 18:59:34] PROGRESS done=0/1862 converted=0 workers=3/0 active current='idle' user_mem=29.22GiB(23.3%) job_mem=0.02GiB sys_used=33.0% mem_avail=83.9GiB zombies=0 batch_running=yes
[2026-09-03 19:04:38] PROGRESS done=0/1862 converted=0 workers=3/0 active current='idle' user_mem=29.46GiB(23.5%) job_mem=0.01GiB sys_used=30.2% mem_avail=87.3GiB zombies=0 batch_running=no
[2026-09-03 19:04:39] STARTING batch from checkpoint
[2026-09-03 19:04:39] Started batch pid=1638927
[2026-09-03 19:09:42] PROGRESS done=0/1862 converted=0 workers=3/0 active current='idle' user_mem=36.89GiB(29.7%) job_mem=7.33GiB sys_used=36.4% mem_avail=79.5GiB zombies=0 batch_running=yes
[2026-09-03 19:14:46] PROGRESS done=0/1862 converted=0 workers=3/0 active current='idle' user_mem=44.05GiB(35.2%) job_mem=14.10GiB sys_used=41.6% mem_avail=73.1GiB zombies=0 batch_running=yes
[2026-09-03 19:19:50] PROGRESS done=0/1862 converted=0 workers=3/0 active current='idle' user_mem=19.79GiB(15.9%) job_mem=12.50GiB sys_used=23.3% mem_avail=95.9GiB zombies=0 batch_running=yes
[2026-09-03 19:24:54] PROGRESS done=0/1862 converted=0 workers=3/0 active current='idle' user_mem=7.27GiB(5.8%) job_mem=0.01GiB sys_used=13.2% mem_avail=108.7GiB zombies=0 batch_running=no
[2026-09-03 19:24:55] STARTING batch from checkpoint
[2026-09-03 19:24:55] Started batch pid=1690110
[2026-09-03 19:29:58] PROGRESS done=0/1862 converted=0 workers=3/0 active current='idle' user_mem=7.29GiB(5.8%) job_mem=0.05GiB sys_used=13.1% mem_avail=108.7GiB zombies=0 batch_running=no
[2026-09-03 19:30:00] STARTING batch from checkpoint
[2026-09-03 19:30:00] Started batch pid=1698810
[2026-09-03 19:35:02] PROGRESS done=0/1862 converted=0 workers=3/0 active current='idle' user_mem=17.44GiB(13.9%) job_mem=10.19GiB sys_used=21.5% mem_avail=98.3GiB zombies=0 batch_running=yes
[2026-09-03 19:40:06] PROGRESS done=0/1862 converted=0 workers=3/0 active current='idle' user_mem=18.88GiB(15.1%) job_mem=11.65GiB sys_used=23.2% mem_avail=96.1GiB zombies=0 batch_running=yes
[2026-09-03 19:45:10] PROGRESS done=0/1862 converted=0 workers=3/0 active current='idle' user_mem=17.82GiB(14.2%) job_mem=11.09GiB sys_used=20.4% mem_avail=99.6GiB zombies=0 batch_running=yes
[2026-09-03 19:50:14] PROGRESS done=0/1862 converted=0 workers=3/0 active current='idle' user_mem=19.93GiB(15.9%) job_mem=12.86GiB sys_used=20.5% mem_avail=99.4GiB zombies=0 batch_running=yes
[2026-09-03 19:55:17] PROGRESS done=0/1862 converted=0 workers=3/0 active current='idle' user_mem=7.13GiB(5.7%) job_mem=0.01GiB sys_used=11.7% mem_avail=110.5GiB zombies=0 batch_running=no
[2026-09-03 19:55:19] STARTING batch from checkpoint
[2026-09-03 19:55:19] Started batch pid=1741269
[2026-09-03 20:00:21] PROGRESS done=0/1862 converted=0 workers=3/0 active current='idle' user_mem=7.59GiB(6.1%) job_mem=0.01GiB sys_used=13.8% mem_avail=107.8GiB zombies=0 batch_running=no
[2026-09-03 20:00:23] STARTING batch from checkpoint
[2026-09-03 20:00:23] Started batch pid=1751065
[2026-09-03 20:05:26] PROGRESS done=0/1862 converted=0 workers=3/0 active current='idle' user_mem=23.30GiB(18.6%) job_mem=14.02GiB sys_used=26.8% mem_avail=91.6GiB zombies=0 batch_running=yes
[2026-09-03 20:10:29] PROGRESS done=0/1862 converted=0 workers=3/0 active current='idle' user_mem=9.38GiB(7.5%) job_mem=0.01GiB sys_used=13.9% mem_avail=107.8GiB zombies=0 batch_running=no
[2026-09-03 20:10:31] STARTING batch from checkpoint
[2026-09-03 20:10:31] Started batch pid=1771125
[2026-09-03 20:15:34] PROGRESS done=0/1862 converted=0 workers=3/0 active current='idle' user_mem=23.47GiB(18.7%) job_mem=14.00GiB sys_used=25.6% mem_avail=93.2GiB zombies=0 batch_running=yes
[2026-09-03 20:21:03] PROGRESS done=0/1862 converted=0 workers=3/0 active current='idle' user_mem=9.51GiB(7.6%) job_mem=0.02GiB sys_used=16.8% mem_avail=104.1GiB zombies=0 batch_running=yes
[2026-09-03 20:26:06] PROGRESS done=0/1862 converted=0 workers=3/0 active current='idle' user_mem=9.57GiB(7.6%) job_mem=0.01GiB sys_used=14.1% mem_avail=107.4GiB zombies=0 batch_running=no
[2026-09-03 20:26:07] STARTING batch from checkpoint
[2026-09-03 20:26:08] Started batch pid=1801680
[2026-09-03 20:31:10] PROGRESS done=0/1862 converted=0 workers=3/0 active current='idle' user_mem=22.05GiB(17.6%) job_mem=12.51GiB sys_used=25.0% mem_avail=93.9GiB zombies=0 batch_running=yes
[2026-09-03 20:36:14] PROGRESS done=0/1862 converted=0 workers=3/0 active current='idle' user_mem=23.96GiB(19.1%) job_mem=14.36GiB sys_used=27.8% mem_avail=90.3GiB zombies=0 batch_running=yes
[2026-09-03 20:41:17] PROGRESS done=0/1862 converted=0 workers=3/0 active current='idle' user_mem=9.62GiB(7.7%) job_mem=0.02GiB sys_used=18.3% mem_avail=102.2GiB zombies=0 batch_running=no
[2026-09-03 20:41:19] STARTING batch from checkpoint
[2026-09-03 20:41:19] Started batch pid=1836093
[2026-09-03 20:46:22] PROGRESS done=0/1862 converted=0 workers=3/0 active current='idle' user_mem=9.71GiB(7.8%) job_mem=0.02GiB sys_used=15.9% mem_avail=105.3GiB zombies=0 batch_running=yes
[2026-09-03 20:51:25] PROGRESS done=0/1862 converted=0 workers=3/0 active current='idle' user_mem=9.80GiB(7.8%) job_mem=0.02GiB sys_used=18.2% mem_avail=102.4GiB zombies=0 batch_running=no
[2026-09-03 20:51:27] STARTING batch from checkpoint
[2026-09-03 20:51:27] Started batch pid=1862940
[2026-09-03 20:56:30] PROGRESS done=0/1862 converted=0 workers=3/0 active current='idle' user_mem=9.79GiB(7.8%) job_mem=0.02GiB sys_used=19.0% mem_avail=101.3GiB zombies=0 batch_running=no
[2026-09-03 20:56:31] STARTING batch from checkpoint
[2026-09-03 20:56:31] Started batch pid=1872188
[2026-09-03 21:01:34] PROGRESS done=0/1862 converted=0 workers=3/0 active current='idle' user_mem=9.45GiB(7.5%) job_mem=0.02GiB sys_used=16.3% mem_avail=104.8GiB zombies=0 batch_running=no
[2026-09-03 21:01:35] STARTING batch from checkpoint
[2026-09-03 21:01:35] Started batch pid=1883084
[2026-09-03 21:06:38] PROGRESS done=0/1862 converted=0 workers=3/0 active current='idle' user_mem=9.27GiB(7.4%) job_mem=0.02GiB sys_used=18.0% mem_avail=102.6GiB zombies=0 batch_running=no
[2026-09-03 21:06:39] STARTING batch from checkpoint
[2026-09-03 21:06:39] Started batch pid=1892611
[2026-09-03 21:11:42] PROGRESS done=0/1862 converted=0 workers=3/0 active current='idle' user_mem=9.69GiB(7.7%) job_mem=0.02GiB sys_used=20.1% mem_avail=100.0GiB zombies=0 batch_running=no
[2026-09-03 21:11:44] STARTING batch from checkpoint
[2026-09-03 21:11:44] Started batch pid=1903727
[2026-09-03 21:16:46] PROGRESS done=0/1862 converted=0 workers=3/0 active current='idle' user_mem=9.73GiB(7.8%) job_mem=0.02GiB sys_used=21.1% mem_avail=98.7GiB zombies=0 batch_running=no
[2026-09-03 21:16:48] STARTING batch from checkpoint
[2026-09-03 21:16:48] Started batch pid=1913369
[2026-09-03 21:21:51] PROGRESS done=0/1862 converted=0 workers=3/0 active current='idle' user_mem=9.75GiB(7.8%) job_mem=0.02GiB sys_used=18.6% mem_avail=101.8GiB zombies=0 batch_running=no
[2026-09-03 21:21:52] STARTING batch from checkpoint
[2026-09-03 21:21:52] Started batch pid=1923983
[2026-09-03 21:26:55] PROGRESS done=0/1862 converted=0 workers=3/0 active current='idle' user_mem=9.76GiB(7.8%) job_mem=0.02GiB sys_used=20.5% mem_avail=99.4GiB zombies=0 batch_running=no
[2026-09-03 21:26:56] STARTING batch from checkpoint
[2026-09-03 21:26:56] Started batch pid=1934731
[2026-09-03 21:31:59] PROGRESS done=0/1862 converted=0 workers=3/0 active current='idle' user_mem=9.94GiB(7.9%) job_mem=0.02GiB sys_used=22.6% mem_avail=96.9GiB zombies=0 batch_running=no
[2026-09-03 21:32:01] STARTING batch from checkpoint
[2026-09-03 21:32:01] Started batch pid=1945320
[2026-09-03 21:37:04] PROGRESS done=0/1862 converted=0 workers=3/0 active current='idle' user_mem=9.95GiB(8.0%) job_mem=0.02GiB sys_used=19.4% mem_avail=100.9GiB zombies=0 batch_running=no
[2026-09-03 21:37:05] STARTING batch from checkpoint
[2026-09-03 21:37:05] Started batch pid=1954664
[2026-09-03 21:42:08] PROGRESS done=0/1862 converted=0 workers=3/0 active current='idle' user_mem=10.11GiB(8.1%) job_mem=0.02GiB sys_used=21.1% mem_avail=98.7GiB zombies=0 batch_running=no
[2026-09-03 21:42:09] STARTING batch from checkpoint
[2026-09-03 21:42:09] Started batch pid=1966021
[2026-09-03 21:47:12] PROGRESS done=0/1862 converted=0 workers=3/0 active current='idle' user_mem=10.07GiB(8.0%) job_mem=0.01GiB sys_used=20.5% mem_avail=99.5GiB zombies=0 batch_running=no
[2026-09-03 21:47:14] STARTING batch from checkpoint
[2026-09-03 21:47:14] Started batch pid=1974388
[2026-09-03 21:52:17] PROGRESS done=0/1862 converted=0 workers=3/0 active current='idle' user_mem=10.15GiB(8.1%) job_mem=0.01GiB sys_used=21.0% mem_avail=98.9GiB zombies=0 batch_running=no
[2026-09-03 21:52:18] STARTING batch from checkpoint
[2026-09-03 21:52:18] Started batch pid=1983742
[2026-09-03 21:57:21] PROGRESS done=0/1862 converted=0 workers=3/0 active current='idle' user_mem=10.15GiB(8.1%) job_mem=0.01GiB sys_used=20.9% mem_avail=98.9GiB zombies=0 batch_running=no
[2026-09-03 21:57:22] STARTING batch from checkpoint
[2026-09-03 21:57:22] Started batch pid=1993752
[2026-09-03 22:02:25] PROGRESS done=0/1862 converted=0 workers=3/0 active current='idle' user_mem=10.22GiB(8.2%) job_mem=0.01GiB sys_used=21.3% mem_avail=98.5GiB zombies=0 batch_running=no
[2026-09-03 22:02:27] STARTING batch from checkpoint
[2026-09-03 22:02:27] Started batch pid=2002902
[2026-09-03 22:07:29] PROGRESS done=0/1862 converted=0 workers=3/0 active current='idle' user_mem=10.11GiB(8.1%) job_mem=0.01GiB sys_used=21.3% mem_avail=98.4GiB zombies=0 batch_running=no
[2026-09-03 22:07:31] STARTING batch from checkpoint
[2026-09-03 22:07:31] Started batch pid=2012707
[2026-09-03 22:12:34] PROGRESS done=0/1862 converted=0 workers=3/0 active current='idle' user_mem=10.28GiB(8.2%) job_mem=0.01GiB sys_used=21.4% mem_avail=98.4GiB zombies=0 batch_running=no
[2026-09-03 22:12:35] STARTING batch from checkpoint
[2026-09-03 22:12:35] Started batch pid=2023442
[2026-09-03 22:17:38] PROGRESS done=0/1862 converted=0 workers=3/0 active current='idle' user_mem=10.03GiB(8.0%) job_mem=0.01GiB sys_used=21.4% mem_avail=98.4GiB zombies=0 batch_running=no
[2026-09-03 22:17:40] STARTING batch from checkpoint
[2026-09-03 22:17:40] Started batch pid=2031563
[2026-09-03 22:22:42] PROGRESS done=0/1862 converted=0 workers=3/0 active current='idle' user_mem=9.72GiB(7.8%) job_mem=0.01GiB sys_used=21.2% mem_avail=98.6GiB zombies=0 batch_running=no
[2026-09-03 22:22:44] STARTING batch from checkpoint
[2026-09-03 22:22:44] Started batch pid=2042159
[2026-09-03 22:27:46] PROGRESS done=0/1862 converted=0 workers=3/0 active current='idle' user_mem=8.16GiB(6.5%) job_mem=0.01GiB sys_used=20.3% mem_avail=99.7GiB zombies=0 batch_running=no
[2026-09-03 22:27:48] STARTING batch from checkpoint
[2026-09-03 22:27:48] Started batch pid=2052787
[2026-09-03 22:32:51] PROGRESS done=0/1862 converted=0 workers=3/0 active current='idle' user_mem=8.44GiB(6.7%) job_mem=0.01GiB sys_used=21.2% mem_avail=98.6GiB zombies=0 batch_running=no
[2026-09-03 22:32:52] STARTING batch from checkpoint
[2026-09-03 22:32:52] Started batch pid=2062491
[2026-09-03 22:37:55] PROGRESS done=0/1862 converted=0 workers=3/0 active current='idle' user_mem=8.55GiB(6.8%) job_mem=0.01GiB sys_used=21.4% mem_avail=98.4GiB zombies=0 batch_running=no
[2026-09-03 22:37:56] STARTING batch from checkpoint
[2026-09-03 22:37:56] Started batch pid=2071396
[2026-09-03 22:42:59] PROGRESS done=0/1862 converted=0 workers=3/0 active current='idle' user_mem=8.88GiB(7.1%) job_mem=0.01GiB sys_used=21.9% mem_avail=97.7GiB zombies=0 batch_running=no
[2026-09-03 22:43:01] STARTING batch from checkpoint
[2026-09-03 22:43:01] Started batch pid=2085204
[2026-09-03 22:48:04] PROGRESS done=0/1862 converted=0 workers=3/0 active current='idle' user_mem=9.03GiB(7.2%) job_mem=0.01GiB sys_used=24.9% mem_avail=94.0GiB zombies=0 batch_running=no
[2026-09-03 22:48:06] STARTING batch from checkpoint
[2026-09-03 22:48:06] Started batch pid=2094637
[2026-09-03 22:53:09] PROGRESS done=0/1862 converted=0 workers=3/0 active current='idle' user_mem=11.69GiB(9.3%) job_mem=0.01GiB sys_used=27.3% mem_avail=90.9GiB zombies=0 batch_running=no
[2026-09-03 22:53:10] STARTING batch from checkpoint
[2026-09-03 22:53:10] Started batch pid=2110452
[2026-09-03 22:58:13] PROGRESS done=0/1862 converted=0 workers=3/0 active current='idle' user_mem=11.60GiB(9.3%) job_mem=0.01GiB sys_used=24.5% mem_avail=94.5GiB zombies=0 batch_running=no
[2026-09-03 22:58:15] STARTING batch from checkpoint
[2026-09-03 22:58:15] Started batch pid=2118953
[2026-09-03 23:03:18] PROGRESS done=0/1862 converted=0 workers=3/0 active current='idle' user_mem=11.69GiB(9.3%) job_mem=0.01GiB sys_used=25.6% mem_avail=93.1GiB zombies=0 batch_running=no
[2026-09-03 23:03:19] STARTING batch from checkpoint
[2026-09-03 23:03:19] Started batch pid=2129341
[2026-09-03 23:08:22] PROGRESS done=0/1862 converted=0 workers=3/0 active current='idle' user_mem=11.70GiB(9.3%) job_mem=0.01GiB sys_used=25.3% mem_avail=93.5GiB zombies=0 batch_running=no
[2026-09-03 23:08:23] STARTING batch from checkpoint
[2026-09-03 23:08:23] Started batch pid=2139618
[2026-09-03 23:13:26] PROGRESS done=0/1862 converted=0 workers=3/0 active current='idle' user_mem=11.74GiB(9.4%) job_mem=0.01GiB sys_used=26.2% mem_avail=92.3GiB zombies=0 batch_running=no
[2026-09-03 23:13:28] STARTING batch from checkpoint
[2026-09-03 23:13:28] Started batch pid=2151214
[2026-09-03 23:18:31] PROGRESS done=0/1862 converted=0 workers=3/0 active current='idle' user_mem=11.71GiB(9.4%) job_mem=0.01GiB sys_used=26.5% mem_avail=92.0GiB zombies=0 batch_running=no
[2026-09-03 23:18:32] STARTING batch from checkpoint
[2026-09-03 23:18:32] Started batch pid=2161421
[2026-09-03 23:23:35] PROGRESS done=0/1862 converted=0 workers=3/0 active current='idle' user_mem=11.78GiB(9.4%) job_mem=0.01GiB sys_used=16.7% mem_avail=104.2GiB zombies=0 batch_running=no
[2026-09-03 23:23:36] STARTING batch from checkpoint
[2026-09-03 23:23:36] Started batch pid=2172885
[2026-09-03 23:28:39] PROGRESS done=0/1862 converted=0 workers=3/0 active current='idle' user_mem=11.26GiB(9.0%) job_mem=0.01GiB sys_used=11.3% mem_avail=111.0GiB zombies=0 batch_running=no
[2026-09-03 23:28:41] STARTING batch from checkpoint
[2026-09-03 23:28:41] Started batch pid=2183536
[2026-09-03 23:33:43] PROGRESS done=0/1862 converted=0 workers=3/0 active current='idle' user_mem=10.77GiB(8.6%) job_mem=0.01GiB sys_used=10.9% mem_avail=111.5GiB zombies=0 batch_running=no
[2026-09-03 23:33:45] STARTING batch from checkpoint
[2026-09-03 23:33:45] Started batch pid=2193594
[2026-09-03 23:38:47] PROGRESS done=0/1862 converted=0 workers=3/0 active current='idle' user_mem=10.35GiB(8.3%) job_mem=0.01GiB sys_used=10.5% mem_avail=111.9GiB zombies=0 batch_running=no
[2026-09-03 23:38:49] STARTING batch from checkpoint
[2026-09-03 23:38:49] Started batch pid=2203173
[2026-09-03 23:43:52] PROGRESS done=0/1862 converted=0 workers=3/0 active current='idle' user_mem=10.55GiB(8.4%) job_mem=0.01GiB sys_used=11.4% mem_avail=110.9GiB zombies=0 batch_running=no
[2026-09-03 23:43:53] STARTING batch from checkpoint
[2026-09-03 23:43:53] Started batch pid=2214332
[2026-09-03 23:48:56] PROGRESS done=0/1862 converted=0 workers=3/0 active current='idle' user_mem=10.77GiB(8.6%) job_mem=0.01GiB sys_used=10.9% mem_avail=111.5GiB zombies=0 batch_running=no
[2026-09-03 23:48:58] STARTING batch from checkpoint
[2026-09-03 23:48:58] Started batch pid=2224630
[2026-09-03 23:54:01] PROGRESS done=0/1862 converted=0 workers=3/0 active current='idle' user_mem=10.81GiB(8.6%) job_mem=0.01GiB sys_used=11.0% mem_avail=111.4GiB zombies=0 batch_running=no
[2026-09-03 23:54:02] STARTING batch from checkpoint
[2026-09-03 23:54:02] Started batch pid=2231651
[2026-09-03 23:59:05] PROGRESS done=0/1862 converted=0 workers=3/0 active current='idle' user_mem=11.00GiB(8.8%) job_mem=0.01GiB sys_used=13.4% mem_avail=108.4GiB zombies=0 batch_running=no
[2026-09-03 23:59:07] STARTING batch from checkpoint
[2026-09-03 23:59:07] Started batch pid=2242141
[2026-09-04 00:04:10] PROGRESS done=0/1862 converted=0 workers=3/0 active current='idle' user_mem=11.71GiB(9.4%) job_mem=0.01GiB sys_used=13.7% mem_avail=108.0GiB zombies=0 batch_running=no
[2026-09-04 00:04:11] STARTING batch from checkpoint
[2026-09-04 00:04:11] Started batch pid=2252244
[2026-09-04 00:09:15] PROGRESS done=0/1862 converted=0 workers=3/0 active current='idle' user_mem=14.21GiB(11.4%) job_mem=0.01GiB sys_used=18.6% mem_avail=101.9GiB zombies=0 batch_running=no
[2026-09-04 00:09:16] STARTING batch from checkpoint
[2026-09-04 00:09:16] Started batch pid=2261808
[2026-09-04 00:14:19] PROGRESS done=0/1862 converted=0 workers=3/0 active current='idle' user_mem=21.70GiB(17.3%) job_mem=0.01GiB sys_used=24.7% mem_avail=94.2GiB zombies=0 batch_running=no
[2026-09-04 00:14:21] STARTING batch from checkpoint
[2026-09-04 00:14:21] Started batch pid=2270986
[2026-09-04 00:19:24] PROGRESS done=0/1862 converted=0 workers=3/0 active current='idle' user_mem=21.68GiB(17.3%) job_mem=0.01GiB sys_used=23.2% mem_avail=96.1GiB zombies=0 batch_running=no
[2026-09-04 00:19:25] STARTING batch from checkpoint
[2026-09-04 00:19:25] Started batch pid=2280454
[2026-09-04 00:24:28] PROGRESS done=0/1862 converted=0 workers=3/0 active current='idle' user_mem=21.87GiB(17.5%) job_mem=0.01GiB sys_used=21.7% mem_avail=97.9GiB zombies=0 batch_running=no
[2026-09-04 00:24:30] STARTING batch from checkpoint
[2026-09-04 00:24:30] Started batch pid=2291264
[2026-09-04 00:29:33] PROGRESS done=0/1862 converted=0 workers=3/0 active current='idle' user_mem=27.90GiB(22.3%) job_mem=0.01GiB sys_used=26.6% mem_avail=91.8GiB zombies=0 batch_running=no
[2026-09-04 00:29:34] STARTING batch from checkpoint
[2026-09-04 00:29:34] Started batch pid=2299880
[2026-09-04 00:34:37] PROGRESS done=0/1862 converted=0 workers=3/0 active current='idle' user_mem=27.26GiB(21.8%) job_mem=0.01GiB sys_used=26.8% mem_avail=91.6GiB zombies=0 batch_running=no
[2026-09-04 00:34:39] STARTING batch from checkpoint
[2026-09-04 00:34:39] Started batch pid=2309937
[2026-09-04 00:39:41] PROGRESS done=0/1862 converted=0 workers=3/0 active current='idle' user_mem=27.37GiB(21.9%) job_mem=0.01GiB sys_used=26.9% mem_avail=91.4GiB zombies=0 batch_running=no
[2026-09-04 00:39:43] STARTING batch from checkpoint
[2026-09-04 00:39:43] Started batch pid=2318926
[2026-09-04 00:44:45] PROGRESS done=0/1862 converted=0 workers=3/0 active current='idle' user_mem=27.41GiB(21.9%) job_mem=0.01GiB sys_used=27.2% mem_avail=91.1GiB zombies=0 batch_running=no
[2026-09-04 00:44:47] STARTING batch from checkpoint
[2026-09-04 00:44:47] Started batch pid=2328917
[2026-09-04 00:49:50] PROGRESS done=0/1862 converted=0 workers=3/0 active current='idle' user_mem=27.40GiB(21.9%) job_mem=0.01GiB sys_used=28.4% mem_avail=89.6GiB zombies=0 batch_running=no
[2026-09-04 00:49:51] STARTING batch from checkpoint
[2026-09-04 00:49:51] Started batch pid=2337641
[2026-09-04 00:54:54] PROGRESS done=0/1862 converted=0 workers=3/0 active current='idle' user_mem=26.84GiB(21.5%) job_mem=0.01GiB sys_used=28.8% mem_avail=89.1GiB zombies=0 batch_running=no
[2026-09-04 00:54:56] STARTING batch from checkpoint
[2026-09-04 00:54:56] Started batch pid=2344164
[2026-09-04 00:59:58] PROGRESS done=0/1862 converted=0 workers=3/0 active current='idle' user_mem=26.41GiB(21.1%) job_mem=0.01GiB sys_used=27.7% mem_avail=90.5GiB zombies=0 batch_running=no
[2026-09-04 01:00:00] STARTING batch from checkpoint
[2026-09-04 01:00:00] Started batch pid=2353692
[2026-09-04 01:05:03] PROGRESS done=0/1862 converted=0 workers=3/0 active current='idle' user_mem=26.64GiB(21.3%) job_mem=0.02GiB sys_used=27.9% mem_avail=90.2GiB zombies=0 batch_running=no
[2026-09-04 01:05:05] STARTING batch from checkpoint
[2026-09-04 01:05:05] Started batch pid=2363644
[2026-09-04 01:10:07] PROGRESS done=0/1862 converted=0 workers=3/0 active current='idle' user_mem=26.66GiB(21.3%) job_mem=0.01GiB sys_used=28.5% mem_avail=89.5GiB zombies=0 batch_running=no
[2026-09-04 01:10:09] STARTING batch from checkpoint
[2026-09-04 01:10:09] Started batch pid=2372999
[2026-09-04 01:15:12] PROGRESS done=0/1862 converted=0 workers=3/0 active current='idle' user_mem=26.78GiB(21.4%) job_mem=0.01GiB sys_used=27.3% mem_avail=91.0GiB zombies=0 batch_running=no
[2026-09-04 01:15:13] STARTING batch from checkpoint
[2026-09-04 01:15:13] Started batch pid=2384527
[2026-09-04 01:20:16] PROGRESS done=0/1862 converted=0 workers=3/0 active current='idle' user_mem=26.80GiB(21.4%) job_mem=0.01GiB sys_used=26.9% mem_avail=91.5GiB zombies=0 batch_running=no
[2026-09-04 01:20:18] STARTING batch from checkpoint
[2026-09-04 01:20:18] Started batch pid=2394569
[2026-09-04 01:25:21] PROGRESS done=0/1862 converted=0 workers=3/0 active current='idle' user_mem=26.81GiB(21.4%) job_mem=0.01GiB sys_used=26.3% mem_avail=92.2GiB zombies=0 batch_running=no
[2026-09-04 01:25:22] STARTING batch from checkpoint
[2026-09-04 01:25:22] Started batch pid=2403644
[2026-09-04 01:30:25] PROGRESS done=0/1862 converted=0 workers=3/0 active current='idle' user_mem=26.81GiB(21.4%) job_mem=0.01GiB sys_used=27.9% mem_avail=90.2GiB zombies=0 batch_running=no
[2026-09-04 01:30:26] STARTING batch from checkpoint
[2026-09-04 01:30:26] Started batch pid=2415134
[2026-09-04 01:35:29] PROGRESS done=0/1862 converted=0 workers=3/0 active current='idle' user_mem=27.02GiB(21.6%) job_mem=0.01GiB sys_used=26.7% mem_avail=91.8GiB zombies=0 batch_running=no
[2026-09-04 01:35:31] STARTING batch from checkpoint
[2026-09-04 01:35:31] Started batch pid=2427118
[2026-09-04 01:40:34] PROGRESS done=0/1862 converted=0 workers=3/0 active current='idle' user_mem=26.92GiB(21.5%) job_mem=0.01GiB sys_used=26.8% mem_avail=91.6GiB zombies=0 batch_running=no
[2026-09-04 01:40:35] STARTING batch from checkpoint
[2026-09-04 01:40:35] Started batch pid=2436166
[2026-09-04 01:45:38] PROGRESS done=0/1862 converted=0 workers=3/0 active current='idle' user_mem=26.90GiB(21.5%) job_mem=0.01GiB sys_used=27.4% mem_avail=90.8GiB zombies=0 batch_running=no
[2026-09-04 01:45:39] STARTING batch from checkpoint
[2026-09-04 01:45:39] Started batch pid=2447282
[2026-09-04 01:50:42] PROGRESS done=0/1862 converted=0 workers=3/0 active current='idle' user_mem=26.84GiB(21.4%) job_mem=0.01GiB sys_used=26.5% mem_avail=92.0GiB zombies=0 batch_running=no
[2026-09-04 01:50:44] STARTING batch from checkpoint
[2026-09-04 01:50:44] Started batch pid=2458304
[2026-09-04 01:55:46] PROGRESS done=0/1862 converted=0 workers=3/0 active current='idle' user_mem=26.93GiB(21.5%) job_mem=0.01GiB sys_used=26.8% mem_avail=91.6GiB zombies=0 batch_running=no
[2026-09-04 01:55:48] STARTING batch from checkpoint
[2026-09-04 01:55:48] Started batch pid=2464637
[2026-09-04 02:00:51] PROGRESS done=0/1862 converted=0 workers=3/0 active current='idle' user_mem=26.84GiB(21.5%) job_mem=0.01GiB sys_used=28.5% mem_avail=89.4GiB zombies=0 batch_running=no
[2026-09-04 02:00:53] STARTING batch from checkpoint
[2026-09-04 02:00:53] Started batch pid=2475400
[2026-09-04 02:05:56] PROGRESS done=0/1862 converted=0 workers=3/0 active current='idle' user_mem=26.76GiB(21.4%) job_mem=0.01GiB sys_used=24.2% mem_avail=94.9GiB zombies=0 batch_running=no
[2026-09-04 02:05:57] STARTING batch from checkpoint
[2026-09-04 02:05:57] Started batch pid=2484707
[2026-09-04 02:11:00] PROGRESS done=0/1862 converted=0 workers=3/0 active current='idle' user_mem=26.59GiB(21.3%) job_mem=0.01GiB sys_used=25.3% mem_avail=93.5GiB zombies=0 batch_running=no
[2026-09-04 02:11:02] STARTING batch from checkpoint
[2026-09-04 02:11:02] Started batch pid=2494086
[2026-09-04 02:16:05] PROGRESS done=0/1862 converted=0 workers=3/0 active current='idle' user_mem=26.30GiB(21.0%) job_mem=0.02GiB sys_used=24.8% mem_avail=94.1GiB zombies=0 batch_running=no
[2026-09-04 02:16:07] STARTING batch from checkpoint
[2026-09-04 02:16:07] Started batch pid=2503416
[2026-09-04 02:21:10] PROGRESS done=0/1862 converted=0 workers=3/0 active current='idle' user_mem=26.27GiB(21.0%) job_mem=0.02GiB sys_used=23.8% mem_avail=95.4GiB zombies=0 batch_running=no
[2026-09-04 02:21:11] STARTING batch from checkpoint
[2026-09-04 02:21:11] Started batch pid=2514979
[2026-09-04 02:26:15] PROGRESS done=0/1862 converted=0 workers=3/0 active current='idle' user_mem=26.21GiB(20.9%) job_mem=0.02GiB sys_used=23.4% mem_avail=95.9GiB zombies=0 batch_running=no
[2026-09-04 02:26:16] STARTING batch from checkpoint
[2026-09-04 02:26:16] Started batch pid=2524631
[2026-09-04 02:31:19] PROGRESS done=0/1862 converted=0 workers=3/0 active current='idle' user_mem=26.36GiB(21.1%) job_mem=0.02GiB sys_used=23.8% mem_avail=95.4GiB zombies=0 batch_running=no
[2026-09-04 02:31:20] STARTING batch from checkpoint
[2026-09-04 02:31:20] Started batch pid=2533984
[2026-09-04 02:36:23] PROGRESS done=0/1862 converted=0 workers=3/0 active current='idle' user_mem=26.49GiB(21.2%) job_mem=0.02GiB sys_used=23.9% mem_avail=95.3GiB zombies=0 batch_running=no
[2026-09-04 02:36:24] STARTING batch from checkpoint
[2026-09-04 02:36:24] Started batch pid=2544815
[2026-09-04 02:41:27] PROGRESS done=0/1862 converted=0 workers=3/0 active current='idle' user_mem=26.30GiB(21.0%) job_mem=0.02GiB sys_used=23.6% mem_avail=95.6GiB zombies=0 batch_running=no
[2026-09-04 02:41:28] STARTING batch from checkpoint
[2026-09-04 02:41:28] Started batch pid=2553669
[2026-09-04 02:46:31] PROGRESS done=0/1862 converted=0 workers=3/0 active current='idle' user_mem=26.36GiB(21.1%) job_mem=0.02GiB sys_used=24.0% mem_avail=95.1GiB zombies=0 batch_running=no
[2026-09-04 02:46:32] STARTING batch from checkpoint
[2026-09-04 02:46:32] Started batch pid=2564134
[2026-09-04 02:51:35] PROGRESS done=0/1862 converted=0 workers=3/0 active current='idle' user_mem=26.71GiB(21.3%) job_mem=0.02GiB sys_used=24.1% mem_avail=95.0GiB zombies=0 batch_running=no
[2026-09-04 02:51:36] STARTING batch from checkpoint
[2026-09-04 02:51:36] Started batch pid=2574590
[2026-09-04 02:56:39] PROGRESS done=0/1862 converted=0 workers=3/0 active current='idle' user_mem=26.67GiB(21.3%) job_mem=0.02GiB sys_used=24.1% mem_avail=95.0GiB zombies=0 batch_running=no
[2026-09-04 02:56:40] STARTING batch from checkpoint
[2026-09-04 02:56:40] Started batch pid=2581384
[2026-09-04 03:01:43] PROGRESS done=0/1862 converted=0 workers=3/0 active current='idle' user_mem=26.59GiB(21.2%) job_mem=0.02GiB sys_used=24.2% mem_avail=94.9GiB zombies=0 batch_running=no
[2026-09-04 03:01:44] STARTING batch from checkpoint
[2026-09-04 03:01:44] Started batch pid=2591858
[2026-09-04 03:06:47] PROGRESS done=0/1862 converted=0 workers=3/0 active current='idle' user_mem=26.72GiB(21.4%) job_mem=0.02GiB sys_used=24.1% mem_avail=95.0GiB zombies=0 batch_running=no
[2026-09-04 03:06:49] STARTING batch from checkpoint
[2026-09-04 03:06:49] Started batch pid=2601984
[2026-09-04 03:11:51] PROGRESS done=0/1862 converted=0 workers=3/0 active current='idle' user_mem=26.41GiB(21.1%) job_mem=0.02GiB sys_used=26.2% mem_avail=92.3GiB zombies=0 batch_running=no
[2026-09-04 03:11:53] STARTING batch from checkpoint
[2026-09-04 03:11:53] Started batch pid=2614652
[2026-09-04 03:16:56] PROGRESS done=0/1862 converted=0 workers=3/0 active current='idle' user_mem=26.44GiB(21.1%) job_mem=0.02GiB sys_used=26.5% mem_avail=92.0GiB zombies=0 batch_running=no
[2026-09-04 03:16:57] STARTING batch from checkpoint
[2026-09-04 03:16:57] Started batch pid=2624466
[2026-09-04 03:22:00] PROGRESS done=0/1862 converted=0 workers=3/0 active current='idle' user_mem=26.35GiB(21.1%) job_mem=0.02GiB sys_used=27.1% mem_avail=91.3GiB zombies=0 batch_running=no
[2026-09-04 03:22:01] STARTING batch from checkpoint
[2026-09-04 03:22:01] Started batch pid=2636341
[2026-09-04 03:27:04] PROGRESS done=0/1862 converted=0 workers=3/0 active current='idle' user_mem=26.04GiB(20.8%) job_mem=0.02GiB sys_used=27.0% mem_avail=91.3GiB zombies=0 batch_running=no
[2026-09-04 03:27:06] STARTING batch from checkpoint
[2026-09-04 03:27:06] Started batch pid=2647402
[2026-09-04 03:32:09] PROGRESS done=0/1862 converted=0 workers=3/0 active current='idle' user_mem=26.10GiB(20.9%) job_mem=0.02GiB sys_used=28.3% mem_avail=89.8GiB zombies=0 batch_running=no
[2026-09-04 03:32:11] STARTING batch from checkpoint
[2026-09-04 03:32:11] Started batch pid=2658125
[2026-09-04 03:37:14] PROGRESS done=0/1862 converted=0 workers=3/0 active current='idle' user_mem=25.54GiB(20.4%) job_mem=0.02GiB sys_used=28.1% mem_avail=90.0GiB zombies=0 batch_running=no
[2026-09-04 03:37:16] STARTING batch from checkpoint
[2026-09-04 03:37:16] Started batch pid=2667413
[2026-09-04 03:42:19] PROGRESS done=0/1862 converted=0 workers=3/0 active current='idle' user_mem=25.76GiB(20.6%) job_mem=0.02GiB sys_used=28.4% mem_avail=89.6GiB zombies=0 batch_running=no
[2026-09-04 03:42:21] STARTING batch from checkpoint
[2026-09-04 03:42:21] Started batch pid=2677963
[2026-09-04 03:47:24] PROGRESS done=0/1862 converted=0 workers=3/0 active current='idle' user_mem=25.95GiB(20.7%) job_mem=0.02GiB sys_used=28.3% mem_avail=89.8GiB zombies=0 batch_running=no
[2026-09-04 03:47:25] STARTING batch from checkpoint
[2026-09-04 03:47:25] Started batch pid=2688036
[2026-09-04 03:52:28] PROGRESS done=0/1862 converted=0 workers=3/0 active current='idle' user_mem=25.99GiB(20.8%) job_mem=0.02GiB sys_used=29.9% mem_avail=87.8GiB zombies=0 batch_running=no
[2026-09-04 03:52:30] STARTING batch from checkpoint
[2026-09-04 03:52:30] Started batch pid=2701050
[2026-09-04 03:57:33] PROGRESS done=0/1862 converted=0 workers=3/0 active current='idle' user_mem=26.00GiB(20.8%) job_mem=0.02GiB sys_used=28.4% mem_avail=89.6GiB zombies=0 batch_running=no
[2026-09-04 03:57:34] STARTING batch from checkpoint
[2026-09-04 03:57:34] Started batch pid=2709057
[2026-09-04 04:02:37] PROGRESS done=0/1862 converted=0 workers=3/0 active current='idle' user_mem=25.98GiB(20.8%) job_mem=0.02GiB sys_used=28.7% mem_avail=89.2GiB zombies=0 batch_running=no
[2026-09-04 04:02:39] STARTING batch from checkpoint
[2026-09-04 04:02:39] Started batch pid=2718820
[2026-09-04 04:07:41] PROGRESS done=0/1862 converted=0 workers=3/0 active current='idle' user_mem=26.06GiB(20.8%) job_mem=0.02GiB sys_used=28.8% mem_avail=89.1GiB zombies=0 batch_running=no
[2026-09-04 04:07:43] STARTING batch from checkpoint
[2026-09-04 04:07:43] Started batch pid=2729142
[2026-09-04 04:12:45] PROGRESS done=0/1862 converted=0 workers=3/0 active current='idle' user_mem=26.00GiB(20.8%) job_mem=0.02GiB sys_used=29.1% mem_avail=88.7GiB zombies=0 batch_running=no
[2026-09-04 04:12:47] STARTING batch from checkpoint
[2026-09-04 04:12:47] Started batch pid=2738921
[2026-09-04 04:17:50] PROGRESS done=0/1862 converted=0 workers=3/0 active current='idle' user_mem=26.00GiB(20.8%) job_mem=0.02GiB sys_used=30.3% mem_avail=87.2GiB zombies=0 batch_running=no
[2026-09-04 04:17:51] STARTING batch from checkpoint
[2026-09-04 04:17:51] Started batch pid=2750146
[2026-09-04 04:22:54] PROGRESS done=0/1862 converted=0 workers=3/0 active current='idle' user_mem=25.63GiB(20.5%) job_mem=0.02GiB sys_used=30.9% mem_avail=86.5GiB zombies=0 batch_running=no
[2026-09-04 04:22:55] STARTING batch from checkpoint
[2026-09-04 04:22:55] Started batch pid=2761249
[2026-09-04 04:27:58] PROGRESS done=0/1862 converted=0 workers=3/0 active current='idle' user_mem=25.65GiB(20.5%) job_mem=0.02GiB sys_used=30.9% mem_avail=86.4GiB zombies=0 batch_running=no
[2026-09-04 04:28:00] STARTING batch from checkpoint
[2026-09-04 04:28:00] Started batch pid=2770997
[2026-09-04 04:33:03] PROGRESS done=0/1862 converted=0 workers=3/0 active current='idle' user_mem=25.61GiB(20.5%) job_mem=0.02GiB sys_used=31.3% mem_avail=86.0GiB zombies=0 batch_running=no
[2026-09-04 04:33:04] STARTING batch from checkpoint
[2026-09-04 04:33:04] Started batch pid=2781442
[2026-09-04 04:38:07] PROGRESS done=0/1862 converted=0 workers=3/0 active current='idle' user_mem=25.64GiB(20.5%) job_mem=0.02GiB sys_used=31.3% mem_avail=85.9GiB zombies=0 batch_running=no
[2026-09-04 04:38:09] STARTING batch from checkpoint
[2026-09-04 04:38:09] Started batch pid=2790539
[2026-09-04 04:43:11] PROGRESS done=0/1862 converted=0 workers=3/0 active current='idle' user_mem=25.70GiB(20.5%) job_mem=0.02GiB sys_used=32.0% mem_avail=85.1GiB zombies=0 batch_running=no
[2026-09-04 04:43:13] STARTING batch from checkpoint
[2026-09-04 04:43:13] Started batch pid=2800513
[2026-09-04 04:48:16] PROGRESS done=0/1862 converted=0 workers=3/0 active current='idle' user_mem=25.74GiB(20.6%) job_mem=0.02GiB sys_used=32.3% mem_avail=84.7GiB zombies=0 batch_running=no
[2026-09-04 04:48:17] STARTING batch from checkpoint
[2026-09-04 04:48:17] Started batch pid=2810772
[2026-09-04 04:53:20] PROGRESS done=0/1862 converted=0 workers=3/0 active current='idle' user_mem=25.74GiB(20.6%) job_mem=0.02GiB sys_used=32.6% mem_avail=84.4GiB zombies=0 batch_running=no
[2026-09-04 04:53:21] STARTING batch from checkpoint
[2026-09-04 04:53:21] Started batch pid=2818387
[2026-09-04 04:58:25] PROGRESS done=0/1862 converted=0 workers=3/0 active current='idle' user_mem=25.72GiB(20.6%) job_mem=0.02GiB sys_used=32.8% mem_avail=84.1GiB zombies=0 batch_running=no
[2026-09-04 04:58:26] STARTING batch from checkpoint
[2026-09-04 04:58:26] Started batch pid=2827281
[2026-09-04 05:03:29] PROGRESS done=0/1862 converted=0 workers=3/0 active current='idle' user_mem=25.39GiB(20.3%) job_mem=0.02GiB sys_used=32.9% mem_avail=84.0GiB zombies=0 batch_running=no
[2026-09-04 05:03:30] STARTING batch from checkpoint
[2026-09-04 05:03:30] Started batch pid=2838760
[2026-09-04 05:08:33] PROGRESS done=0/1862 converted=0 workers=3/0 active current='idle' user_mem=25.64GiB(20.5%) job_mem=0.01GiB sys_used=33.4% mem_avail=83.3GiB zombies=0 batch_running=no
[2026-09-04 05:08:35] STARTING batch from checkpoint
[2026-09-04 05:08:35] Started batch pid=2848234
[2026-09-04 05:13:38] PROGRESS done=0/1862 converted=0 workers=3/0 active current='idle' user_mem=25.38GiB(20.3%) job_mem=0.01GiB sys_used=33.8% mem_avail=82.9GiB zombies=0 batch_running=no
[2026-09-04 05:13:39] STARTING batch from checkpoint
[2026-09-04 05:13:39] Started batch pid=2858253
[2026-09-04 05:18:42] PROGRESS done=0/1862 converted=0 workers=3/0 active current='idle' user_mem=25.31GiB(20.2%) job_mem=0.01GiB sys_used=33.9% mem_avail=82.7GiB zombies=0 batch_running=no
[2026-09-04 05:18:43] STARTING batch from checkpoint
[2026-09-04 05:18:43] Started batch pid=2869155
[2026-09-04 05:23:46] PROGRESS done=0/1862 converted=0 workers=3/0 active current='idle' user_mem=25.42GiB(20.3%) job_mem=0.01GiB sys_used=34.4% mem_avail=82.1GiB zombies=0 batch_running=no
[2026-09-04 05:23:47] STARTING batch from checkpoint
[2026-09-04 05:23:47] Started batch pid=2879331
[2026-09-04 05:28:50] PROGRESS done=0/1862 converted=0 workers=3/0 active current='idle' user_mem=25.34GiB(20.3%) job_mem=0.01GiB sys_used=34.8% mem_avail=81.6GiB zombies=0 batch_running=no
[2026-09-04 05:28:52] STARTING batch from checkpoint
[2026-09-04 05:28:52] Started batch pid=2889075
[2026-09-04 05:33:55] PROGRESS done=0/1862 converted=0 workers=3/0 active current='idle' user_mem=25.21GiB(20.1%) job_mem=0.01GiB sys_used=35.1% mem_avail=81.2GiB zombies=0 batch_running=no
[2026-09-04 05:33:56] STARTING batch from checkpoint
[2026-09-04 05:33:56] Started batch pid=2899667
[2026-09-04 05:38:59] PROGRESS done=0/1862 converted=0 workers=3/0 active current='idle' user_mem=24.85GiB(19.9%) job_mem=0.01GiB sys_used=35.0% mem_avail=81.4GiB zombies=0 batch_running=no
[2026-09-04 05:39:00] STARTING batch from checkpoint
[2026-09-04 05:39:00] Started batch pid=2909792
[2026-09-04 05:44:03] PROGRESS done=0/1862 converted=0 workers=3/0 active current='idle' user_mem=24.57GiB(19.6%) job_mem=0.01GiB sys_used=35.6% mem_avail=80.6GiB zombies=0 batch_running=no
[2026-09-04 05:44:05] STARTING batch from checkpoint
[2026-09-04 05:44:05] Started batch pid=2920116
[2026-09-04 05:49:07] PROGRESS done=0/1862 converted=0 workers=3/0 active current='idle' user_mem=24.56GiB(19.6%) job_mem=0.01GiB sys_used=36.1% mem_avail=80.0GiB zombies=0 batch_running=no
[2026-09-04 05:49:09] STARTING batch from checkpoint
[2026-09-04 05:49:09] Started batch pid=2929790
[2026-09-04 05:54:11] PROGRESS done=0/1862 converted=0 workers=3/0 active current='idle' user_mem=24.49GiB(19.6%) job_mem=0.01GiB sys_used=36.6% mem_avail=79.3GiB zombies=0 batch_running=no
[2026-09-04 05:54:13] STARTING batch from checkpoint
[2026-09-04 05:54:13] Started batch pid=2938796
[2026-09-04 05:59:16] PROGRESS done=0/1862 converted=0 workers=3/0 active current='idle' user_mem=24.49GiB(19.6%) job_mem=0.01GiB sys_used=37.6% mem_avail=78.1GiB zombies=0 batch_running=no
[2026-09-04 05:59:17] STARTING batch from checkpoint
[2026-09-04 05:59:17] Started batch pid=2949107
[2026-09-04 06:04:20] PROGRESS done=0/1862 converted=0 workers=3/0 active current='idle' user_mem=24.50GiB(19.6%) job_mem=0.01GiB sys_used=38.1% mem_avail=77.5GiB zombies=0 batch_running=no
[2026-09-04 06:04:22] STARTING batch from checkpoint
[2026-09-04 06:04:22] Started batch pid=2958838
[2026-09-04 06:09:24] PROGRESS done=0/1862 converted=0 workers=3/0 active current='idle' user_mem=24.48GiB(19.6%) job_mem=0.01GiB sys_used=39.0% mem_avail=76.4GiB zombies=0 batch_running=no
[2026-09-04 06:09:26] STARTING batch from checkpoint
[2026-09-04 06:09:26] Started batch pid=2969801
[2026-09-04 06:14:28] PROGRESS done=0/1862 converted=0 workers=3/0 active current='idle' user_mem=24.54GiB(19.6%) job_mem=0.01GiB sys_used=40.4% mem_avail=74.6GiB zombies=0 batch_running=no
[2026-09-04 06:14:30] STARTING batch from checkpoint
[2026-09-04 06:14:30] Started batch pid=2980082
[2026-09-04 06:19:33] PROGRESS done=0/1862 converted=0 workers=3/0 active current='idle' user_mem=24.51GiB(19.6%) job_mem=0.01GiB sys_used=41.8% mem_avail=72.9GiB zombies=0 batch_running=no
[2026-09-04 06:19:34] STARTING batch from checkpoint
[2026-09-04 06:19:34] Started batch pid=2989049
[2026-09-04 06:24:37] PROGRESS done=0/1862 converted=0 workers=3/0 active current='idle' user_mem=6.76GiB(5.4%) job_mem=0.01GiB sys_used=30.1% mem_avail=87.5GiB zombies=0 batch_running=no
[2026-09-04 06:24:38] STARTING batch from checkpoint
[2026-09-04 06:24:38] Started batch pid=3000552
[2026-09-04 06:29:41] PROGRESS done=0/1862 converted=0 workers=3/0 active current='idle' user_mem=6.43GiB(5.1%) job_mem=0.01GiB sys_used=20.9% mem_avail=99.0GiB zombies=0 batch_running=no
[2026-09-04 06:29:42] STARTING batch from checkpoint
[2026-09-04 06:29:42] Started batch pid=3009663
[2026-09-04 06:34:45] PROGRESS done=0/1862 converted=0 workers=3/0 active current='idle' user_mem=6.49GiB(5.2%) job_mem=0.01GiB sys_used=22.7% mem_avail=96.7GiB zombies=0 batch_running=no
[2026-09-04 06:34:46] STARTING batch from checkpoint
[2026-09-04 06:34:46] Started batch pid=3020396
[2026-09-04 06:39:49] PROGRESS done=0/1862 converted=0 workers=3/0 active current='idle' user_mem=6.56GiB(5.2%) job_mem=0.01GiB sys_used=24.1% mem_avail=95.0GiB zombies=0 batch_running=no
[2026-09-04 06:39:51] STARTING batch from checkpoint
[2026-09-04 06:39:51] Started batch pid=3030392
[2026-09-04 06:44:53] PROGRESS done=0/1862 converted=0 workers=3/0 active current='idle' user_mem=6.61GiB(5.3%) job_mem=0.01GiB sys_used=25.8% mem_avail=92.9GiB zombies=0 batch_running=no
[2026-09-04 06:44:55] STARTING batch from checkpoint
[2026-09-04 06:44:55] Started batch pid=3040802
[2026-09-04 06:49:58] PROGRESS done=0/1862 converted=0 workers=3/0 active current='idle' user_mem=6.60GiB(5.3%) job_mem=0.01GiB sys_used=19.3% mem_avail=101.0GiB zombies=0 batch_running=no
[2026-09-04 06:49:59] STARTING batch from checkpoint
[2026-09-04 06:49:59] Started batch pid=3050634
[2026-09-04 06:55:02] PROGRESS done=0/1862 converted=0 workers=3/0 active current='idle' user_mem=6.55GiB(5.2%) job_mem=0.01GiB sys_used=20.0% mem_avail=100.1GiB zombies=0 batch_running=no
[2026-09-04 06:55:03] STARTING batch from checkpoint
[2026-09-04 06:55:03] Started batch pid=3057215
[2026-09-04 07:00:06] PROGRESS done=0/1862 converted=0 workers=3/0 active current='idle' user_mem=6.61GiB(5.3%) job_mem=0.01GiB sys_used=21.2% mem_avail=98.6GiB zombies=0 batch_running=no
[2026-09-04 07:00:08] STARTING batch from checkpoint
[2026-09-04 07:00:08] Started batch pid=3067465
[2026-09-04 07:05:10] PROGRESS done=0/1862 converted=0 workers=3/0 active current='idle' user_mem=6.54GiB(5.2%) job_mem=0.01GiB sys_used=22.2% mem_avail=97.4GiB zombies=0 batch_running=no
[2026-09-04 07:05:12] STARTING batch from checkpoint
[2026-09-04 07:05:12] Started batch pid=3077771
[2026-09-04 07:10:14] PROGRESS done=0/1862 converted=0 workers=3/0 active current='idle' user_mem=6.60GiB(5.3%) job_mem=0.01GiB sys_used=23.9% mem_avail=95.2GiB zombies=0 batch_running=no
[2026-09-04 07:10:16] STARTING batch from checkpoint
[2026-09-04 07:10:16] Started batch pid=3086921
[2026-09-04 07:15:18] PROGRESS done=0/1862 converted=0 workers=3/0 active current='idle' user_mem=6.65GiB(5.3%) job_mem=0.01GiB sys_used=21.4% mem_avail=98.4GiB zombies=0 batch_running=no
[2026-09-04 07:15:20] STARTING batch from checkpoint
[2026-09-04 07:15:20] Started batch pid=3098326
[2026-09-04 07:20:23] PROGRESS done=0/1862 converted=0 workers=3/0 active current='idle' user_mem=6.63GiB(5.3%) job_mem=0.01GiB sys_used=22.3% mem_avail=97.3GiB zombies=0 batch_running=no
[2026-09-04 07:20:24] STARTING batch from checkpoint
[2026-09-04 07:20:24] Started batch pid=3107926
[2026-09-04 07:25:27] PROGRESS done=0/1862 converted=0 workers=3/0 active current='idle' user_mem=6.66GiB(5.3%) job_mem=0.01GiB sys_used=24.5% mem_avail=94.5GiB zombies=0 batch_running=no
[2026-09-04 07:25:28] STARTING batch from checkpoint
[2026-09-04 07:25:28] Started batch pid=3117185
[2026-09-04 07:30:31] PROGRESS done=0/1862 converted=0 workers=3/0 active current='idle' user_mem=6.76GiB(5.4%) job_mem=0.01GiB sys_used=12.6% mem_avail=109.3GiB zombies=0 batch_running=no
[2026-09-04 07:30:33] STARTING batch from checkpoint
[2026-09-04 07:30:33] Started batch pid=3128305
[2026-09-04 07:35:36] PROGRESS done=0/1862 converted=0 workers=3/0 active current='idle' user_mem=6.72GiB(5.4%) job_mem=0.01GiB sys_used=9.1% mem_avail=113.8GiB zombies=0 batch_running=no
[2026-09-04 07:35:37] STARTING batch from checkpoint
[2026-09-04 07:35:37] Started batch pid=3138702
[2026-09-04 07:40:40] PROGRESS done=0/1862 converted=0 workers=3/0 active current='idle' user_mem=6.75GiB(5.4%) job_mem=0.01GiB sys_used=8.9% mem_avail=114.1GiB zombies=0 batch_running=no
[2026-09-04 07:40:42] STARTING batch from checkpoint
[2026-09-04 07:40:42] Started batch pid=3148085
[2026-09-04 07:45:44] PROGRESS done=0/1862 converted=0 workers=3/0 active current='idle' user_mem=6.71GiB(5.4%) job_mem=0.01GiB sys_used=8.9% mem_avail=114.1GiB zombies=0 batch_running=no
[2026-09-04 07:45:46] STARTING batch from checkpoint
[2026-09-04 07:45:46] Started batch pid=3158643
[2026-09-04 07:50:49] PROGRESS done=0/1862 converted=0 workers=3/0 active current='idle' user_mem=6.52GiB(5.2%) job_mem=0.01GiB sys_used=8.8% mem_avail=114.2GiB zombies=0 batch_running=no
[2026-09-04 07:50:50] STARTING batch from checkpoint
[2026-09-04 07:50:50] Started batch pid=3169014
[2026-09-04 07:55:53] PROGRESS done=0/1862 converted=0 workers=3/0 active current='idle' user_mem=6.44GiB(5.1%) job_mem=0.01GiB sys_used=9.4% mem_avail=113.4GiB zombies=0 batch_running=no
[2026-09-04 07:55:54] STARTING batch from checkpoint
[2026-09-04 07:55:54] Started batch pid=3175659
[2026-09-04 08:00:57] PROGRESS done=0/1862 converted=0 workers=3/0 active current='idle' user_mem=6.56GiB(5.2%) job_mem=0.01GiB sys_used=12.9% mem_avail=109.0GiB zombies=0 batch_running=no
[2026-09-04 08:00:59] STARTING batch from checkpoint
[2026-09-04 08:00:59] Started batch pid=3189207
[2026-09-04 08:06:02] PROGRESS done=0/1862 converted=0 workers=3/0 active current='idle' user_mem=6.58GiB(5.3%) job_mem=0.01GiB sys_used=12.2% mem_avail=109.9GiB zombies=0 batch_running=no
[2026-09-04 08:06:03] STARTING batch from checkpoint
[2026-09-04 08:06:03] Started batch pid=3199417
[2026-09-04 08:11:07] PROGRESS done=0/1862 converted=0 workers=3/0 active current='idle' user_mem=6.63GiB(5.3%) job_mem=0.01GiB sys_used=28.4% mem_avail=89.6GiB zombies=0 batch_running=no
[2026-09-04 08:11:08] STARTING batch from checkpoint
[2026-09-04 08:11:08] Started batch pid=3211822
[2026-09-04 08:16:12] PROGRESS done=0/1862 converted=0 workers=3/0 active current='idle' user_mem=6.56GiB(5.2%) job_mem=0.01GiB sys_used=9.6% mem_avail=113.1GiB zombies=0 batch_running=no
[2026-09-04 08:16:14] STARTING batch from checkpoint
[2026-09-04 08:16:14] Started batch pid=3221755
[2026-09-04 08:21:17] PROGRESS done=0/1862 converted=0 workers=3/0 active current='idle' user_mem=6.54GiB(5.2%) job_mem=0.01GiB sys_used=10.5% mem_avail=111.9GiB zombies=0 batch_running=no
[2026-09-04 08:21:18] STARTING batch from checkpoint
[2026-09-04 08:21:18] Started batch pid=3232394
[2026-09-04 08:26:21] PROGRESS done=0/1862 converted=0 workers=3/0 active current='idle' user_mem=6.55GiB(5.2%) job_mem=0.01GiB sys_used=30.3% mem_avail=87.2GiB zombies=0 batch_running=no
[2026-09-04 08:26:23] STARTING batch from checkpoint
[2026-09-04 08:26:23] Started batch pid=3242183
[2026-09-04 08:31:26] PROGRESS done=0/1862 converted=0 workers=3/0 active current='idle' user_mem=6.26GiB(5.0%) job_mem=0.01GiB sys_used=40.8% mem_avail=74.1GiB zombies=0 batch_running=no
[2026-09-04 08:31:28] STARTING batch from checkpoint
[2026-09-04 08:31:28] Started batch pid=3252585
[2026-09-04 08:36:38] PROGRESS done=0/1862 converted=0 workers=3/0 active current='idle' user_mem=6.35GiB(5.1%) job_mem=0.02GiB sys_used=40.4% mem_avail=74.6GiB zombies=0 batch_running=no
[2026-09-04 08:36:39] STARTING batch from checkpoint
[2026-09-04 08:36:39] Started batch pid=3264219
[2026-09-04 08:41:42] PROGRESS done=0/1862 converted=0 workers=3/0 active current='idle' user_mem=6.39GiB(5.1%) job_mem=0.01GiB sys_used=9.1% mem_avail=113.8GiB zombies=0 batch_running=no
[2026-09-04 08:41:43] STARTING batch from checkpoint
[2026-09-04 08:41:43] Started batch pid=3277886
[2026-09-04 08:46:46] PROGRESS done=0/1862 converted=0 workers=3/0 active current='idle' user_mem=6.38GiB(5.1%) job_mem=0.01GiB sys_used=8.5% mem_avail=114.5GiB zombies=0 batch_running=no
[2026-09-04 08:46:47] STARTING batch from checkpoint
[2026-09-04 08:46:47] Started batch pid=3287849
[2026-09-04 08:51:50] PROGRESS done=0/1862 converted=0 workers=3/0 active current='idle' user_mem=6.47GiB(5.2%) job_mem=0.01GiB sys_used=8.7% mem_avail=114.2GiB zombies=0 batch_running=no
[2026-09-04 08:51:51] STARTING batch from checkpoint
[2026-09-04 08:51:51] Started batch pid=3297082
[2026-09-04 08:56:54] PROGRESS done=0/1862 converted=0 workers=3/0 active current='idle' user_mem=6.48GiB(5.2%) job_mem=0.01GiB sys_used=8.6% mem_avail=114.3GiB zombies=0 batch_running=no
[2026-09-04 08:56:56] STARTING batch from checkpoint
[2026-09-04 08:56:56] Started batch pid=3304081
[2026-09-04 09:01:58] PROGRESS done=0/1862 converted=0 workers=3/0 active current='idle' user_mem=6.54GiB(5.2%) job_mem=0.01GiB sys_used=8.8% mem_avail=114.1GiB zombies=0 batch_running=no
[2026-09-04 09:02:00] STARTING batch from checkpoint
[2026-09-04 09:02:00] Started batch pid=3314481
[2026-09-04 09:07:03] PROGRESS done=0/1862 converted=0 workers=3/0 active current='idle' user_mem=6.51GiB(5.2%) job_mem=0.01GiB sys_used=8.4% mem_avail=114.6GiB zombies=0 batch_running=no
[2026-09-04 09:07:04] STARTING batch from checkpoint
[2026-09-04 09:07:04] Started batch pid=3328596
[2026-09-04 09:12:07] PROGRESS done=0/1862 converted=0 workers=3/0 active current='idle' user_mem=6.53GiB(5.2%) job_mem=0.01GiB sys_used=8.8% mem_avail=114.1GiB zombies=0 batch_running=no
[2026-09-04 09:12:08] STARTING batch from checkpoint
[2026-09-04 09:12:08] Started batch pid=3339915
[2026-09-04 09:17:11] PROGRESS done=0/1862 converted=0 workers=3/0 active current='idle' user_mem=6.27GiB(5.0%) job_mem=0.01GiB sys_used=8.4% mem_avail=114.6GiB zombies=0 batch_running=no
[2026-09-04 09:17:12] STARTING batch from checkpoint
[2026-09-04 09:17:12] Started batch pid=3349924
[2026-09-04 09:22:15] PROGRESS done=0/1862 converted=0 workers=3/0 active current='idle' user_mem=6.37GiB(5.1%) job_mem=0.01GiB sys_used=8.5% mem_avail=114.6GiB zombies=0 batch_running=no
[2026-09-04 09:22:17] STARTING batch from checkpoint
[2026-09-04 09:22:17] Started batch pid=3359328
[2026-09-04 09:27:19] PROGRESS done=0/1862 converted=0 workers=3/0 active current='idle' user_mem=6.40GiB(5.1%) job_mem=0.01GiB sys_used=8.6% mem_avail=114.3GiB zombies=0 batch_running=no
[2026-09-04 09:27:21] STARTING batch from checkpoint
[2026-09-04 09:27:21] Started batch pid=3370558
[2026-09-04 09:32:23] PROGRESS done=0/1862 converted=0 workers=3/0 active current='idle' user_mem=6.44GiB(5.1%) job_mem=0.01GiB sys_used=8.9% mem_avail=114.0GiB zombies=0 batch_running=no
[2026-09-04 09:32:25] STARTING batch from checkpoint
[2026-09-04 09:32:25] Started batch pid=3381039
[2026-09-04 09:37:28] PROGRESS done=0/1862 converted=0 workers=3/0 active current='idle' user_mem=6.51GiB(5.2%) job_mem=0.01GiB sys_used=8.6% mem_avail=114.4GiB zombies=0 batch_running=no
[2026-09-04 09:37:29] STARTING batch from checkpoint
[2026-09-04 09:37:29] Started batch pid=3390854
[2026-09-04 09:42:32] PROGRESS done=0/1862 converted=0 workers=3/0 active current='idle' user_mem=6.53GiB(5.2%) job_mem=0.01GiB sys_used=9.7% mem_avail=113.0GiB zombies=0 batch_running=no
[2026-09-04 09:42:33] STARTING batch from checkpoint
[2026-09-04 09:42:33] Started batch pid=3401687
[2026-09-04 09:47:36] PROGRESS done=0/1862 converted=0 workers=3/0 active current='idle' user_mem=6.43GiB(5.1%) job_mem=0.01GiB sys_used=9.8% mem_avail=112.9GiB zombies=0 batch_running=no
[2026-09-04 09:47:37] STARTING batch from checkpoint
[2026-09-04 09:47:37] Started batch pid=3411427
[2026-09-04 09:52:40] PROGRESS done=0/1862 converted=0 workers=3/0 active current='idle' user_mem=6.49GiB(5.2%) job_mem=0.01GiB sys_used=10.4% mem_avail=112.2GiB zombies=0 batch_running=no
[2026-09-04 09:52:41] STARTING batch from checkpoint
[2026-09-04 09:52:41] Started batch pid=3422254
[2026-09-04 09:57:44] PROGRESS done=0/1862 converted=0 workers=3/0 active current='idle' user_mem=6.50GiB(5.2%) job_mem=0.01GiB sys_used=11.1% mem_avail=111.2GiB zombies=0 batch_running=no
[2026-09-04 09:57:46] STARTING batch from checkpoint
[2026-09-04 09:57:46] Started batch pid=3430003
[2026-09-04 10:02:51] PROGRESS done=0/1862 converted=0 workers=3/0 active current='idle' user_mem=6.19GiB(4.9%) job_mem=0.02GiB sys_used=70.3% mem_avail=37.1GiB zombies=0 batch_running=yes
[2026-09-04 10:07:55] PROGRESS done=0/1862 converted=0 workers=3/0 active current='idle' user_mem=6.36GiB(5.1%) job_mem=0.01GiB sys_used=69.4% mem_avail=38.3GiB zombies=0 batch_running=no
[2026-09-04 10:07:57] STARTING batch from checkpoint
[2026-09-04 10:07:57] Started batch pid=3447613
[2026-09-04 10:13:01] PROGRESS done=0/1862 converted=0 workers=3/0 active current='idle' user_mem=6.10GiB(4.9%) job_mem=0.02GiB sys_used=69.3% mem_avail=38.4GiB zombies=0 batch_running=no
[2026-09-04 10:13:03] STARTING batch from checkpoint
[2026-09-04 10:13:03] Started batch pid=3456338
[2026-09-04 10:18:13] PROGRESS done=0/1862 converted=0 workers=3/0 active current='idle' user_mem=14.95GiB(11.9%) job_mem=8.81GiB sys_used=76.9% mem_avail=28.9GiB zombies=0 batch_running=yes
[2026-09-04 10:23:18] PROGRESS done=0/1862 converted=0 workers=3/0 active current='idle' user_mem=6.15GiB(4.9%) job_mem=0.02GiB sys_used=69.2% mem_avail=38.5GiB zombies=0 batch_running=no
[2026-09-04 10:23:20] STARTING batch from checkpoint
[2026-09-04 10:23:20] Started batch pid=3473989
[2026-09-04 10:28:23] PROGRESS done=0/1862 converted=0 workers=3/0 active current='idle' user_mem=6.28GiB(5.0%) job_mem=0.02GiB sys_used=42.0% mem_avail=72.6GiB zombies=0 batch_running=no
[2026-09-04 10:28:25] STARTING batch from checkpoint
[2026-09-04 10:28:25] Started batch pid=3484094
[2026-09-04 10:33:29] PROGRESS done=0/1862 converted=0 workers=3/0 active current='idle' user_mem=6.18GiB(4.9%) job_mem=0.02GiB sys_used=32.5% mem_avail=84.5GiB zombies=0 batch_running=no
[2026-09-04 10:33:31] STARTING batch from checkpoint
[2026-09-04 10:33:31] Started batch pid=3495674
[2026-09-04 10:38:35] PROGRESS done=0/1862 converted=0 workers=3/0 active current='idle' user_mem=6.29GiB(5.0%) job_mem=0.02GiB sys_used=33.1% mem_avail=83.7GiB zombies=0 batch_running=no
[2026-09-04 10:38:37] STARTING batch from checkpoint
[2026-09-04 10:38:37] Started batch pid=3506449
[2026-09-04 10:43:40] PROGRESS done=0/1862 converted=0 workers=3/0 active current='idle' user_mem=6.36GiB(5.1%) job_mem=0.06GiB sys_used=33.8% mem_avail=82.8GiB zombies=0 batch_running=no
[2026-09-04 10:43:42] STARTING batch from checkpoint
[2026-09-04 10:43:42] Started batch pid=3516074
[2026-09-04 10:48:46] PROGRESS done=0/1862 converted=0 workers=3/0 active current='idle' user_mem=6.36GiB(5.1%) job_mem=0.02GiB sys_used=32.9% mem_avail=84.0GiB zombies=0 batch_running=no
[2026-09-04 10:48:47] STARTING batch from checkpoint
[2026-09-04 10:48:47] Started batch pid=3524937
[2026-09-04 10:53:51] PROGRESS done=0/1862 converted=0 workers=3/0 active current='idle' user_mem=6.29GiB(5.0%) job_mem=0.02GiB sys_used=33.9% mem_avail=82.7GiB zombies=0 batch_running=no
[2026-09-04 10:53:53] STARTING batch from checkpoint
[2026-09-04 10:53:53] Started batch pid=3531150
[2026-09-04 10:58:57] PROGRESS done=0/1862 converted=0 workers=3/0 active current='idle' user_mem=6.38GiB(5.1%) job_mem=0.02GiB sys_used=41.7% mem_avail=72.9GiB zombies=0 batch_running=no
[2026-09-04 10:58:59] STARTING batch from checkpoint
[2026-09-04 10:58:59] Started batch pid=3540443
[2026-09-04 11:04:02] PROGRESS done=0/1862 converted=0 workers=3/0 active current='idle' user_mem=14.35GiB(11.5%) job_mem=8.02GiB sys_used=61.8% mem_avail=47.8GiB zombies=0 batch_running=yes
[2026-09-04 11:09:07] PROGRESS done=0/1862 converted=0 workers=3/0 active current='idle' user_mem=6.38GiB(5.1%) job_mem=0.02GiB sys_used=58.4% mem_avail=52.0GiB zombies=0 batch_running=no
[2026-09-04 11:09:09] STARTING batch from checkpoint
[2026-09-04 11:09:09] Started batch pid=3557565
[2026-09-04 11:14:13] PROGRESS done=0/1862 converted=0 workers=3/0 active current='idle' user_mem=6.22GiB(5.0%) job_mem=0.01GiB sys_used=49.6% mem_avail=63.1GiB zombies=0 batch_running=no
[2026-09-04 11:14:15] STARTING batch from checkpoint
[2026-09-04 11:14:15] Started batch pid=3565020
[2026-09-04 11:19:27] PROGRESS done=0/1862 converted=0 workers=3/0 active current='idle' user_mem=5.83GiB(4.7%) job_mem=0.01GiB sys_used=87.7% mem_avail=15.4GiB zombies=0 batch_running=no
[2026-09-04 11:19:29] STARTING batch from checkpoint
[2026-09-04 11:19:29] Started batch pid=3578831
[2026-09-04 11:27:08] PROGRESS done=0/1862 converted=0 workers=3/0 active current='idle' user_mem=5.62GiB(4.5%) job_mem=0.01GiB sys_used=66.4% mem_avail=42.1GiB zombies=0 batch_running=no
[2026-09-04 11:27:10] STARTING batch from checkpoint
[2026-09-04 11:27:10] Started batch pid=3593274
[2026-09-04 11:32:13] PROGRESS done=0/1862 converted=0 workers=3/0 active current='idle' user_mem=6.04GiB(4.8%) job_mem=0.01GiB sys_used=47.3% mem_avail=66.0GiB zombies=0 batch_running=no
[2026-09-04 11:32:14] STARTING batch from checkpoint
[2026-09-04 11:32:14] Started batch pid=3606252
[2026-09-04 11:37:17] PROGRESS done=0/1862 converted=0 workers=3/0 active current='idle' user_mem=6.32GiB(5.1%) job_mem=0.01GiB sys_used=8.6% mem_avail=114.4GiB zombies=0 batch_running=no
[2026-09-04 11:37:18] STARTING batch from checkpoint
[2026-09-04 11:37:18] Started batch pid=3616742
[2026-09-04 11:42:21] PROGRESS done=0/1862 converted=0 workers=3/0 active current='idle' user_mem=6.36GiB(5.1%) job_mem=0.01GiB sys_used=8.2% mem_avail=114.9GiB zombies=0 batch_running=no
[2026-09-04 11:42:22] STARTING batch from checkpoint
[2026-09-04 11:42:22] Started batch pid=3626120
[2026-09-04 11:47:25] PROGRESS done=0/1862 converted=0 workers=3/0 active current='idle' user_mem=6.38GiB(5.1%) job_mem=0.01GiB sys_used=7.9% mem_avail=115.2GiB zombies=0 batch_running=no
[2026-09-04 11:47:26] STARTING batch from checkpoint
[2026-09-04 11:47:26] Started batch pid=3634523
[2026-09-04 11:52:29] PROGRESS done=0/1862 converted=0 workers=3/0 active current='idle' user_mem=6.39GiB(5.1%) job_mem=0.01GiB sys_used=7.9% mem_avail=115.2GiB zombies=0 batch_running=no
[2026-09-04 11:52:30] STARTING batch from checkpoint
[2026-09-04 11:52:30] Started batch pid=3642957
[2026-09-04 11:57:33] PROGRESS done=0/1862 converted=0 workers=3/0 active current='idle' user_mem=6.40GiB(5.1%) job_mem=0.01GiB sys_used=7.8% mem_avail=115.4GiB zombies=0 batch_running=no
[2026-09-04 11:57:34] STARTING batch from checkpoint
[2026-09-04 11:57:34] Started batch pid=3650045
[2026-09-04 12:02:37] PROGRESS done=0/1862 converted=0 workers=3/0 active current='idle' user_mem=6.43GiB(5.1%) job_mem=0.01GiB sys_used=7.9% mem_avail=115.2GiB zombies=0 batch_running=no
[2026-09-04 12:02:38] STARTING batch from checkpoint
[2026-09-04 12:02:38] Started batch pid=3658461
[2026-09-04 12:07:41] PROGRESS done=0/1862 converted=0 workers=3/0 active current='idle' user_mem=6.48GiB(5.2%) job_mem=0.01GiB sys_used=8.0% mem_avail=115.2GiB zombies=0 batch_running=no
[2026-09-04 12:07:43] STARTING batch from checkpoint
[2026-09-04 12:07:43] Started batch pid=3667733
[2026-09-04 12:12:46] PROGRESS done=0/1862 converted=0 workers=3/0 active current='idle' user_mem=6.56GiB(5.2%) job_mem=0.01GiB sys_used=8.1% mem_avail=115.0GiB zombies=0 batch_running=no
[2026-09-04 12:12:47] STARTING batch from checkpoint
[2026-09-04 12:12:47] Started batch pid=3676589
[2026-09-04 12:17:50] PROGRESS done=0/1862 converted=0 workers=3/0 active current='idle' user_mem=6.48GiB(5.2%) job_mem=0.01GiB sys_used=7.9% mem_avail=115.3GiB zombies=0 batch_running=no
[2026-09-04 12:17:52] STARTING batch from checkpoint
[2026-09-04 12:17:52] Started batch pid=3684851
[2026-09-04 12:22:54] PROGRESS done=0/1862 converted=0 workers=3/0 active current='idle' user_mem=6.59GiB(5.3%) job_mem=0.01GiB sys_used=8.2% mem_avail=114.9GiB zombies=0 batch_running=no
[2026-09-04 12:22:56] STARTING batch from checkpoint
[2026-09-04 12:22:56] Started batch pid=3694532
[2026-09-04 12:27:58] PROGRESS done=0/1862 converted=0 workers=3/0 active current='idle' user_mem=6.41GiB(5.1%) job_mem=0.01GiB sys_used=9.4% mem_avail=113.3GiB zombies=0 batch_running=no
[2026-09-04 12:28:00] STARTING batch from checkpoint
[2026-09-04 12:28:00] Started batch pid=3706090
[2026-09-04 12:33:03] PROGRESS done=0/1862 converted=0 workers=3/0 active current='idle' user_mem=10.01GiB(8.0%) job_mem=0.01GiB sys_used=13.3% mem_avail=108.5GiB zombies=0 batch_running=no
[2026-09-04 12:33:04] STARTING batch from checkpoint
[2026-09-04 12:33:04] Started batch pid=3716224
[2026-09-04 12:38:07] PROGRESS done=0/1862 converted=0 workers=3/0 active current='idle' user_mem=10.02GiB(8.0%) job_mem=0.01GiB sys_used=12.5% mem_avail=109.5GiB zombies=0 batch_running=no
[2026-09-04 12:38:08] STARTING batch from checkpoint
[2026-09-04 12:38:08] Started batch pid=3725031
[2026-09-04 12:43:11] PROGRESS done=0/1862 converted=0 workers=3/0 active current='idle' user_mem=10.28GiB(8.2%) job_mem=0.01GiB sys_used=12.6% mem_avail=109.4GiB zombies=0 batch_running=no
[2026-09-04 12:43:12] STARTING batch from checkpoint
[2026-09-04 12:43:12] Started batch pid=3734586
[2026-09-04 12:48:15] PROGRESS done=0/1862 converted=0 workers=3/0 active current='idle' user_mem=11.99GiB(9.7%) job_mem=0.01GiB sys_used=15.2% mem_avail=106.1GiB zombies=0 batch_running=no
[2026-09-04 12:48:16] STARTING batch from checkpoint
[2026-09-04 12:48:16] Started batch pid=3744854
[2026-09-04 12:53:19] PROGRESS done=0/1862 converted=0 workers=3/0 active current='idle' user_mem=12.03GiB(9.6%) job_mem=0.01GiB sys_used=14.3% mem_avail=107.3GiB zombies=0 batch_running=no
[2026-09-04 12:53:20] STARTING batch from checkpoint
[2026-09-04 12:53:20] Started batch pid=3753286
[2026-09-04 12:58:23] PROGRESS done=0/1862 converted=0 workers=3/0 active current='idle' user_mem=12.36GiB(9.9%) job_mem=0.01GiB sys_used=14.7% mem_avail=106.7GiB zombies=0 batch_running=no
[2026-09-04 12:58:24] STARTING batch from checkpoint
[2026-09-04 12:58:24] Started batch pid=3760880
[2026-09-04 13:03:27] PROGRESS done=0/1862 converted=0 workers=3/0 active current='idle' user_mem=12.31GiB(9.8%) job_mem=0.01GiB sys_used=14.5% mem_avail=107.0GiB zombies=0 batch_running=no
[2026-09-04 13:03:28] STARTING batch from checkpoint
[2026-09-04 13:03:28] Started batch pid=3772910
[2026-09-04 13:08:31] PROGRESS done=0/1862 converted=0 workers=3/0 active current='idle' user_mem=12.77GiB(10.2%) job_mem=0.01GiB sys_used=17.1% mem_avail=103.7GiB zombies=0 batch_running=no
[2026-09-04 13:08:33] STARTING batch from checkpoint
[2026-09-04 13:08:33] Started batch pid=3848962
[2026-09-04 13:13:35] PROGRESS done=0/1862 converted=0 workers=3/0 active current='idle' user_mem=15.22GiB(12.2%) job_mem=0.01GiB sys_used=16.7% mem_avail=104.3GiB zombies=0 batch_running=no
[2026-09-04 13:13:37] STARTING batch from checkpoint
[2026-09-04 13:13:37] Started batch pid=3927235
[2026-09-04 13:18:40] PROGRESS done=0/1862 converted=0 workers=3/0 active current='idle' user_mem=14.98GiB(12.0%) job_mem=0.01GiB sys_used=16.4% mem_avail=104.6GiB zombies=0 batch_running=no
[2026-09-04 13:18:41] STARTING batch from checkpoint
[2026-09-04 13:18:41] Started batch pid=3937560
[2026-09-04 13:23:44] PROGRESS done=0/1862 converted=0 workers=3/0 active current='idle' user_mem=15.01GiB(12.0%) job_mem=0.01GiB sys_used=16.6% mem_avail=104.4GiB zombies=0 batch_running=no
[2026-09-04 13:23:45] STARTING batch from checkpoint
[2026-09-04 13:23:45] Started batch pid=3948069
[2026-09-04 13:28:48] PROGRESS done=0/1862 converted=0 workers=3/0 active current='idle' user_mem=16.62GiB(13.3%) job_mem=0.01GiB sys_used=18.4% mem_avail=102.1GiB zombies=0 batch_running=no
[2026-09-04 13:28:50] STARTING batch from checkpoint
[2026-09-04 13:28:50] Started batch pid=4092095
